Archive member included because of file (symbol)

c:/program files (x86)/gnu tools arm embedded/4.6 2012q4/bin/../lib/gcc/arm-none-eabi/4.6.2/armv7e-m\libgcc.a(_arm_addsubdf3.o)
                              ../Libraries/STM32F4-Discovery/src/stm32f4_discovery_lcd.o (__aeabi_ui2d)
c:/program files (x86)/gnu tools arm embedded/4.6 2012q4/bin/../lib/gcc/arm-none-eabi/4.6.2/armv7e-m\libgcc.a(_arm_cmpdf2.o)
                              ../Libraries/STM32F4-Discovery/src/stm32f4_discovery_lcd.o (__aeabi_dcmplt)

Allocating common symbols
Common symbol       size              file

currentButton       0x4               main.o
TimingDelay         0x4               main.o
ITM_RxBuffer        0x4               main.o
currentFilter       0x2               main.o
frame               0x10000           main.o
TS_State            0xa               main.o
RCC_Clocks          0x10              main.o

Memory Configuration

Name             Origin             Length             Attributes
FLASH            0x08000000         0x00100000         xr
SRAM             0x20000000         0x00020000         xrw
CCMRAM           0x10000000         0x00010000         xrw
*default*        0x00000000         0xffffffff

Linker script and memory map

LOAD main.o
LOAD startup.o
LOAD BaseImage.o
LOAD ../Libraries/CMSIS/ST/STM32F4xx/Source/Templates/system_stm32f4xx.o
LOAD ../Libraries/STM32F4xx_StdPeriph_Driver/src/misc.o
LOAD ../Libraries/STM32F4xx_StdPeriph_Driver/src/stm32f4xx_rcc.o
LOAD ../Libraries/STM32F4xx_StdPeriph_Driver/src/stm32f4xx_gpio.o
LOAD ../Libraries/STM32F4xx_StdPeriph_Driver/src/stm32f4xx_fsmc.o
LOAD ../Libraries/STM32F4xx_StdPeriph_Driver/src/stm32f4xx_i2c.o
LOAD ../Libraries/STM32F4xx_StdPeriph_Driver/src/stm32f4xx_dma.o
LOAD ../Libraries/STM32F4xx_StdPeriph_Driver/src/stm32f4xx_dcmi.o
LOAD ../Libraries/STM32F4xx_StdPeriph_Driver/src/stm32f4xx_iwdg.o
LOAD ../Libraries/STM32F4xx_StdPeriph_Driver/src/stm32f4xx_spi.o
LOAD ../Libraries/STM32F4-Discovery/src/dcmi_ov9655.o
LOAD ../Libraries/STM32F4-Discovery/src/stm32f4_discovery_lis302dl.o
LOAD ../Libraries/STM32F4-Discovery/src/stm32f4_discovery_lcd.o
LOAD ../Libraries/STM32F4-Discovery/src/fonts.o
START GROUP
LOAD c:/program files (x86)/gnu tools arm embedded/4.6 2012q4/bin/../lib/gcc/arm-none-eabi/4.6.2/armv7e-m\libgcc.a
LOAD c:/program files (x86)/gnu tools arm embedded/4.6 2012q4/bin/../lib/gcc/arm-none-eabi/4.6.2/../../../../arm-none-eabi/lib/armv7e-m\libg.a
LOAD c:/program files (x86)/gnu tools arm embedded/4.6 2012q4/bin/../lib/gcc/arm-none-eabi/4.6.2/../../../../arm-none-eabi/lib/armv7e-m\libc.a
END GROUP

.text           0x08000000    0x30000
 *(.isr_vector)
 .isr_vector    0x08000000      0x188 startup.o
                0x08000000                g_pfnVectors
 *(.text*)
 .text          0x08000188      0xd64 main.o
                0x08000188                I2C1_Config
                0x0800024c                DCMI_Config
                0x0800041c                DCMI_OV9655Config
                0x08000478                LIS302DL_Reset
                0x080004e4                DMA2_Stream1_Handler
                0x08000650                Touch_I2C_SingleRandomWrite
                0x0800072c                Touch_I2C_SingleRandomRead
                0x08000880                IOE_TS_GetState
                0x08000998                IOE_TS_Config
                0x08000ad8                main
 .text          0x08000eec      0x11c startup.o
                0x08000f34                ResetISR
                0x08000fa0                Delay
                0x08000fb4                ResetTickCountRed
                0x08000fc4                ResetTickCountGreen
                0x08000fd4                ResetTickCountBlue
                0x08000fe4                GetTickCountRed
                0x08000ff0                GetTickCountGreen
                0x08000ffc                GetTickCountBlue
 .text          0x08001008        0x0 BaseImage.o
 .text          0x08001008      0x248 ../Libraries/CMSIS/ST/STM32F4xx/Source/Templates/system_stm32f4xx.o
                0x08001008                SystemInit
                0x08001174                SystemCoreClockUpdate
 .text          0x08001250       0xf4 ../Libraries/STM32F4xx_StdPeriph_Driver/src/misc.o
                0x08001250                NVIC_PriorityGroupConfig
                0x08001264                NVIC_Init
                0x080012ec                NVIC_SetVectorTable
                0x08001304                NVIC_SystemLPConfig
                0x08001328                SysTick_CLKSourceConfig
 .text          0x08001344      0x5c8 ../Libraries/STM32F4xx_StdPeriph_Driver/src/stm32f4xx_rcc.o
                0x08001344                RCC_DeInit
                0x0800137c                RCC_HSEConfig
                0x08001390                RCC_AdjustHSICalibrationValue
                0x080013a8                RCC_HSICmd
                0x080013b4                RCC_LSEConfig
                0x080013f0                RCC_LSICmd
                0x080013fc                RCC_PLLConfig
                0x08001420                RCC_PLLCmd
                0x0800142c                RCC_PLLI2SConfig
                0x08001444                RCC_PLLI2SCmd
                0x08001450                RCC_ClockSecuritySystemCmd
                0x0800145c                RCC_MCO1Config
                0x08001474                RCC_MCO2Config
                0x0800148c                RCC_SYSCLKConfig
                0x080014a0                RCC_GetSYSCLKSource
                0x080014b0                RCC_HCLKConfig
                0x080014c4                RCC_PCLK1Config
                0x080014d8                RCC_PCLK2Config
                0x080014f0                RCC_GetClocksFreq
                0x080015c8                RCC_RTCCLKConfig
                0x08001604                RCC_RTCCLKCmd
                0x08001610                RCC_BackupResetCmd
                0x0800161c                RCC_I2SCLKConfig
                0x08001628                RCC_AHB1PeriphClockCmd
                0x0800164c                RCC_AHB2PeriphClockCmd
                0x08001670                RCC_AHB3PeriphClockCmd
                0x08001694                RCC_APB1PeriphClockCmd
                0x080016b8                RCC_APB2PeriphClockCmd
                0x080016dc                RCC_AHB1PeriphResetCmd
                0x08001700                RCC_AHB2PeriphResetCmd
                0x08001724                RCC_AHB3PeriphResetCmd
                0x08001748                RCC_APB1PeriphResetCmd
                0x0800176c                RCC_APB2PeriphResetCmd
                0x08001790                RCC_AHB1PeriphClockLPModeCmd
                0x080017b4                RCC_AHB2PeriphClockLPModeCmd
                0x080017d8                RCC_AHB3PeriphClockLPModeCmd
                0x080017fc                RCC_APB1PeriphClockLPModeCmd
                0x08001820                RCC_APB2PeriphClockLPModeCmd
                0x08001844                RCC_ITConfig
                0x08001868                RCC_GetFlagStatus
                0x0800189c                RCC_WaitForHSEStartUp
                0x080018d8                RCC_ClearFlag
                0x080018ec                RCC_GetITStatus
                0x08001900                RCC_ClearITPendingBit
 .text          0x0800190c      0x2cc ../Libraries/STM32F4xx_StdPeriph_Driver/src/stm32f4xx_gpio.o
                0x0800190c                GPIO_DeInit
                0x08001a64                GPIO_Init
                0x08001b20                GPIO_StructInit
                0x08001b34                GPIO_PinLockConfig
                0x08001b58                GPIO_ReadInputDataBit
                0x08001b64                GPIO_ReadInputData
                0x08001b6c                GPIO_ReadOutputDataBit
                0x08001b78                GPIO_ReadOutputData
                0x08001b80                GPIO_SetBits
                0x08001b84                GPIO_ResetBits
                0x08001b88                GPIO_WriteBit
                0x08001b94                GPIO_Write
                0x08001b98                GPIO_ToggleBits
                0x08001ba0                GPIO_PinAFConfig
 .text          0x08001bd8      0x510 ../Libraries/STM32F4xx_StdPeriph_Driver/src/stm32f4xx_fsmc.o
                0x08001bd8                FSMC_NORSRAMDeInit
                0x08001c10                FSMC_NORSRAMInit
                0x08001ce4                FSMC_NORSRAMStructInit
                0x08001d54                FSMC_NORSRAMCmd
                0x08001d80                FSMC_NANDDeInit
                0x08001da4                FSMC_NANDInit
                0x08001e0c                FSMC_NANDStructInit
                0x08001e48                FSMC_NANDCmd
                0x08001e7c                FSMC_NANDECCCmd
                0x08001eb0                FSMC_GetECC
                0x08001ecc                FSMC_PCCARDDeInit
                0x08001eec                FSMC_PCCARDInit
                0x08001f5c                FSMC_PCCARDStructInit
                0x08001f9c                FSMC_PCCARDCmd
                0x08001fc8                FSMC_ITConfig
                0x08002024                FSMC_GetFlagStatus
                0x08002050                FSMC_ClearFlag
                0x08002080                FSMC_GetITStatus
                0x080020b8                FSMC_ClearITPendingBit
 .text          0x080020e8      0x4dc ../Libraries/STM32F4xx_StdPeriph_Driver/src/stm32f4xx_i2c.o
                0x080020e8                I2C_DeInit
                0x0800215c                I2C_Init
                0x0800225c                I2C_StructInit
                0x0800227c                I2C_Cmd
                0x0800229c                I2C_GenerateSTART
                0x080022bc                I2C_GenerateSTOP
                0x080022dc                I2C_Send7bitAddress
                0x080022ec                I2C_AcknowledgeConfig
                0x0800230c                I2C_OwnAddress2Config
                0x08002324                I2C_DualAddressCmd
                0x08002344                I2C_GeneralCallCmd
                0x08002364                I2C_SoftwareResetCmd
                0x08002384                I2C_StretchClockCmd
                0x080023a4                I2C_FastModeDutyCycleConfig
                0x080023c8                I2C_NACKPositionConfig
                0x080023ec                I2C_SMBusAlertConfig
                0x08002410                I2C_ARPCmd
                0x08002430                I2C_SendData
                0x08002434                I2C_ReceiveData
                0x0800243c                I2C_TransmitPEC
                0x0800245c                I2C_PECPositionConfig
                0x08002480                I2C_CalculatePEC
                0x080024a0                I2C_GetPEC
                0x080024a8                I2C_DMACmd
                0x080024c8                I2C_DMALastTransferCmd
                0x080024e8                I2C_ReadRegister
                0x08002504                I2C_ITConfig
                0x0800251c                I2C_CheckEvent
                0x08002538                I2C_GetLastEvent
                0x08002548                I2C_GetFlagStatus
                0x08002588                I2C_ClearFlag
                0x08002594                I2C_GetITStatus
                0x080025b8                I2C_ClearITPendingBit
 .text          0x080025c4      0x478 ../Libraries/STM32F4xx_StdPeriph_Driver/src/stm32f4xx_dma.o
                0x080025c4                DMA_DeInit
                0x080027b8                DMA_Init
                0x08002810                DMA_StructInit
                0x08002834                DMA_Cmd
                0x0800284c                DMA_PeriphIncOffsetSizeConfig
                0x08002864                DMA_FlowControllerConfig
                0x0800287c                DMA_SetCurrDataCounter
                0x08002880                DMA_GetCurrDataCounter
                0x08002888                DMA_DoubleBufferModeConfig
                0x080028a0                DMA_DoubleBufferModeCmd
                0x080028b8                DMA_MemoryTargetConfig
                0x080028c4                DMA_GetCurrentMemoryTarget
                0x080028cc                DMA_GetCmdStatus
                0x080028d4                DMA_GetFIFOStatus
                0x080028dc                DMA_GetFlagStatus
                0x08002920                DMA_ClearFlag
                0x0800295c                DMA_ITConfig
                0x08002998                DMA_GetITStatus
                0x08002a00                DMA_ClearITPendingBit
 .text          0x08002a3c      0x1ec ../Libraries/STM32F4xx_StdPeriph_Driver/src/stm32f4xx_dcmi.o
                0x08002a3c                DCMI_DeInit
                0x08002a5c                DCMI_Init
                0x08002aa0                DCMI_StructInit
                0x08002ab4                DCMI_CROPConfig
                0x08002ad4                DCMI_CROPCmd
                0x08002afc                DCMI_SetEmbeddedSynchroCodes
                0x08002b20                DCMI_JPEGCmd
                0x08002b48                DCMI_Cmd
                0x08002b70                DCMI_CaptureCmd
                0x08002b98                DCMI_ReadData
                0x08002ba4                DCMI_ITConfig
                0x08002bcc                DCMI_GetFlagStatus
                0x08002bfc                DCMI_ClearFlag
                0x08002c08                DCMI_GetITStatus
                0x08002c1c                DCMI_ClearITPendingBit
 .text          0x08002c28       0x58 ../Libraries/STM32F4xx_StdPeriph_Driver/src/stm32f4xx_iwdg.o
                0x08002c28                IWDG_WriteAccessCmd
                0x08002c34                IWDG_SetPrescaler
                0x08002c40                IWDG_SetReload
                0x08002c4c                IWDG_ReloadCounter
                0x08002c5c                IWDG_Enable
                0x08002c6c                IWDG_GetFlagStatus
 .text          0x08002c80      0x424 ../Libraries/STM32F4xx_StdPeriph_Driver/src/stm32f4xx_spi.o
                0x08002c80                SPI_I2S_DeInit
                0x08002cf4                SPI_Init
                0x08002d38                I2S_Init
                0x08002e40                SPI_StructInit
                0x08002e5c                I2S_StructInit
                0x08002e74                SPI_Cmd
                0x08002e94                I2S_Cmd
                0x08002eb4                SPI_DataSizeConfig
                0x08002ed0                SPI_BiDirectionalLineConfig
                0x08002ef4                SPI_NSSInternalSoftwareConfig
                0x08002f1c                SPI_SSOutputCmd
                0x08002f3c                SPI_TIModeCmd
                0x08002f5c                I2S_FullDuplexConfig
                0x08002fb0                SPI_I2S_ReceiveData
                0x08002fb8                SPI_I2S_SendData
                0x08002fbc                SPI_CalculateCRC
                0x08002fdc                SPI_TransmitCRC
                0x08002fe8                SPI_GetCRC
                0x08002ff8                SPI_GetCRCPolynomial
                0x08003000                SPI_I2S_DMACmd
                0x08003018                SPI_I2S_ITConfig
                0x08003040                SPI_I2S_GetFlagStatus
                0x0800304c                SPI_I2S_ClearFlag
                0x08003058                SPI_I2S_GetITStatus
                0x0800308c                SPI_I2S_ClearITPendingBit
 .text          0x080030a4     0x1fd8 ../Libraries/STM32F4-Discovery/src/dcmi_ov9655.o
                0x080030a4                DCMI_Control_IO_Init
                0x08003124                DCMI_SingleRandomWrite
                0x08003240                DCMI_OV9655_SelectRGBOption
                0x08003254                DCMI_OV9655_HREFControl
                0x08003268                DCMI_OV9655_SetRegister
                0x0800327c                DCMI_OV9655_SelectFormatResolution
                0x08003290                DCMI_OV9655_SelectOutputFormat
                0x080032a4                DCMI_OV9655_SetPrescaler
                0x080032b8                DCMI_OV9655_QQVGASizeSetup
                0x080040a0                DCMI_OV9655_QVGASizeSetup
                0x08004e80                DCMI_OV9655_Reset
                0x08004e94                DCMI_SingleRandomRead
                0x0800503c                DCMI_OV9655_ReadID
 .text          0x0800507c      0x4b4 ../Libraries/STM32F4-Discovery/src/stm32f4_discovery_lis302dl.o
                0x0800507c                LIS302DL_TIMEOUT_UserCallback
                0x08005110                LIS302DL_Read
                0x0800516c                LIS302DL_ReadACC
                0x080051f8                LIS302DL_Write
                0x0800524c                LIS302DL_RebootCmd
                0x08005280                LIS302DL_FullScaleCmd
                0x080052b8                LIS302DL_DataRateCmd
                0x080052f0                LIS302DL_LowpowerCmd
                0x08005328                LIS302DL_InterruptConfig
                0x08005368                LIS302DL_FilterConfig
                0x080053b0                LIS302DL_Init
 .text          0x08005530     0x125c ../Libraries/STM32F4-Discovery/src/stm32f4_discovery_lcd.o
                0x08005530                LCD_DeInit
                0x080057c0                LCD_CtrlLinesConfig
                0x08005974                LCD_FSMCConfig
                0x080059d8                LCD_WriteReg
                0x080059ec                LCD_SetCursor
                0x08005a08                LCD_ReadReg
                0x08005a1c                LCD_WriteRAM_Prepare
                0x08005a28                LCD_WriteRAM
                0x08005a34                LCD_ReadRAM
                0x08005a44                LCD_RGB_Test
                0x08005a98                LCD_SetColors
                0x08005ac8                LCD_GetColors
                0x08005ae8                LCD_SetTextColor
                0x08005b04                LCD_SetBackColor
                0x08005b20                LCD_DisplayOff
                0x08005b24                LCD_DisplayOn
                0x08005b28                LCD_SetFont
                0x08005b34                LCD_GetFont
                0x08005b40                LCD_Clear
                0x08005b68                LCD_DrawChar
                0x08005c2c                LCD_DisplayChar
                0x08005c74                LCD_ClearLine
                0x08005ca8                LCD_DisplayStringLine
                0x08005ce4                LCD_SetDisplayWindow
                0x08005d3c                LCD_WindowModeDisable
                0x08005d40                LCD_DrawLine
                0x08005de4                LCD_DrawRect
                0x08005e2c                LCD_DrawCircle
                0x08005f68                LCD_DrawMonoPict
                0x08005fcc                LCD_WriteBMP
                0x08005fd0                LCD_DrawFullRect
                0x0800608c                LCD_DrawFullCircle
                0x08006170                LCD_DrawUniLine
                0x080062b8                LCD_PolyLine
                0x080062f0                LCD_ClosedPolyLine
                0x08006314                LCD_PolyLineRelative
                0x08006320                LCD_ClosedPolyLineRelative
                0x0800632c                LCD_FillPolyLine
                0x08006598                delay
                0x080065c4                STM32f4_Discovery_LCD_Init
 .text          0x0800678c        0x0 ../Libraries/STM32F4-Discovery/src/fonts.o
 .text          0x0800678c      0x370 c:/program files (x86)/gnu tools arm embedded/4.6 2012q4/bin/../lib/gcc/arm-none-eabi/4.6.2/armv7e-m\libgcc.a(_arm_addsubdf3.o)
                0x0800678c                __aeabi_drsub
                0x08006794                __aeabi_dsub
                0x08006794                __subdf3
                0x08006798                __aeabi_dadd
                0x08006798                __adddf3
                0x08006a10                __floatunsidf
                0x08006a10                __aeabi_ui2d
                0x08006a30                __floatsidf
                0x08006a30                __aeabi_i2d
                0x08006a54                __aeabi_f2d
                0x08006a54                __extendsfdf2
                0x08006a90                __floatundidf
                0x08006a90                __aeabi_ul2d
                0x08006aa0                __floatdidf
                0x08006aa0                __aeabi_l2d
 .text          0x08006afc      0x110 c:/program files (x86)/gnu tools arm embedded/4.6 2012q4/bin/../lib/gcc/arm-none-eabi/4.6.2/armv7e-m\libgcc.a(_arm_cmpdf2.o)
                0x08006afc                __gtdf2
                0x08006afc                __gedf2
                0x08006b04                __ltdf2
                0x08006b04                __ledf2
                0x08006b0c                __nedf2
                0x08006b0c                __eqdf2
                0x08006b0c                __cmpdf2
                0x08006b88                __aeabi_cdrcmple
                0x08006b98                __aeabi_cdcmpeq
                0x08006b98                __aeabi_cdcmple
                0x08006ba8                __aeabi_dcmpeq
                0x08006bbc                __aeabi_dcmplt
                0x08006bd0                __aeabi_dcmple
                0x08006be4                __aeabi_dcmpge
                0x08006bf8                __aeabi_dcmpgt
 *(.rodata*)
 .rodata        0x08006c0c        0x4 main.o
                0x08006c0c                screen_WH
 .rodata.str1.4
                0x08006c10      0x1b0 main.o
 .rodata        0x08006dc0    0x25800 BaseImage.o
                0x08006dc0                gImage_BaseImage
 .rodata        0x0802c5c0     0x3a40 ../Libraries/STM32F4-Discovery/src/fonts.o
                0x0802c5c0                ASCII8x8_Table
                0x0802cfd0                ASCII8x12_Table
                0x0802d8d0                ASCII12x12_Table
                0x0802e1d0                ASCII16x24_Table
 *(.eh_frame)
                0x08030000                _etext = .

.glue_7         0x08030000        0x0
 .glue_7        0x00000000        0x0 linker stubs

.glue_7t        0x08030000        0x0
 .glue_7t       0x00000000        0x0 linker stubs

.vfp11_veneer   0x08030000        0x0
 .vfp11_veneer  0x00000000        0x0 linker stubs

.v4_bx          0x08030000        0x0
 .v4_bx         0x00000000        0x0 linker stubs

.ARM            0x08030000        0x0
                0x08030000                __exidx_start = .
 *(.ARM.exidx*)
                0x08030000                __exidx_end = .
                0x08030000                _sidata = .

.data           0x20000000       0x74 load address 0x08030000
                0x20000000                . = ALIGN (0x4)
                0x20000000                _sdata = .
 *(.data*)
 .data          0x20000000       0x28 main.o
                0x20000000                data_0
                0x20000004                filtersArray
                0x2000000c                redButton_coor
                0x20000014                greenButton_coor
                0x2000001c                blueButton_coor
                0x20000024                IOE_TimeOut
 .data          0x20000028        0x0 startup.o
 .data          0x20000028        0x0 BaseImage.o
 .data          0x20000028       0x14 ../Libraries/CMSIS/ST/STM32F4xx/Source/Templates/system_stm32f4xx.o
                0x20000028                SystemCoreClock
                0x2000002c                AHBPrescTable
 .data          0x2000003c        0x0 ../Libraries/STM32F4xx_StdPeriph_Driver/src/misc.o
 .data          0x2000003c       0x10 ../Libraries/STM32F4xx_StdPeriph_Driver/src/stm32f4xx_rcc.o
 .data          0x2000004c        0x0 ../Libraries/STM32F4xx_StdPeriph_Driver/src/stm32f4xx_gpio.o
 .data          0x2000004c        0x0 ../Libraries/STM32F4xx_StdPeriph_Driver/src/stm32f4xx_fsmc.o
 .data          0x2000004c        0x0 ../Libraries/STM32F4xx_StdPeriph_Driver/src/stm32f4xx_i2c.o
 .data          0x2000004c        0x0 ../Libraries/STM32F4xx_StdPeriph_Driver/src/stm32f4xx_dma.o
 .data          0x2000004c        0x0 ../Libraries/STM32F4xx_StdPeriph_Driver/src/stm32f4xx_dcmi.o
 .data          0x2000004c        0x0 ../Libraries/STM32F4xx_StdPeriph_Driver/src/stm32f4xx_iwdg.o
 .data          0x2000004c        0x0 ../Libraries/STM32F4xx_StdPeriph_Driver/src/stm32f4xx_spi.o
 .data          0x2000004c        0x0 ../Libraries/STM32F4-Discovery/src/dcmi_ov9655.o
 .data          0x2000004c        0x4 ../Libraries/STM32F4-Discovery/src/stm32f4_discovery_lis302dl.o
                0x2000004c                LIS302DLTimeout
 .data          0x20000050        0x2 ../Libraries/STM32F4-Discovery/src/stm32f4_discovery_lcd.o
 *fill*         0x20000052        0x2 00
 .data          0x20000054       0x20 ../Libraries/STM32F4-Discovery/src/fonts.o
                0x20000054                Font8x8
                0x2000005c                Font8x12
                0x20000064                Font12x12
                0x2000006c                Font16x24
 .data          0x20000074        0x0 c:/program files (x86)/gnu tools arm embedded/4.6 2012q4/bin/../lib/gcc/arm-none-eabi/4.6.2/armv7e-m\libgcc.a(_arm_addsubdf3.o)
 .data          0x20000074        0x0 c:/program files (x86)/gnu tools arm embedded/4.6 2012q4/bin/../lib/gcc/arm-none-eabi/4.6.2/armv7e-m\libgcc.a(_arm_cmpdf2.o)
                0x20000074                _edata = .

.bss            0x20000074    0x10230 load address 0x08030074
                0x20000074                . = ALIGN (0x4)
                0x20000074                _sbss = .
 *(COMMON)
 COMMON         0x20000074    0x1002c main.o
                0x20000074                currentButton
                0x20000078                TimingDelay
                0x2000007c                ITM_RxBuffer
                0x20000080                currentFilter
                0x20000084                frame
                0x20010084                TS_State
                0x20010090                RCC_Clocks
 *(.bss*)
 .bss           0x200100a0       0x10 main.o
                0x200100a0                frame_index
                0x200100a4                screen_index
 .bss           0x200100b0      0x1ec startup.o
                0x200100b0                tickRed
                0x200100b4                tickGreen
                0x200100b8                tickBlue
 .bss           0x2001029c        0x0 BaseImage.o
 .bss           0x2001029c        0x0 ../Libraries/CMSIS/ST/STM32F4xx/Source/Templates/system_stm32f4xx.o
 .bss           0x2001029c        0x0 ../Libraries/STM32F4xx_StdPeriph_Driver/src/misc.o
 .bss           0x2001029c        0x0 ../Libraries/STM32F4xx_StdPeriph_Driver/src/stm32f4xx_rcc.o
 .bss           0x2001029c        0x0 ../Libraries/STM32F4xx_StdPeriph_Driver/src/stm32f4xx_gpio.o
 .bss           0x2001029c        0x0 ../Libraries/STM32F4xx_StdPeriph_Driver/src/stm32f4xx_fsmc.o
 .bss           0x2001029c        0x0 ../Libraries/STM32F4xx_StdPeriph_Driver/src/stm32f4xx_i2c.o
 .bss           0x2001029c        0x0 ../Libraries/STM32F4xx_StdPeriph_Driver/src/stm32f4xx_dma.o
 .bss           0x2001029c        0x0 ../Libraries/STM32F4xx_StdPeriph_Driver/src/stm32f4xx_dcmi.o
 .bss           0x2001029c        0x0 ../Libraries/STM32F4xx_StdPeriph_Driver/src/stm32f4xx_iwdg.o
 .bss           0x2001029c        0x0 ../Libraries/STM32F4xx_StdPeriph_Driver/src/stm32f4xx_spi.o
 .bss           0x2001029c        0x0 ../Libraries/STM32F4-Discovery/src/dcmi_ov9655.o
 .bss           0x2001029c        0x0 ../Libraries/STM32F4-Discovery/src/stm32f4_discovery_lis302dl.o
 .bss           0x2001029c        0x8 ../Libraries/STM32F4-Discovery/src/stm32f4_discovery_lcd.o
 .bss           0x200102a4        0x0 ../Libraries/STM32F4-Discovery/src/fonts.o
 .bss           0x200102a4        0x0 c:/program files (x86)/gnu tools arm embedded/4.6 2012q4/bin/../lib/gcc/arm-none-eabi/4.6.2/armv7e-m\libgcc.a(_arm_addsubdf3.o)
 .bss           0x200102a4        0x0 c:/program files (x86)/gnu tools arm embedded/4.6 2012q4/bin/../lib/gcc/arm-none-eabi/4.6.2/armv7e-m\libgcc.a(_arm_cmpdf2.o)
                0x200102a4                _ebss = .

.ccmem
 *(.ccm)
OUTPUT(MMVP_LW3_CAMERA_LCD_GUI_1.elf elf32-littlearm)

.debug_info     0x00000000     0x88e1
 .debug_info    0x00000000     0x1453 main.o
 .debug_info    0x00001453      0x324 startup.o
 .debug_info    0x00001777       0x5e BaseImage.o
 .debug_info    0x000017d5      0x64f ../Libraries/CMSIS/ST/STM32F4xx/Source/Templates/system_stm32f4xx.o
 .debug_info    0x00001e24      0x5a4 ../Libraries/STM32F4xx_StdPeriph_Driver/src/misc.o
 .debug_info    0x000023c8      0xd1b ../Libraries/STM32F4xx_StdPeriph_Driver/src/stm32f4xx_rcc.o
 .debug_info    0x000030e3      0x638 ../Libraries/STM32F4xx_StdPeriph_Driver/src/stm32f4xx_gpio.o
 .debug_info    0x0000371b      0x9ad ../Libraries/STM32F4xx_StdPeriph_Driver/src/stm32f4xx_fsmc.o
 .debug_info    0x000040c8      0xb77 ../Libraries/STM32F4xx_StdPeriph_Driver/src/stm32f4xx_i2c.o
 .debug_info    0x00004c3f      0x79b ../Libraries/STM32F4xx_StdPeriph_Driver/src/stm32f4xx_dma.o
 .debug_info    0x000053da      0x59d ../Libraries/STM32F4xx_StdPeriph_Driver/src/stm32f4xx_dcmi.o
 .debug_info    0x00005977      0x212 ../Libraries/STM32F4xx_StdPeriph_Driver/src/stm32f4xx_iwdg.o
 .debug_info    0x00005b89      0xbc3 ../Libraries/STM32F4xx_StdPeriph_Driver/src/stm32f4xx_spi.o
 .debug_info    0x0000674c      0x678 ../Libraries/STM32F4-Discovery/src/dcmi_ov9655.o
 .debug_info    0x00006dc4      0x898 ../Libraries/STM32F4-Discovery/src/stm32f4_discovery_lis302dl.o
 .debug_info    0x0000765c     0x1098 ../Libraries/STM32F4-Discovery/src/stm32f4_discovery_lcd.o
 .debug_info    0x000086f4      0x1ed ../Libraries/STM32F4-Discovery/src/fonts.o

.debug_abbrev   0x00000000     0x1aac
 .debug_abbrev  0x00000000      0x2cc main.o
 .debug_abbrev  0x000002cc      0x150 startup.o
 .debug_abbrev  0x0000041c       0x49 BaseImage.o
 .debug_abbrev  0x00000465      0x16c ../Libraries/CMSIS/ST/STM32F4xx/Source/Templates/system_stm32f4xx.o
 .debug_abbrev  0x000005d1      0x14c ../Libraries/STM32F4xx_StdPeriph_Driver/src/misc.o
 .debug_abbrev  0x0000071d      0x1f6 ../Libraries/STM32F4xx_StdPeriph_Driver/src/stm32f4xx_rcc.o
 .debug_abbrev  0x00000913      0x1bf ../Libraries/STM32F4xx_StdPeriph_Driver/src/stm32f4xx_gpio.o
 .debug_abbrev  0x00000ad2      0x1b2 ../Libraries/STM32F4xx_StdPeriph_Driver/src/stm32f4xx_fsmc.o
 .debug_abbrev  0x00000c84      0x194 ../Libraries/STM32F4xx_StdPeriph_Driver/src/stm32f4xx_i2c.o
 .debug_abbrev  0x00000e18      0x19c ../Libraries/STM32F4xx_StdPeriph_Driver/src/stm32f4xx_dma.o
 .debug_abbrev  0x00000fb4      0x1af ../Libraries/STM32F4xx_StdPeriph_Driver/src/stm32f4xx_dcmi.o
 .debug_abbrev  0x00001163      0x109 ../Libraries/STM32F4xx_StdPeriph_Driver/src/stm32f4xx_iwdg.o
 .debug_abbrev  0x0000126c      0x1ac ../Libraries/STM32F4xx_StdPeriph_Driver/src/stm32f4xx_spi.o
 .debug_abbrev  0x00001418      0x18e ../Libraries/STM32F4-Discovery/src/dcmi_ov9655.o
 .debug_abbrev  0x000015a6      0x210 ../Libraries/STM32F4-Discovery/src/stm32f4_discovery_lis302dl.o
 .debug_abbrev  0x000017b6      0x23b ../Libraries/STM32F4-Discovery/src/stm32f4_discovery_lcd.o
 .debug_abbrev  0x000019f1       0xbb ../Libraries/STM32F4-Discovery/src/fonts.o

.debug_loc      0x00000000     0x414e
 .debug_loc     0x00000000      0x4b2 main.o
 .debug_loc     0x000004b2       0x3e startup.o
 .debug_loc     0x000004f0      0x19a ../Libraries/CMSIS/ST/STM32F4xx/Source/Templates/system_stm32f4xx.o
 .debug_loc     0x0000068a      0x130 ../Libraries/STM32F4xx_StdPeriph_Driver/src/misc.o
 .debug_loc     0x000007ba      0x779 ../Libraries/STM32F4xx_StdPeriph_Driver/src/stm32f4xx_rcc.o
 .debug_loc     0x00000f33      0x280 ../Libraries/STM32F4xx_StdPeriph_Driver/src/stm32f4xx_gpio.o
 .debug_loc     0x000011b3      0x3ab ../Libraries/STM32F4xx_StdPeriph_Driver/src/stm32f4xx_fsmc.o
 .debug_loc     0x0000155e      0x643 ../Libraries/STM32F4xx_StdPeriph_Driver/src/stm32f4xx_i2c.o
 .debug_loc     0x00001ba1      0x34c ../Libraries/STM32F4xx_StdPeriph_Driver/src/stm32f4xx_dma.o
 .debug_loc     0x00001eed      0x17c ../Libraries/STM32F4xx_StdPeriph_Driver/src/stm32f4xx_dcmi.o
 .debug_loc     0x00002069       0x3d ../Libraries/STM32F4xx_StdPeriph_Driver/src/stm32f4xx_iwdg.o
 .debug_loc     0x000020a6      0x579 ../Libraries/STM32F4xx_StdPeriph_Driver/src/stm32f4xx_spi.o
 .debug_loc     0x0000261f      0x375 ../Libraries/STM32F4-Discovery/src/dcmi_ov9655.o
 .debug_loc     0x00002994      0x52f ../Libraries/STM32F4-Discovery/src/stm32f4_discovery_lis302dl.o
 .debug_loc     0x00002ec3     0x128b ../Libraries/STM32F4-Discovery/src/stm32f4_discovery_lcd.o

.debug_aranges  0x00000000      0x1e0
 .debug_aranges
                0x00000000       0x20 main.o
 .debug_aranges
                0x00000020       0x20 startup.o
 .debug_aranges
                0x00000040       0x20 ../Libraries/CMSIS/ST/STM32F4xx/Source/Templates/system_stm32f4xx.o
 .debug_aranges
                0x00000060       0x20 ../Libraries/STM32F4xx_StdPeriph_Driver/src/misc.o
 .debug_aranges
                0x00000080       0x20 ../Libraries/STM32F4xx_StdPeriph_Driver/src/stm32f4xx_rcc.o
 .debug_aranges
                0x000000a0       0x20 ../Libraries/STM32F4xx_StdPeriph_Driver/src/stm32f4xx_gpio.o
 .debug_aranges
                0x000000c0       0x20 ../Libraries/STM32F4xx_StdPeriph_Driver/src/stm32f4xx_fsmc.o
 .debug_aranges
                0x000000e0       0x20 ../Libraries/STM32F4xx_StdPeriph_Driver/src/stm32f4xx_i2c.o
 .debug_aranges
                0x00000100       0x20 ../Libraries/STM32F4xx_StdPeriph_Driver/src/stm32f4xx_dma.o
 .debug_aranges
                0x00000120       0x20 ../Libraries/STM32F4xx_StdPeriph_Driver/src/stm32f4xx_dcmi.o
 .debug_aranges
                0x00000140       0x20 ../Libraries/STM32F4xx_StdPeriph_Driver/src/stm32f4xx_iwdg.o
 .debug_aranges
                0x00000160       0x20 ../Libraries/STM32F4xx_StdPeriph_Driver/src/stm32f4xx_spi.o
 .debug_aranges
                0x00000180       0x20 ../Libraries/STM32F4-Discovery/src/dcmi_ov9655.o
 .debug_aranges
                0x000001a0       0x20 ../Libraries/STM32F4-Discovery/src/stm32f4_discovery_lis302dl.o
 .debug_aranges
                0x000001c0       0x20 ../Libraries/STM32F4-Discovery/src/stm32f4_discovery_lcd.o

.debug_ranges   0x00000000       0x30
 .debug_ranges  0x00000000       0x30 main.o

.debug_line     0x00000000     0x29c0
 .debug_line    0x00000000      0x3f2 main.o
 .debug_line    0x000003f2      0x12e startup.o
 .debug_line    0x00000520       0x2c BaseImage.o
 .debug_line    0x0000054c      0x1b5 ../Libraries/CMSIS/ST/STM32F4xx/Source/Templates/system_stm32f4xx.o
 .debug_line    0x00000701      0x1a9 ../Libraries/STM32F4xx_StdPeriph_Driver/src/misc.o
 .debug_line    0x000008aa      0x2e2 ../Libraries/STM32F4xx_StdPeriph_Driver/src/stm32f4xx_rcc.o
 .debug_line    0x00000b8c      0x21c ../Libraries/STM32F4xx_StdPeriph_Driver/src/stm32f4xx_gpio.o
 .debug_line    0x00000da8      0x2d8 ../Libraries/STM32F4xx_StdPeriph_Driver/src/stm32f4xx_fsmc.o
 .debug_line    0x00001080      0x2bd ../Libraries/STM32F4xx_StdPeriph_Driver/src/stm32f4xx_i2c.o
 .debug_line    0x0000133d      0x272 ../Libraries/STM32F4xx_StdPeriph_Driver/src/stm32f4xx_dma.o
 .debug_line    0x000015af      0x20a ../Libraries/STM32F4xx_StdPeriph_Driver/src/stm32f4xx_dcmi.o
 .debug_line    0x000017b9      0x174 ../Libraries/STM32F4xx_StdPeriph_Driver/src/stm32f4xx_iwdg.o
 .debug_line    0x0000192d      0x29d ../Libraries/STM32F4xx_StdPeriph_Driver/src/stm32f4xx_spi.o
 .debug_line    0x00001bca      0x4da ../Libraries/STM32F4-Discovery/src/dcmi_ov9655.o
 .debug_line    0x000020a4      0x2b4 ../Libraries/STM32F4-Discovery/src/stm32f4_discovery_lis302dl.o
 .debug_line    0x00002358      0x565 ../Libraries/STM32F4-Discovery/src/stm32f4_discovery_lcd.o
 .debug_line    0x000028bd      0x103 ../Libraries/STM32F4-Discovery/src/fonts.o

.debug_str      0x00000000     0x354b
 .debug_str     0x00000000      0xf54 main.o
                                0xfb8 (size before relaxing)
 .debug_str     0x00000f54      0x114 startup.o
                                0x243 (size before relaxing)
 .debug_str     0x00001068        0xc BaseImage.o
                                 0xa8 (size before relaxing)
 .debug_str     0x00001074      0x18e ../Libraries/CMSIS/ST/STM32F4xx/Source/Templates/system_stm32f4xx.o
                                0x374 (size before relaxing)
 .debug_str     0x00001202      0x10f ../Libraries/STM32F4xx_StdPeriph_Driver/src/misc.o
                                0x398 (size before relaxing)
 .debug_str     0x00001311      0x50a ../Libraries/STM32F4xx_StdPeriph_Driver/src/stm32f4xx_rcc.o
                                0x80f (size before relaxing)
 .debug_str     0x0000181b      0x196 ../Libraries/STM32F4xx_StdPeriph_Driver/src/stm32f4xx_gpio.o
                                0x462 (size before relaxing)
 .debug_str     0x000019b1      0x5ce ../Libraries/STM32F4xx_StdPeriph_Driver/src/stm32f4xx_fsmc.o
                                0x753 (size before relaxing)
 .debug_str     0x00001f7f      0x333 ../Libraries/STM32F4xx_StdPeriph_Driver/src/stm32f4xx_i2c.o
                                0x624 (size before relaxing)
 .debug_str     0x000022b2      0x254 ../Libraries/STM32F4xx_StdPeriph_Driver/src/stm32f4xx_dma.o
                                0x50b (size before relaxing)
 .debug_str     0x00002506      0x254 ../Libraries/STM32F4xx_StdPeriph_Driver/src/stm32f4xx_dcmi.o
                                0x498 (size before relaxing)
 .debug_str     0x0000275a       0xdb ../Libraries/STM32F4xx_StdPeriph_Driver/src/stm32f4xx_iwdg.o
                                0x22b (size before relaxing)
 .debug_str     0x00002835      0x399 ../Libraries/STM32F4xx_StdPeriph_Driver/src/stm32f4xx_spi.o
                                0x649 (size before relaxing)
 .debug_str     0x00002bce      0x235 ../Libraries/STM32F4-Discovery/src/dcmi_ov9655.o
                                0x599 (size before relaxing)
 .debug_str     0x00002e03      0x270 ../Libraries/STM32F4-Discovery/src/stm32f4_discovery_lis302dl.o
                                0x72b (size before relaxing)
 .debug_str     0x00003073      0x451 ../Libraries/STM32F4-Discovery/src/stm32f4_discovery_lcd.o
                                0x978 (size before relaxing)
 .debug_str     0x000034c4       0x87 ../Libraries/STM32F4-Discovery/src/fonts.o
                                0x1ae (size before relaxing)

.comment        0x00000000       0x70
 .comment       0x00000000       0x70 main.o
                                 0x71 (size before relaxing)
 .comment       0x00000000       0x71 startup.o
 .comment       0x00000000       0x71 BaseImage.o
 .comment       0x00000000       0x71 ../Libraries/CMSIS/ST/STM32F4xx/Source/Templates/system_stm32f4xx.o
 .comment       0x00000000       0x71 ../Libraries/STM32F4xx_StdPeriph_Driver/src/misc.o
 .comment       0x00000000       0x71 ../Libraries/STM32F4xx_StdPeriph_Driver/src/stm32f4xx_rcc.o
 .comment       0x00000000       0x71 ../Libraries/STM32F4xx_StdPeriph_Driver/src/stm32f4xx_gpio.o
 .comment       0x00000000       0x71 ../Libraries/STM32F4xx_StdPeriph_Driver/src/stm32f4xx_fsmc.o
 .comment       0x00000000       0x71 ../Libraries/STM32F4xx_StdPeriph_Driver/src/stm32f4xx_i2c.o
 .comment       0x00000000       0x71 ../Libraries/STM32F4xx_StdPeriph_Driver/src/stm32f4xx_dma.o
 .comment       0x00000000       0x71 ../Libraries/STM32F4xx_StdPeriph_Driver/src/stm32f4xx_dcmi.o
 .comment       0x00000000       0x71 ../Libraries/STM32F4xx_StdPeriph_Driver/src/stm32f4xx_iwdg.o
 .comment       0x00000000       0x71 ../Libraries/STM32F4xx_StdPeriph_Driver/src/stm32f4xx_spi.o
 .comment       0x00000000       0x71 ../Libraries/STM32F4-Discovery/src/dcmi_ov9655.o
 .comment       0x00000000       0x71 ../Libraries/STM32F4-Discovery/src/stm32f4_discovery_lis302dl.o
 .comment       0x00000000       0x71 ../Libraries/STM32F4-Discovery/src/stm32f4_discovery_lcd.o
 .comment       0x00000000       0x71 ../Libraries/STM32F4-Discovery/src/fonts.o

.ARM.attributes
                0x00000000       0x39
 .ARM.attributes
                0x00000000       0x39 main.o
 .ARM.attributes
                0x00000039       0x39 startup.o
 .ARM.attributes
                0x00000072       0x39 BaseImage.o
 .ARM.attributes
                0x000000ab       0x39 ../Libraries/CMSIS/ST/STM32F4xx/Source/Templates/system_stm32f4xx.o
 .ARM.attributes
                0x000000e4       0x39 ../Libraries/STM32F4xx_StdPeriph_Driver/src/misc.o
 .ARM.attributes
                0x0000011d       0x39 ../Libraries/STM32F4xx_StdPeriph_Driver/src/stm32f4xx_rcc.o
 .ARM.attributes
                0x00000156       0x39 ../Libraries/STM32F4xx_StdPeriph_Driver/src/stm32f4xx_gpio.o
 .ARM.attributes
                0x0000018f       0x39 ../Libraries/STM32F4xx_StdPeriph_Driver/src/stm32f4xx_fsmc.o
 .ARM.attributes
                0x000001c8       0x39 ../Libraries/STM32F4xx_StdPeriph_Driver/src/stm32f4xx_i2c.o
 .ARM.attributes
                0x00000201       0x39 ../Libraries/STM32F4xx_StdPeriph_Driver/src/stm32f4xx_dma.o
 .ARM.attributes
                0x0000023a       0x39 ../Libraries/STM32F4xx_StdPeriph_Driver/src/stm32f4xx_dcmi.o
 .ARM.attributes
                0x00000273       0x39 ../Libraries/STM32F4xx_StdPeriph_Driver/src/stm32f4xx_iwdg.o
 .ARM.attributes
                0x000002ac       0x39 ../Libraries/STM32F4xx_StdPeriph_Driver/src/stm32f4xx_spi.o
 .ARM.attributes
                0x000002e5       0x39 ../Libraries/STM32F4-Discovery/src/dcmi_ov9655.o
 .ARM.attributes
                0x0000031e       0x39 ../Libraries/STM32F4-Discovery/src/stm32f4_discovery_lis302dl.o
 .ARM.attributes
                0x00000357       0x39 ../Libraries/STM32F4-Discovery/src/stm32f4_discovery_lcd.o
 .ARM.attributes
                0x00000390       0x39 ../Libraries/STM32F4-Discovery/src/fonts.o
 .ARM.attributes
                0x000003c9       0x1e c:/program files (x86)/gnu tools arm embedded/4.6 2012q4/bin/../lib/gcc/arm-none-eabi/4.6.2/armv7e-m\libgcc.a(_arm_addsubdf3.o)
 .ARM.attributes
                0x000003e7       0x1e c:/program files (x86)/gnu tools arm embedded/4.6 2012q4/bin/../lib/gcc/arm-none-eabi/4.6.2/armv7e-m\libgcc.a(_arm_cmpdf2.o)

.debug_frame    0x00000000     0x1614
 .debug_frame   0x00000000      0x154 main.o
 .debug_frame   0x00000154       0xc8 startup.o
 .debug_frame   0x0000021c       0x34 ../Libraries/CMSIS/ST/STM32F4xx/Source/Templates/system_stm32f4xx.o
 .debug_frame   0x00000250       0x68 ../Libraries/STM32F4xx_StdPeriph_Driver/src/misc.o
 .debug_frame   0x000002b8      0x2e4 ../Libraries/STM32F4xx_StdPeriph_Driver/src/stm32f4xx_rcc.o
 .debug_frame   0x0000059c      0x118 ../Libraries/STM32F4xx_StdPeriph_Driver/src/stm32f4xx_gpio.o
 .debug_frame   0x000006b4      0x160 ../Libraries/STM32F4xx_StdPeriph_Driver/src/stm32f4xx_fsmc.o
 .debug_frame   0x00000814      0x240 ../Libraries/STM32F4xx_StdPeriph_Driver/src/stm32f4xx_i2c.o
 .debug_frame   0x00000a54      0x168 ../Libraries/STM32F4xx_StdPeriph_Driver/src/stm32f4xx_dma.o
 .debug_frame   0x00000bbc      0x108 ../Libraries/STM32F4xx_StdPeriph_Driver/src/stm32f4xx_dcmi.o
 .debug_frame   0x00000cc4       0x70 ../Libraries/STM32F4xx_StdPeriph_Driver/src/stm32f4xx_iwdg.o
 .debug_frame   0x00000d34      0x1cc ../Libraries/STM32F4xx_StdPeriph_Driver/src/stm32f4xx_spi.o
 .debug_frame   0x00000f00      0x164 ../Libraries/STM32F4-Discovery/src/dcmi_ov9655.o
 .debug_frame   0x00001064      0x15c ../Libraries/STM32F4-Discovery/src/stm32f4_discovery_lis302dl.o
 .debug_frame   0x000011c0      0x454 ../Libraries/STM32F4-Discovery/src/stm32f4_discovery_lcd.o
