Archive member included because of file (symbol)

c:/program files (x86)/gnu tools arm embedded/4.6 2012q4/bin/../lib/gcc/arm-none-eabi/4.6.2/../../../../arm-none-eabi/lib/armv7-m\libg.a(lib_a-memcpy.o)
                              main.o (memcpy)

Allocating common symbols
Common symbol       size              file

f                   0x100             main.o
TimingDelay         0x4               startup_sam3n.o
ITM_RxBuffer        0x4               main.o

Memory Configuration

Name             Origin             Length             Attributes
rom              0x00400000         0x00040000         xr
ram              0x20000000         0x00006000         xrw
*default*        0x00000000         0xffffffff

Linker script and memory map

LOAD startup_sam3n.o
LOAD main.o
LOAD ../cm3/SPL/src/pio.o
START GROUP
LOAD c:/program files (x86)/gnu tools arm embedded/4.6 2012q4/bin/../lib/gcc/arm-none-eabi/4.6.2/armv7-m\libgcc.a
LOAD c:/program files (x86)/gnu tools arm embedded/4.6 2012q4/bin/../lib/gcc/arm-none-eabi/4.6.2/../../../../arm-none-eabi/lib/armv7-m\libg.a
LOAD c:/program files (x86)/gnu tools arm embedded/4.6 2012q4/bin/../lib/gcc/arm-none-eabi/4.6.2/../../../../arm-none-eabi/lib/armv7-m\libc.a
END GROUP
                [0x00000800]                __stack_size__ = DEFINED (__stack_size__)?__stack_size__:0x800

.text           0x00400000     0x1564
                0x00400000                . = ALIGN (0x4)
                0x00400000                _sfixed = .
 *(.vectors .vectors.*)
 .vectors       0x00400000       0xc4 startup_sam3n.o
                0x00400000                exception_table
 *(.text .text.* .gnu.linkonce.t.*)
 .text          0x004000c4      0x110 startup_sam3n.o
                0x004000c4                Reset_Handler
                0x00400168                IntDefaultHandler
                0x004001a4                Delay
 .text          0x004001d4      0xf84 main.o
                0x00400294                TFT_CS_LOW
                0x004002a8                TFT_CS_HIGH
                0x004002bc                TFT_DC_HIGH
                0x004002cc                TFT_DC_LOW
                0x004002dc                main
                0x00400488                SPI_Init
                0x0040050c                SPI_Transfer
                0x00400534                TFT_SendCMD
                0x0040055c                TFT_SendData
                0x00400598                WRITE_DATA
                0x004005c0                Read_Register
                0x00400628                readID
                0x004006b8                TFT_Init
                0x004008cc                TFT_SetCol
                0x004008fc                TFT_SetPage
                0x0040092c                constrain
                0x00400978                TFT_FillScreen
                0x00400ab4                _fillScreen
                0x00400b3c                TFT_SetXY
                0x00400b74                TFT_SetPixel
                0x00400ba4                TFT_FillRectangle
                0x00400bd8                TFT_DrawHorizontalLine
                0x00400c34                TFT_DrawVerticalLine
                0x00400c90                TFT_DrawLine
                0x00400d68                TFT_DrawBackgroundLine
                0x00400e8c                TFT_DrawRectangle
                0x00400ee0                TFT_DrawCircle
                0x0040100c                TFT_FillCircle
                0x004010f8                TFT_DrawTraingle
 .text          0x00401158      0x384 ../cm3/SPL/src/pio.o
                0x004012ec                PIO_Configure
                0x00401428                PIO_Set
                0x00401444                PIO_Clear
                0x00401460                PIO_Get
                0x004014ac                PIO_GetOutputDataStatus
 .text          0x004014dc        0x0 c:/program files (x86)/gnu tools arm embedded/4.6 2012q4/bin/../lib/gcc/arm-none-eabi/4.6.2/../../../../arm-none-eabi/lib/armv7-m\libg.a(lib_a-memcpy.o)
 .text.memcpy   0x004014dc       0x84 c:/program files (x86)/gnu tools arm embedded/4.6 2012q4/bin/../lib/gcc/arm-none-eabi/4.6.2/../../../../arm-none-eabi/lib/armv7-m\libg.a(lib_a-memcpy.o)
                0x004014dc                memcpy
 *(.glue_7t)
 .glue_7t       0x00000000        0x0 linker stubs
 *(.glue_7)
 .glue_7        0x00000000        0x0 linker stubs
 *(.rodata .rodata* .gnu.linkonce.r.*)
 .rodata        0x00401560        0x4 main.o
 *(.ARM.extab* .gnu.linkonce.armextab.*)
                0x00401564                . = ALIGN (0x4)
 *(.init)
                0x00401564                . = ALIGN (0x4)
                0x00401564                __preinit_array_start = .
 *(.preinit_array)
                0x00401564                __preinit_array_end = .
                0x00401564                . = ALIGN (0x4)
                0x00401564                __init_array_start = .
 *(SORT(.init_array.*))
 *(.init_array)
                0x00401564                __init_array_end = .
                0x00401564                . = ALIGN (0x4)
 *crtbegin.o(.ctors)
 *(EXCLUDE_FILE(*crtend.o) .ctors)
 *(SORT(.ctors.*))
 *crtend.o(.ctors)
                0x00401564                . = ALIGN (0x4)
 *(.fini)
                0x00401564                . = ALIGN (0x4)
                0x00401564                __fini_array_start = .
 *(.fini_array)
 *(SORT(.fini_array.*))
                0x00401564                __fini_array_end = .
 *crtbegin.o(.dtors)
 *(EXCLUDE_FILE(*crtend.o) .dtors)
 *(SORT(.dtors.*))
 *crtend.o(.dtors)
                0x00401564                . = ALIGN (0x4)
                0x00401564                _efixed = .
                0x00401564                PROVIDE (__exidx_start, .)

.vfp11_veneer   0x00401564        0x0
 .vfp11_veneer  0x00000000        0x0 linker stubs

.v4_bx          0x00401564        0x0
 .v4_bx         0x00000000        0x0 linker stubs

.ARM.exidx
 *(.ARM.exidx* .gnu.linkonce.armexidx.*)
                0x00401564                PROVIDE (__exidx_end, .)
                0x00401564                . = ALIGN (0x4)
                0x00401564                _etext = .

.relocate       0x20000000       0xa0 load address 0x00401564
                0x20000000                . = ALIGN (0x4)
                0x20000000                _srelocate = .
 *(.ramfunc .ramfunc.*)
 *(.data .data.*)
 .data          0x20000000        0x0 startup_sam3n.o
 .data          0x20000000       0xa0 main.o
                0x20000000                TFTControlAndBusPins
 .data          0x200000a0        0x0 ../cm3/SPL/src/pio.o
 .data          0x200000a0        0x0 c:/program files (x86)/gnu tools arm embedded/4.6 2012q4/bin/../lib/gcc/arm-none-eabi/4.6.2/../../../../arm-none-eabi/lib/armv7-m\libg.a(lib_a-memcpy.o)
                0x200000a0                . = ALIGN (0x4)
                0x200000a0                _erelocate = .

.bss            0x200000a0      0x110 load address 0x00401604
                0x200000a0                . = ALIGN (0x4)
                0x200000a0                _sbss = .
                0x200000a0                _szero = .
 *(.bss .bss.*)
 .bss           0x200000a0        0x0 startup_sam3n.o
 .bss           0x200000a0        0x8 main.o
                0x200000a0                image_coor
 .bss           0x200000a8        0x0 ../cm3/SPL/src/pio.o
 .bss           0x200000a8        0x0 c:/program files (x86)/gnu tools arm embedded/4.6 2012q4/bin/../lib/gcc/arm-none-eabi/4.6.2/../../../../arm-none-eabi/lib/armv7-m\libg.a(lib_a-memcpy.o)
 *(COMMON)
 COMMON         0x200000a8        0x4 startup_sam3n.o
                0x200000a8                TimingDelay
 COMMON         0x200000ac      0x104 main.o
                0x200000ac                f
                0x200001ac                ITM_RxBuffer
                0x200001b0                . = ALIGN (0x4)
                0x200001b0                _ebss = .
                0x200001b0                _ezero = .

.stack          0x200001b0      0x800 load address 0x00401714
                0x200001b0                . = ALIGN (0x8)
                0x200001b0                _sstack = .
                0x200009b0                . = (. + __stack_size__)
 *fill*         0x200001b0      0x800 00
                0x200009b0                . = ALIGN (0x8)
                0x200009b0                _estack = .
                0x200009b0                . = ALIGN (0x4)
                0x200009b0                _end = .
OUTPUT(MMVP_LW1_ATSAM3N4C_LedDisplay.elf elf32-littlearm)

.debug_info     0x00000000     0x2b99
 .debug_info    0x00000000      0x40c startup_sam3n.o
 .debug_info    0x0000040c     0x1d32 main.o
 .debug_info    0x0000213e      0xa5b ../cm3/SPL/src/pio.o

.debug_abbrev   0x00000000      0x5b9
 .debug_abbrev  0x00000000      0x12f startup_sam3n.o
 .debug_abbrev  0x0000012f      0x2f8 main.o
 .debug_abbrev  0x00000427      0x192 ../cm3/SPL/src/pio.o

.debug_loc      0x00000000      0x986
 .debug_loc     0x00000000       0xbc startup_sam3n.o
 .debug_loc     0x000000bc      0x69a main.o
 .debug_loc     0x00000756      0x230 ../cm3/SPL/src/pio.o

.debug_aranges  0x00000000       0x60
 .debug_aranges
                0x00000000       0x20 startup_sam3n.o
 .debug_aranges
                0x00000020       0x20 main.o
 .debug_aranges
                0x00000040       0x20 ../cm3/SPL/src/pio.o

.debug_line     0x00000000      0x623
 .debug_line    0x00000000      0x12c startup_sam3n.o
 .debug_line    0x0000012c      0x3e4 main.o
 .debug_line    0x00000510      0x113 ../cm3/SPL/src/pio.o

.debug_str      0x00000000      0xd30
 .debug_str     0x00000000      0x1eb startup_sam3n.o
                                0x22d (size before relaxing)
 .debug_str     0x000001eb      0x95d main.o
                                0xb06 (size before relaxing)
 .debug_str     0x00000b48      0x1e8 ../cm3/SPL/src/pio.o
                                0x581 (size before relaxing)

.comment        0x00000000       0x70
 .comment       0x00000000       0x70 startup_sam3n.o
                                 0x71 (size before relaxing)
 .comment       0x00000000       0x71 main.o
 .comment       0x00000000       0x71 ../cm3/SPL/src/pio.o

.ARM.attributes
                0x00000000       0x33
 .ARM.attributes
                0x00000000       0x33 startup_sam3n.o
 .ARM.attributes
                0x00000033       0x33 main.o
 .ARM.attributes
                0x00000066       0x33 ../cm3/SPL/src/pio.o
 .ARM.attributes
                0x00000099       0x2d c:/program files (x86)/gnu tools arm embedded/4.6 2012q4/bin/../lib/gcc/arm-none-eabi/4.6.2/../../../../arm-none-eabi/lib/armv7-m\libg.a(lib_a-memcpy.o)

.debug_frame    0x00000000      0x5ac
 .debug_frame   0x00000000       0x7c startup_sam3n.o
 .debug_frame   0x0000007c      0x3d8 main.o
 .debug_frame   0x00000454      0x12c ../cm3/SPL/src/pio.o
 .debug_frame   0x00000580       0x2c c:/program files (x86)/gnu tools arm embedded/4.6 2012q4/bin/../lib/gcc/arm-none-eabi/4.6.2/../../../../arm-none-eabi/lib/armv7-m\libg.a(lib_a-memcpy.o)
