16:43:50 **** Clean-only build of configuration Default for project Lab_1_1 ****
make clean 

-------- begin --------
touch Makefile

rm -f startup_sam3n.o main.o ../cm3/SPL/src/pio.o
rm -f *.lst
make: *** [clean_list] Error -1073741502
"make clean" terminated with exit code 2. Build might be incomplete.
16:44:31 **** Build of configuration Default for project Lab_1_1 ****
make all 

-------- begin --------
arm-none-eabi-gcc -c -g -I. -I ../cm3/include -I ../cm3/boot/inc -I ../cm3/utility/inc -I ../cm3/SPL/inc -D __SAM3N4C__ -mthumb -mcpu=cortex-m3 -O0 -T flash.ld -ggdb startup_sam3n.c -o startup_sam3n.o
startup_sam3n.c:44:24: fatal error: exceptions.h: No such file or directory
compilation terminated.
make: *** [startup_sam3n.o] Error 1
"make all" terminated with exit code 2. Build might be incomplete.
16:46:48 **** Incremental Build of configuration Default for project Lab_1_1 ****
make all 

-------- begin --------
arm-none-eabi-gcc -c -g -I. -I ../cm3/include -I ../cm3/boot/inc -I ../cm3/utility/inc -I ../cm3/SPL/inc -D __SAM3N4C__ -mthumb -mcpu=cortex-m3 -O0 -T flash.ld -ggdb startup_sam3n.c -o startup_sam3n.o
startup_sam3n.c:44:24: fatal error: exceptions.h: No such file or directory
compilation terminated.
make: *** [startup_sam3n.o] Error 1
"make all" terminated with exit code 2. Build might be incomplete.
16:48:25 **** Incremental Build of configuration Default for project Lab_1_1 ****
make all 

-------- begin --------
arm-none-eabi-gcc -c -g -I. -I ../cm3/include -I ../cm3/boot/inc -I ../cm3/utility/inc -I ../cm3/SPL/inc -D __SAM3N4C__ -mthumb -mcpu=cortex-m3 -O0 -T flash.ld -ggdb startup_sam3n.c -o startup_sam3n.o
arm-none-eabi-gcc -c -g -I. -I ../cm3/include -I ../cm3/boot/inc -I ../cm3/utility/inc -I ../cm3/SPL/inc -D __SAM3N4C__ -mthumb -mcpu=cortex-m3 -O0 -T flash.ld -ggdb main.c -o main.o
arm-none-eabi-gcc -c -g -I. -I ../cm3/include -I ../cm3/boot/inc -I ../cm3/utility/inc -I ../cm3/SPL/inc -D __SAM3N4C__ -mthumb -mcpu=cortex-m3 -O0 -T flash.ld -ggdb ../cm3/SPL/src/pio.c -o ../cm3/SPL/src/pio.o
arm-none-eabi-gcc -g -I. -I ../cm3/include -I ../cm3/boot/inc -I ../cm3/utility/inc -I ../cm3/SPL/inc -D __SAM3N4C__ -mthumb -mcpu=cortex-m3 -O0 -T flash.ld -ggdb startup_sam3n.o main.o ../cm3/SPL/src/pio.o -nostartfiles -Xlinker -oMMVP_LW1_ATSAM3N4C_LedDisplay.elf -Xlinker -M -Xlinker -Map=MMVP_LW1_ATSAM3N4C_LedDisplay.map
arm-none-eabi-objcopy MMVP_LW1_ATSAM3N4C_LedDisplay.elf -O ihex MMVP_LW1_ATSAM3N4C_LedDisplay.hex
arm-none-eabi-size --format=berkeley MMVP_LW1_ATSAM3N4C_LedDisplay.elf
   text	   data	    bss	    dec	    hex	filename
   2352	     24	   2056	   4432	   1150	MMVP_LW1_ATSAM3N4C_LedDisplay.elf
Errors: none

------ Moving output files into Debug folder ------

mv -f startup_sam3n.o main.o ../cm3/SPL/src/pio.o Debug
mv -f MMVP_LW1_ATSAM3N4C_LedDisplay.elf Debug
mv -f MMVP_LW1_ATSAM3N4C_LedDisplay.hex Debug
mv -f MMVP_LW1_ATSAM3N4C_LedDisplay.map Debug
-------- end --------

16:48:28 **** Build of configuration Default for project MMVP_LW1_ATSAM3N4C_LedDisplay ****
make all 

-------- begin --------
arm-none-eabi-gcc -c -g -I. -I ../cm3/include -I ../cm3/boot/inc -I ../cm3/utility/inc -I ../cm3/SPL/inc -D __SAM3N4C__ -mthumb -mcpu=cortex-m3 -O0 -T flash.ld -ggdb startup_sam3n.c -o startup_sam3n.o
arm-none-eabi-gcc -c -g -I. -I ../cm3/include -I ../cm3/boot/inc -I ../cm3/utility/inc -I ../cm3/SPL/inc -D __SAM3N4C__ -mthumb -mcpu=cortex-m3 -O0 -T flash.ld -ggdb main.c -o main.o
arm-none-eabi-gcc -c -g -I. -I ../cm3/include -I ../cm3/boot/inc -I ../cm3/utility/inc -I ../cm3/SPL/inc -D __SAM3N4C__ -mthumb -mcpu=cortex-m3 -O0 -T flash.ld -ggdb ../cm3/SPL/src/pio.c -o ../cm3/SPL/src/pio.o
arm-none-eabi-gcc -g -I. -I ../cm3/include -I ../cm3/boot/inc -I ../cm3/utility/inc -I ../cm3/SPL/inc -D __SAM3N4C__ -mthumb -mcpu=cortex-m3 -O0 -T flash.ld -ggdb startup_sam3n.o main.o ../cm3/SPL/src/pio.o -nostartfiles -Xlinker -oMMVP_LW1_ATSAM3N4C_LedDisplay.elf -Xlinker -M -Xlinker -Map=MMVP_LW1_ATSAM3N4C_LedDisplay.map
arm-none-eabi-objcopy MMVP_LW1_ATSAM3N4C_LedDisplay.elf -O ihex MMVP_LW1_ATSAM3N4C_LedDisplay.hex
arm-none-eabi-size --format=berkeley MMVP_LW1_ATSAM3N4C_LedDisplay.elf
   text	   data	    bss	    dec	    hex	filename
   2352	     24	   2056	   4432	   1150	MMVP_LW1_ATSAM3N4C_LedDisplay.elf
Errors: none

------ Moving output files into Debug folder ------

mv -f startup_sam3n.o main.o ../cm3/SPL/src/pio.o Debug
mv -f MMVP_LW1_ATSAM3N4C_LedDisplay.elf Debug
mv -f MMVP_LW1_ATSAM3N4C_LedDisplay.hex Debug
mv -f MMVP_LW1_ATSAM3N4C_LedDisplay.map Debug
-------- end --------

16:48:43 **** Incremental Build of configuration Default for project Lab_1_1 ****
make all 

-------- begin --------
arm-none-eabi-gcc -c -g -I. -I ../cm3/include -I ../cm3/boot/inc -I ../cm3/utility/inc -I ../cm3/SPL/inc -D __SAM3N4C__ -mthumb -mcpu=cortex-m3 -O0 -T flash.ld -ggdb startup_sam3n.c -o startup_sam3n.o
arm-none-eabi-gcc -c -g -I. -I ../cm3/include -I ../cm3/boot/inc -I ../cm3/utility/inc -I ../cm3/SPL/inc -D __SAM3N4C__ -mthumb -mcpu=cortex-m3 -O0 -T flash.ld -ggdb main.c -o main.o
arm-none-eabi-gcc -c -g -I. -I ../cm3/include -I ../cm3/boot/inc -I ../cm3/utility/inc -I ../cm3/SPL/inc -D __SAM3N4C__ -mthumb -mcpu=cortex-m3 -O0 -T flash.ld -ggdb ../cm3/SPL/src/pio.c -o ../cm3/SPL/src/pio.o
arm-none-eabi-gcc -g -I. -I ../cm3/include -I ../cm3/boot/inc -I ../cm3/utility/inc -I ../cm3/SPL/inc -D __SAM3N4C__ -mthumb -mcpu=cortex-m3 -O0 -T flash.ld -ggdb startup_sam3n.o main.o ../cm3/SPL/src/pio.o -nostartfiles -Xlinker -oMMVP_LW1_ATSAM3N4C_LedDisplay.elf -Xlinker -M -Xlinker -Map=MMVP_LW1_ATSAM3N4C_LedDisplay.map
arm-none-eabi-objcopy MMVP_LW1_ATSAM3N4C_LedDisplay.elf -O ihex MMVP_LW1_ATSAM3N4C_LedDisplay.hex
arm-none-eabi-size --format=berkeley MMVP_LW1_ATSAM3N4C_LedDisplay.elf
   text	   data	    bss	    dec	    hex	filename
   2352	     24	   2056	   4432	   1150	MMVP_LW1_ATSAM3N4C_LedDisplay.elf
Errors: none

------ Moving output files into Debug folder ------

mv -f startup_sam3n.o main.o ../cm3/SPL/src/pio.o Debug
mv -f MMVP_LW1_ATSAM3N4C_LedDisplay.elf Debug
mv -f MMVP_LW1_ATSAM3N4C_LedDisplay.hex Debug
mv -f MMVP_LW1_ATSAM3N4C_LedDisplay.map Debug
-------- end --------

16:58:46 **** Incremental Build of configuration Default for project Lab_1_1 ****
make all 

-------- begin --------
arm-none-eabi-gcc -c -g -I. -I ../cm3/include -I ../cm3/boot/inc -I ../cm3/utility/inc -I ../cm3/SPL/inc -D __SAM3N4C__ -mthumb -mcpu=cortex-m3 -O0 -T flash.ld -ggdb startup_sam3n.c -o startup_sam3n.o
arm-none-eabi-gcc -c -g -I. -I ../cm3/include -I ../cm3/boot/inc -I ../cm3/utility/inc -I ../cm3/SPL/inc -D __SAM3N4C__ -mthumb -mcpu=cortex-m3 -O0 -T flash.ld -ggdb main.c -o main.o
arm-none-eabi-gcc -c -g -I. -I ../cm3/include -I ../cm3/boot/inc -I ../cm3/utility/inc -I ../cm3/SPL/inc -D __SAM3N4C__ -mthumb -mcpu=cortex-m3 -O0 -T flash.ld -ggdb ../cm3/SPL/src/pio.c -o ../cm3/SPL/src/pio.o
arm-none-eabi-gcc -g -I. -I ../cm3/include -I ../cm3/boot/inc -I ../cm3/utility/inc -I ../cm3/SPL/inc -D __SAM3N4C__ -mthumb -mcpu=cortex-m3 -O0 -T flash.ld -ggdb startup_sam3n.o main.o ../cm3/SPL/src/pio.o -nostartfiles -Xlinker -oLab_1_1.elf -Xlinker -M -Xlinker -Map=Lab_1_1.map
arm-none-eabi-objcopy Lab_1_1.elf -O ihex Lab_1_1.hex
arm-none-eabi-size --format=berkeley Lab_1_1.elf
   text	   data	    bss	    dec	    hex	filename
   2352	     24	   2056	   4432	   1150	Lab_1_1.elf
Errors: none

------ Moving output files into Debug folder ------

mv -f startup_sam3n.o main.o ../cm3/SPL/src/pio.o Debug
mv -f Lab_1_1.elf Debug
mv -f Lab_1_1.hex Debug
mv -f Lab_1_1.map Debug
-------- end --------

17:00:52 **** Incremental Build of configuration Default for project Lab_1_1 ****
make all 

-------- begin --------
arm-none-eabi-gcc -c -g -I. -I ../cm3/include -I ../cm3/boot/inc -I ../cm3/utility/inc -I ../cm3/SPL/inc -D __SAM3N4C__ -mthumb -mcpu=cortex-m3 -O0 -T flash.ld -ggdb startup_sam3n.c -o startup_sam3n.o
arm-none-eabi-gcc -c -g -I. -I ../cm3/include -I ../cm3/boot/inc -I ../cm3/utility/inc -I ../cm3/SPL/inc -D __SAM3N4C__ -mthumb -mcpu=cortex-m3 -O0 -T flash.ld -ggdb main.c -o main.o
arm-none-eabi-gcc -c -g -I. -I ../cm3/include -I ../cm3/boot/inc -I ../cm3/utility/inc -I ../cm3/SPL/inc -D __SAM3N4C__ -mthumb -mcpu=cortex-m3 -O0 -T flash.ld -ggdb ../cm3/SPL/src/pio.c -o ../cm3/SPL/src/pio.o
arm-none-eabi-gcc -g -I. -I ../cm3/include -I ../cm3/boot/inc -I ../cm3/utility/inc -I ../cm3/SPL/inc -D __SAM3N4C__ -mthumb -mcpu=cortex-m3 -O0 -T flash.ld -ggdb startup_sam3n.o main.o ../cm3/SPL/src/pio.o -nostartfiles -Xlinker -oLab_1_1.elf -Xlinker -M -Xlinker -Map=Lab_1_1.map
main.o: In function `main':
E:\BSUIR\4_sem\mmvp\Lab_1_1\Lab_1_1/main.c:386: undefined reference to `PMC_EnablePeripheral'
E:\BSUIR\4_sem\mmvp\Lab_1_1\Lab_1_1/main.c:391: undefined reference to `gImage_image'
E:\BSUIR\4_sem\mmvp\Lab_1_1\Lab_1_1/main.c:391: undefined reference to `gImage_image'
E:\BSUIR\4_sem\mmvp\Lab_1_1\Lab_1_1/main.c:391: undefined reference to `gImage_image'
E:\BSUIR\4_sem\mmvp\Lab_1_1\Lab_1_1/main.c:391: undefined reference to `gImage_image'
E:\BSUIR\4_sem\mmvp\Lab_1_1\Lab_1_1/main.c:392: undefined reference to `gImage_image'
main.o:E:\BSUIR\4_sem\mmvp\Lab_1_1\Lab_1_1/main.c:392: more undefined references to `gImage_image' follow
collect2: ld returned 1 exit status
make: *** [Lab_1_1.elf] Error 1
"make all" terminated with exit code 2. Build might be incomplete.
17:08:44 **** Incremental Build of configuration Default for project Lab_1_1 ****
make all 

-------- begin --------
arm-none-eabi-gcc -c -g -I. -I ../cm3/include -I ../cm3/boot/inc -I ../cm3/utility/inc -I ../cm3/SPL/inc -D __SAM3N4C__ -mthumb -mcpu=cortex-m3 -O0 -T flash.ld -ggdb newlib_stubs.c -o newlib_stubs.o
arm-none-eabi-gcc -c -g -I. -I ../cm3/include -I ../cm3/boot/inc -I ../cm3/utility/inc -I ../cm3/SPL/inc -D __SAM3N4C__ -mthumb -mcpu=cortex-m3 -O0 -T flash.ld -ggdb image.c -o image.o
arm-none-eabi-gcc -c -g -I. -I ../cm3/include -I ../cm3/boot/inc -I ../cm3/utility/inc -I ../cm3/SPL/inc -D __SAM3N4C__ -mthumb -mcpu=cortex-m3 -O0 -T flash.ld -ggdb ../cm3/SPL/src/pmc.c -o ../cm3/SPL/src/pmc.o
arm-none-eabi-gcc -g -I. -I ../cm3/include -I ../cm3/boot/inc -I ../cm3/utility/inc -I ../cm3/SPL/inc -D __SAM3N4C__ -mthumb -mcpu=cortex-m3 -O0 -T flash.ld -ggdb startup_sam3n.o main.o newlib_stubs.o image.o ../cm3/SPL/src/pmc.o ../cm3/SPL/src/pio.o -nostartfiles -Xlinker -oLab_1_1.elf -Xlinker -M -Xlinker -Map=Lab_1_1.map
arm-none-eabi-objcopy Lab_1_1.elf -O ihex Lab_1_1.hex
arm-none-eabi-size --format=berkeley Lab_1_1.elf
   text	   data	    bss	    dec	    hex	filename
  39932	   2500	   2156	  44588	   ae2c	Lab_1_1.elf
Errors: none

------ Moving output files into Debug folder ------

mv -f startup_sam3n.o main.o newlib_stubs.o image.o ../cm3/SPL/src/pmc.o ../cm3/SPL/src/pio.o Debug
mv -f Lab_1_1.elf Debug
mv -f Lab_1_1.hex Debug
mv -f Lab_1_1.map Debug
-------- end --------

19:57:13 **** Incremental Build of configuration Default for project Lab_1_1 ****
make all 

-------- begin --------
arm-none-eabi-gcc -c -g -I. -I ../cm3/include -I ../cm3/boot/inc -I ../cm3/utility/inc -I ../cm3/SPL/inc -D __SAM3N4C__ -mthumb -mcpu=cortex-m3 -O0 -T flash.ld -ggdb startup_sam3n.c -o startup_sam3n.o
arm-none-eabi-gcc -c -g -I. -I ../cm3/include -I ../cm3/boot/inc -I ../cm3/utility/inc -I ../cm3/SPL/inc -D __SAM3N4C__ -mthumb -mcpu=cortex-m3 -O0 -T flash.ld -ggdb main.c -o main.o
arm-none-eabi-gcc -c -g -I. -I ../cm3/include -I ../cm3/boot/inc -I ../cm3/utility/inc -I ../cm3/SPL/inc -D __SAM3N4C__ -mthumb -mcpu=cortex-m3 -O0 -T flash.ld -ggdb newlib_stubs.c -o newlib_stubs.o
arm-none-eabi-gcc -c -g -I. -I ../cm3/include -I ../cm3/boot/inc -I ../cm3/utility/inc -I ../cm3/SPL/inc -D __SAM3N4C__ -mthumb -mcpu=cortex-m3 -O0 -T flash.ld -ggdb image.c -o image.o
arm-none-eabi-gcc -c -g -I. -I ../cm3/include -I ../cm3/boot/inc -I ../cm3/utility/inc -I ../cm3/SPL/inc -D __SAM3N4C__ -mthumb -mcpu=cortex-m3 -O0 -T flash.ld -ggdb ../cm3/SPL/src/pmc.c -o ../cm3/SPL/src/pmc.o
arm-none-eabi-gcc -c -g -I. -I ../cm3/include -I ../cm3/boot/inc -I ../cm3/utility/inc -I ../cm3/SPL/inc -D __SAM3N4C__ -mthumb -mcpu=cortex-m3 -O0 -T flash.ld -ggdb ../cm3/SPL/src/pio.c -o ../cm3/SPL/src/pio.o
arm-none-eabi-gcc -g -I. -I ../cm3/include -I ../cm3/boot/inc -I ../cm3/utility/inc -I ../cm3/SPL/inc -D __SAM3N4C__ -mthumb -mcpu=cortex-m3 -O0 -T flash.ld -ggdb startup_sam3n.o main.o newlib_stubs.o image.o ../cm3/SPL/src/pmc.o ../cm3/SPL/src/pio.o -nostartfiles -Xlinker -oLab_1_1.elf -Xlinker -M -Xlinker -Map=Lab_1_1.map
arm-none-eabi-objcopy Lab_1_1.elf -O ihex Lab_1_1.hex
arm-none-eabi-size --format=berkeley Lab_1_1.elf
   text	   data	    bss	    dec	    hex	filename
  39932	   2500	   2156	  44588	   ae2c	Lab_1_1.elf
Errors: none

------ Moving output files into Debug folder ------

mv -f startup_sam3n.o main.o newlib_stubs.o image.o ../cm3/SPL/src/pmc.o ../cm3/SPL/src/pio.o Debug
mv -f Lab_1_1.elf Debug
mv -f Lab_1_1.hex Debug
mv -f Lab_1_1.map Debug
-------- end --------

19:57:56 **** Incremental Build of configuration Default for project Lab_1_1 ****
make all 

-------- begin --------
arm-none-eabi-gcc -c -g -I. -I ../cm3/include -I ../cm3/boot/inc -I ../cm3/utility/inc -I ../cm3/SPL/inc -D __SAM3N4C__ -mthumb -mcpu=cortex-m3 -O0 -T flash.ld -ggdb startup_sam3n.c -o startup_sam3n.o
arm-none-eabi-gcc -c -g -I. -I ../cm3/include -I ../cm3/boot/inc -I ../cm3/utility/inc -I ../cm3/SPL/inc -D __SAM3N4C__ -mthumb -mcpu=cortex-m3 -O0 -T flash.ld -ggdb main.c -o main.o
arm-none-eabi-gcc -c -g -I. -I ../cm3/include -I ../cm3/boot/inc -I ../cm3/utility/inc -I ../cm3/SPL/inc -D __SAM3N4C__ -mthumb -mcpu=cortex-m3 -O0 -T flash.ld -ggdb newlib_stubs.c -o newlib_stubs.o
arm-none-eabi-gcc -c -g -I. -I ../cm3/include -I ../cm3/boot/inc -I ../cm3/utility/inc -I ../cm3/SPL/inc -D __SAM3N4C__ -mthumb -mcpu=cortex-m3 -O0 -T flash.ld -ggdb image.c -o image.o
arm-none-eabi-gcc -c -g -I. -I ../cm3/include -I ../cm3/boot/inc -I ../cm3/utility/inc -I ../cm3/SPL/inc -D __SAM3N4C__ -mthumb -mcpu=cortex-m3 -O0 -T flash.ld -ggdb ../cm3/SPL/src/pmc.c -o ../cm3/SPL/src/pmc.o
arm-none-eabi-gcc -c -g -I. -I ../cm3/include -I ../cm3/boot/inc -I ../cm3/utility/inc -I ../cm3/SPL/inc -D __SAM3N4C__ -mthumb -mcpu=cortex-m3 -O0 -T flash.ld -ggdb ../cm3/SPL/src/pio.c -o ../cm3/SPL/src/pio.o
arm-none-eabi-gcc -g -I. -I ../cm3/include -I ../cm3/boot/inc -I ../cm3/utility/inc -I ../cm3/SPL/inc -D __SAM3N4C__ -mthumb -mcpu=cortex-m3 -O0 -T flash.ld -ggdb startup_sam3n.o main.o newlib_stubs.o image.o ../cm3/SPL/src/pmc.o ../cm3/SPL/src/pio.o -nostartfiles -Xlinker -oLab_1_1.elf -Xlinker -M -Xlinker -Map=Lab_1_1.map
arm-none-eabi-objcopy Lab_1_1.elf -O ihex Lab_1_1.hex
arm-none-eabi-size --format=berkeley Lab_1_1.elf
   text	   data	    bss	    dec	    hex	filename
  39932	   2500	   2156	  44588	   ae2c	Lab_1_1.elf
Errors: none

------ Moving output files into Debug folder ------

mv -f startup_sam3n.o main.o newlib_stubs.o image.o ../cm3/SPL/src/pmc.o ../cm3/SPL/src/pio.o Debug
mv -f Lab_1_1.elf Debug
mv -f Lab_1_1.hex Debug
mv -f Lab_1_1.map Debug
-------- end --------

19:58:52 **** Incremental Build of configuration Default for project Lab_1_1 ****
make all 

-------- begin --------
arm-none-eabi-gcc -c -g -I. -I ../cm3/include -I ../cm3/boot/inc -I ../cm3/utility/inc -I ../cm3/SPL/inc -D __SAM3N4C__ -mthumb -mcpu=cortex-m3 -O0 -T flash.ld -ggdb startup_sam3n.c -o startup_sam3n.o
arm-none-eabi-gcc -c -g -I. -I ../cm3/include -I ../cm3/boot/inc -I ../cm3/utility/inc -I ../cm3/SPL/inc -D __SAM3N4C__ -mthumb -mcpu=cortex-m3 -O0 -T flash.ld -ggdb main.c -o main.o
arm-none-eabi-gcc -c -g -I. -I ../cm3/include -I ../cm3/boot/inc -I ../cm3/utility/inc -I ../cm3/SPL/inc -D __SAM3N4C__ -mthumb -mcpu=cortex-m3 -O0 -T flash.ld -ggdb newlib_stubs.c -o newlib_stubs.o
arm-none-eabi-gcc -c -g -I. -I ../cm3/include -I ../cm3/boot/inc -I ../cm3/utility/inc -I ../cm3/SPL/inc -D __SAM3N4C__ -mthumb -mcpu=cortex-m3 -O0 -T flash.ld -ggdb image.c -o image.o
arm-none-eabi-gcc -c -g -I. -I ../cm3/include -I ../cm3/boot/inc -I ../cm3/utility/inc -I ../cm3/SPL/inc -D __SAM3N4C__ -mthumb -mcpu=cortex-m3 -O0 -T flash.ld -ggdb ../cm3/SPL/src/pmc.c -o ../cm3/SPL/src/pmc.o
arm-none-eabi-gcc -c -g -I. -I ../cm3/include -I ../cm3/boot/inc -I ../cm3/utility/inc -I ../cm3/SPL/inc -D __SAM3N4C__ -mthumb -mcpu=cortex-m3 -O0 -T flash.ld -ggdb ../cm3/SPL/src/pio.c -o ../cm3/SPL/src/pio.o
arm-none-eabi-gcc -g -I. -I ../cm3/include -I ../cm3/boot/inc -I ../cm3/utility/inc -I ../cm3/SPL/inc -D __SAM3N4C__ -mthumb -mcpu=cortex-m3 -O0 -T flash.ld -ggdb startup_sam3n.o main.o newlib_stubs.o image.o ../cm3/SPL/src/pmc.o ../cm3/SPL/src/pio.o -nostartfiles -Xlinker -oLab_1_1.elf -Xlinker -M -Xlinker -Map=Lab_1_1.map
arm-none-eabi-objcopy Lab_1_1.elf -O ihex Lab_1_1.hex
arm-none-eabi-size --format=berkeley Lab_1_1.elf
   text	   data	    bss	    dec	    hex	filename
  39932	   2500	   2156	  44588	   ae2c	Lab_1_1.elf
Errors: none

------ Moving output files into Debug folder ------

mv -f startup_sam3n.o main.o newlib_stubs.o image.o ../cm3/SPL/src/pmc.o ../cm3/SPL/src/pio.o Debug
mv -f Lab_1_1.elf Debug
mv -f Lab_1_1.hex Debug
mv -f Lab_1_1.map Debug
-------- end --------

