Archive member included because of file (symbol)

c:/program files (x86)/gnu tools arm embedded/4.6 2012q4/bin/../lib/gcc/arm-none-eabi/4.6.2/../../../../arm-none-eabi/lib/armv7-m\libg.a(lib_a-printf.o)
                              ../cm3/SPL/src/pmc.o (printf)
c:/program files (x86)/gnu tools arm embedded/4.6 2012q4/bin/../lib/gcc/arm-none-eabi/4.6.2/../../../../arm-none-eabi/lib/armv7-m\libg.a(lib_a-reent.o)
                              newlib_stubs.o (errno)
c:/program files (x86)/gnu tools arm embedded/4.6 2012q4/bin/../lib/gcc/arm-none-eabi/4.6.2/../../../../arm-none-eabi/lib/armv7-m\libg.a(lib_a-vfprintf.o)
                              c:/program files (x86)/gnu tools arm embedded/4.6 2012q4/bin/../lib/gcc/arm-none-eabi/4.6.2/../../../../arm-none-eabi/lib/armv7-m\libg.a(lib_a-printf.o) (_vfprintf_r)
c:/program files (x86)/gnu tools arm embedded/4.6 2012q4/bin/../lib/gcc/arm-none-eabi/4.6.2/../../../../arm-none-eabi/lib/armv7-m\libg.a(lib_a-wsetup.o)
                              c:/program files (x86)/gnu tools arm embedded/4.6 2012q4/bin/../lib/gcc/arm-none-eabi/4.6.2/../../../../arm-none-eabi/lib/armv7-m\libg.a(lib_a-vfprintf.o) (__swsetup_r)
c:/program files (x86)/gnu tools arm embedded/4.6 2012q4/bin/../lib/gcc/arm-none-eabi/4.6.2/../../../../arm-none-eabi/lib/armv7-m\libg.a(lib_a-dtoa.o)
                              c:/program files (x86)/gnu tools arm embedded/4.6 2012q4/bin/../lib/gcc/arm-none-eabi/4.6.2/../../../../arm-none-eabi/lib/armv7-m\libg.a(lib_a-vfprintf.o) (_dtoa_r)
c:/program files (x86)/gnu tools arm embedded/4.6 2012q4/bin/../lib/gcc/arm-none-eabi/4.6.2/../../../../arm-none-eabi/lib/armv7-m\libg.a(lib_a-fflush.o)
                              c:/program files (x86)/gnu tools arm embedded/4.6 2012q4/bin/../lib/gcc/arm-none-eabi/4.6.2/../../../../arm-none-eabi/lib/armv7-m\libg.a(lib_a-vfprintf.o) (_fflush_r)
c:/program files (x86)/gnu tools arm embedded/4.6 2012q4/bin/../lib/gcc/arm-none-eabi/4.6.2/../../../../arm-none-eabi/lib/armv7-m\libg.a(lib_a-findfp.o)
                              c:/program files (x86)/gnu tools arm embedded/4.6 2012q4/bin/../lib/gcc/arm-none-eabi/4.6.2/../../../../arm-none-eabi/lib/armv7-m\libg.a(lib_a-vfprintf.o) (__sinit)
c:/program files (x86)/gnu tools arm embedded/4.6 2012q4/bin/../lib/gcc/arm-none-eabi/4.6.2/../../../../arm-none-eabi/lib/armv7-m\libg.a(lib_a-freer.o)
                              c:/program files (x86)/gnu tools arm embedded/4.6 2012q4/bin/../lib/gcc/arm-none-eabi/4.6.2/../../../../arm-none-eabi/lib/armv7-m\libg.a(lib_a-reent.o) (_free_r)
c:/program files (x86)/gnu tools arm embedded/4.6 2012q4/bin/../lib/gcc/arm-none-eabi/4.6.2/../../../../arm-none-eabi/lib/armv7-m\libg.a(lib_a-fwalk.o)
                              c:/program files (x86)/gnu tools arm embedded/4.6 2012q4/bin/../lib/gcc/arm-none-eabi/4.6.2/../../../../arm-none-eabi/lib/armv7-m\libg.a(lib_a-findfp.o) (_fwalk)
c:/program files (x86)/gnu tools arm embedded/4.6 2012q4/bin/../lib/gcc/arm-none-eabi/4.6.2/../../../../arm-none-eabi/lib/armv7-m\libg.a(lib_a-impure.o)
                              c:/program files (x86)/gnu tools arm embedded/4.6 2012q4/bin/../lib/gcc/arm-none-eabi/4.6.2/../../../../arm-none-eabi/lib/armv7-m\libg.a(lib_a-fflush.o) (_global_impure_ptr)
c:/program files (x86)/gnu tools arm embedded/4.6 2012q4/bin/../lib/gcc/arm-none-eabi/4.6.2/../../../../arm-none-eabi/lib/armv7-m\libg.a(lib_a-locale.o)
                              c:/program files (x86)/gnu tools arm embedded/4.6 2012q4/bin/../lib/gcc/arm-none-eabi/4.6.2/../../../../arm-none-eabi/lib/armv7-m\libg.a(lib_a-vfprintf.o) (_localeconv_r)
c:/program files (x86)/gnu tools arm embedded/4.6 2012q4/bin/../lib/gcc/arm-none-eabi/4.6.2/../../../../arm-none-eabi/lib/armv7-m\libg.a(lib_a-makebuf.o)
                              c:/program files (x86)/gnu tools arm embedded/4.6 2012q4/bin/../lib/gcc/arm-none-eabi/4.6.2/../../../../arm-none-eabi/lib/armv7-m\libg.a(lib_a-wsetup.o) (__smakebuf_r)
c:/program files (x86)/gnu tools arm embedded/4.6 2012q4/bin/../lib/gcc/arm-none-eabi/4.6.2/../../../../arm-none-eabi/lib/armv7-m\libg.a(lib_a-mallocr.o)
                              c:/program files (x86)/gnu tools arm embedded/4.6 2012q4/bin/../lib/gcc/arm-none-eabi/4.6.2/../../../../arm-none-eabi/lib/armv7-m\libg.a(lib_a-findfp.o) (_malloc_r)
c:/program files (x86)/gnu tools arm embedded/4.6 2012q4/bin/../lib/gcc/arm-none-eabi/4.6.2/../../../../arm-none-eabi/lib/armv7-m\libg.a(lib_a-memchr.o)
                              c:/program files (x86)/gnu tools arm embedded/4.6 2012q4/bin/../lib/gcc/arm-none-eabi/4.6.2/../../../../arm-none-eabi/lib/armv7-m\libg.a(lib_a-vfprintf.o) (memchr)
c:/program files (x86)/gnu tools arm embedded/4.6 2012q4/bin/../lib/gcc/arm-none-eabi/4.6.2/../../../../arm-none-eabi/lib/armv7-m\libg.a(lib_a-memcpy.o)
[...]
Memory Configuration

Name             Origin             Length             Attributes
rom              0x00400000         0x00040000         xr
ram              0x20000000         0x00006000         xrw
*default*        0x00000000         0xffffffff

Linker script and memory map

LOAD startup_sam3n.o
LOAD main.o
LOAD newlib_stubs.o
LOAD image.o
LOAD ../cm3/SPL/src/pmc.o
LOAD ../cm3/SPL/src/pio.o
START GROUP
LOAD c:/program files (x86)/gnu tools arm embedded/4.6 2012q4/bin/../lib/gcc/arm-none-eabi/4.6.2/armv7-m\libgcc.a
LOAD c:/program files (x86)/gnu tools arm embedded/4.6 2012q4/bin/../lib/gcc/arm-none-eabi/4.6.2/../../../../arm-none-eabi/lib/armv7-m\libg.a
LOAD c:/program files (x86)/gnu tools arm embedded/4.6 2012q4/bin/../lib/gcc/arm-none-eabi/4.6.2/../../../../arm-none-eabi/lib/armv7-m\libc.a
END GROUP
                [0x00000800]                __stack_size__ = DEFINED (__stack_size__)?__stack_size__:0x800

.text           0x00400000     0x9bf4
                0x00400000                . = ALIGN (0x4)
                0x00400000                _sfixed = .
 *(.vectors .vectors.*)
 .vectors       0x00400000       0xc4 startup_sam3n.o
                0x00400000                exception_table
 *(.text .text.* .gnu.linkonce.t.*)
 .text          0x004000c4      0x110 startup_sam3n.o
                0x004000c4                Reset_Handler
                0x00400168                IntDefaultHandler
                0x004001a4                Delay
 .text          0x004001d4      0x79c main.o
                0x00400294                ILI9341_DataBusOut
                0x004002ec                ILI9341_DataBusIn
                0x00400344                ILI9341_CtrlBusOut
                0x00400384                ILI9341_SetDataBus
                0x004003bc                ILI9341_GetDataBus
                0x004003e0                ILI9341_SELECT
                0x004003f0                ILI9341_RESET
                0x00400404                ILI9341_WR_HIGH
                0x00400414                ILI9341_WR_LOW
                0x00400424                ILI9341_RD_HIGH
                0x00400434                ILI9341_RD_LOW
                0x00400444                ILI9341_DATA
                0x00400454                ILI9341_COMMAND
                0x00400464                LCD_WriteCommand
                0x0040049c                LCD_WriteData
                0x004004d4                LCD_ReadReg
                0x0040051c                LCD_ReadNextReg
                0x0040054c                LCD_Read4Reg
                0x00400600                setAddrWindow
                0x00400698                main
 .text          0x00400970      0x2d4 newlib_stubs.o
                0x00400970                __errno
                0x00400984                _exit
                0x004009a4                _close
                0x004009bc                _execve
                0x004009e8                _fork
                0x00400a08                _fstat
                0x00400a2c                _getpid
                0x00400a3c                _isatty
                0x00400a74                _kill
                0x00400a9c                _link
                0x00400ac4                _lseek
                0x00400ae0                _sbrk
                0x00400b80                _read
                0x00400b9c                _stat
                0x00400bc0                _times
                0x00400bd8                _unlink
                0x00400c00                _wait
                0x00400c28                _write
 .text          0x00400c44        0x0 image.o
 .text          0x00400c44      0x21c ../cm3/SPL/src/pmc.o
                0x00400c44                PMC_DisableProcessorClock
                0x00400c70                PMC_EnablePeripheral
                0x00400cf8                PMC_DisablePeripheral
                0x00400d80                PMC_EnableAllPeripherals
                0x00400dc4                PMC_DisableAllPeripherals
                0x00400e00                PMC_IsAllPeriphEnabled
                0x00400e28                PMC_IsPeriphEnabled
                0x00400e54                PMC_CPUInIdleMode
 .text          0x00400e60      0x384 ../cm3/SPL/src/pio.o
                0x00400ff4                PIO_Configure
                0x00401130                PIO_Set
                0x0040114c                PIO_Clear
                0x00401168                PIO_Get
                0x004011b4                PIO_GetOutputDataStatus
 .text          0x004011e4        0x0 c:/program files (x86)/gnu tools arm embedded/4.6 2012q4/bin/../lib/gcc/arm-none-eabi/4.6.2/../../../../arm-none-eabi/lib/armv7-m\libg.a(lib_a-printf.o)
 .text._printf_r
                0x004011e4       0x20 c:/program files (x86)/gnu tools arm embedded/4.6 2012q4/bin/../lib/gcc/arm-none-eabi/4.6.2/../../../../arm-none-eabi/lib/armv7-m\libg.a(lib_a-printf.o)
                0x004011e4                _printf_r
 .text.printf   0x00401204       0x2c c:/program files (x86)/gnu tools arm embedded/4.6 2012q4/bin/../lib/gcc/arm-none-eabi/4.6.2/../../../../arm-none-eabi/lib/armv7-m\libg.a(lib_a-printf.o)
                0x00401204                printf
 .text          0x00401230        0x0 c:/program files (x86)/gnu tools arm embedded/4.6 2012q4/bin/../lib/gcc/arm-none-eabi/4.6.2/../../../../arm-none-eabi/lib/armv7-m\libg.a(lib_a-reent.o)
 .text.cleanup_glue
                0x00401230       0x1c c:/program files (x86)/gnu tools arm embedded/4.6 2012q4/bin/../lib/gcc/arm-none-eabi/4.6.2/../../../../arm-none-eabi/lib/armv7-m\libg.a(lib_a-reent.o)
                0x00401230                cleanup_glue
 .text._reclaim_reent
                0x0040124c       0x90 c:/program files (x86)/gnu tools arm embedded/4.6 2012q4/bin/../lib/gcc/arm-none-eabi/4.6.2/../../../../arm-none-eabi/lib/armv7-m\libg.a(lib_a-reent.o)
                0x0040124c                _reclaim_reent
 .text._wrapup_reent
                0x004012dc       0x40 c:/program files (x86)/gnu tools arm embedded/4.6 2012q4/bin/../lib/gcc/arm-none-eabi/4.6.2/../../../../arm-none-eabi/lib/armv7-m\libg.a(lib_a-reent.o)
                0x004012dc                _wrapup_reent
 .text          0x0040131c        0x0 c:/program files (x86)/gnu tools arm embedded/4.6 2012q4/bin/../lib/gcc/arm-none-eabi/4.6.2/../../../../arm-none-eabi/lib/armv7-m\libg.a(lib_a-vfprintf.o)
 .text._vfprintf_r
                0x0040131c     0x171c c:/program files (x86)/gnu tools arm embedded/4.6 2012q4/bin/../lib/gcc/arm-none-eabi/4.6.2/../../../../arm-none-eabi/lib/armv7-m\libg.a(lib_a-vfprintf.o)
                0x0040131c                _vfprintf_r
 .text.vfprintf
                0x00402a38       0x1c c:/program files (x86)/gnu tools arm embedded/4.6 2012q4/bin/../lib/gcc/arm-none-eabi/4.6.2/../../../../arm-none-eabi/lib/armv7-m\libg.a(lib_a-vfprintf.o)
                0x00402a38                vfprintf
 .text          0x00402a54        0x0 c:/program files (x86)/gnu tools arm embedded/4.6 2012q4/bin/../lib/gcc/arm-none-eabi/4.6.2/../../../../arm-none-eabi/lib/armv7-m\libg.a(lib_a-wsetup.o)
 .text.__swsetup_r
                0x00402a54       0xb8 c:/program files (x86)/gnu tools arm embedded/4.6 2012q4/bin/../lib/gcc/arm-none-eabi/4.6.2/../../../../arm-none-eabi/lib/armv7-m\libg.a(lib_a-wsetup.o)
                0x00402a54                __swsetup_r
 .text          0x00402b0c        0x0 c:/program files (x86)/gnu tools arm embedded/4.6 2012q4/bin/../lib/gcc/arm-none-eabi/4.6.2/../../../../arm-none-eabi/lib/armv7-m\libg.a(lib_a-dtoa.o)
 .text.quorem   0x00402b0c      0x150 c:/program files (x86)/gnu tools arm embedded/4.6 2012q4/bin/../lib/gcc/arm-none-eabi/4.6.2/../../../../arm-none-eabi/lib/armv7-m\libg.a(lib_a-dtoa.o)
 *fill*         0x00402c5c        0x4 00
 .text._dtoa_r  0x00402c60      0xe60 c:/program files (x86)/gnu tools arm embedded/4.6 2012q4/bin/../lib/gcc/arm-none-eabi/4.6.2/../../../../arm-none-eabi/lib/armv7-m\libg.a(lib_a-dtoa.o)
                0x00402c60                _dtoa_r
 .text          0x00403ac0        0x0 c:/program files (x86)/gnu tools arm embedded/4.6 2012q4/bin/../lib/gcc/arm-none-eabi/4.6.2/../../../../arm-none-eabi/lib/armv7-m\libg.a(lib_a-fflush.o)
 .text._fflush_r
                0x00403ac0      0x16c c:/program files (x86)/gnu tools arm embedded/4.6 2012q4/bin/../lib/gcc/arm-none-eabi/4.6.2/../../../../arm-none-eabi/lib/armv7-m\libg.a(lib_a-fflush.o)
                0x00403ac0                _fflush_r
 .text.fflush   0x00403c2c       0x24 c:/program files (x86)/gnu tools arm embedded/4.6 2012q4/bin/../lib/gcc/arm-none-eabi/4.6.2/../../../../arm-none-eabi/lib/armv7-m\libg.a(lib_a-fflush.o)
                0x00403c2c                fflush
 .text          0x00403c50        0x0 c:/program files (x86)/gnu tools arm embedded/4.6 2012q4/bin/../lib/gcc/arm-none-eabi/4.6.2/../../../../arm-none-eabi/lib/armv7-m\libg.a(lib_a-findfp.o)
 .text.__fp_lock
                0x00403c50        0x4 c:/program files (x86)/gnu tools arm embedded/4.6 2012q4/bin/../lib/gcc/arm-none-eabi/4.6.2/../../../../arm-none-eabi/lib/armv7-m\libg.a(lib_a-findfp.o)
 .text.__fp_unlock
                0x00403c54        0x4 c:/program files (x86)/gnu tools arm embedded/4.6 2012q4/bin/../lib/gcc/arm-none-eabi/4.6.2/../../../../arm-none-eabi/lib/armv7-m\libg.a(lib_a-findfp.o)
 .text._cleanup_r
                0x00403c58        0xc c:/program files (x86)/gnu tools arm embedded/4.6 2012q4/bin/../lib/gcc/arm-none-eabi/4.6.2/../../../../arm-none-eabi/lib/armv7-m\libg.a(lib_a-findfp.o)
                0x00403c58                _cleanup_r
 .text.std.isra.0
                0x00403c64       0x50 c:/program files (x86)/gnu tools arm embedded/4.6 2012q4/bin/../lib/gcc/arm-none-eabi/4.6.2/../../../../arm-none-eabi/lib/armv7-m\libg.a(lib_a-findfp.o)
 .text.__sfmoreglue
                0x00403cb4       0x2c c:/program files (x86)/gnu tools arm embedded/4.6 2012q4/bin/../lib/gcc/arm-none-eabi/4.6.2/../../../../arm-none-eabi/lib/armv7-m\libg.a(lib_a-findfp.o)
                0x00403cb4                __sfmoreglue
 .text._cleanup
                0x00403ce0       0x10 c:/program files (x86)/gnu tools arm embedded/4.6 2012q4/bin/../lib/gcc/arm-none-eabi/4.6.2/../../../../arm-none-eabi/lib/armv7-m\libg.a(lib_a-findfp.o)
                0x00403ce0                _cleanup
 .text.__sinit  0x00403cf0       0x4c c:/program files (x86)/gnu tools arm embedded/4.6 2012q4/bin/../lib/gcc/arm-none-eabi/4.6.2/../../../../arm-none-eabi/lib/armv7-m\libg.a(lib_a-findfp.o)
                0x00403cf0                __sinit
 .text.__sfp    0x00403d3c       0x98 c:/program files (x86)/gnu tools arm embedded/4.6 2012q4/bin/../lib/gcc/arm-none-eabi/4.6.2/../../../../arm-none-eabi/lib/armv7-m\libg.a(lib_a-findfp.o)
                0x00403d3c                __sfp
 .text.__sfp_lock_acquire
                0x00403dd4        0x4 c:/program files (x86)/gnu tools arm embedded/4.6 2012q4/bin/../lib/gcc/arm-none-eabi/4.6.2/../../../../arm-none-eabi/lib/armv7-m\libg.a(lib_a-findfp.o)
                0x00403dd4                __sfp_lock_acquire
 .text.__sfp_lock_release
                0x00403dd8        0x4 c:/program files (x86)/gnu tools arm embedded/4.6 2012q4/bin/../lib/gcc/arm-none-eabi/4.6.2/../../../../arm-none-eabi/lib/armv7-m\libg.a(lib_a-findfp.o)
                0x00403dd8                __sfp_lock_release
 .text.__sinit_lock_acquire
                0x00403ddc        0x4 c:/program files (x86)/gnu tools arm embedded/4.6 2012q4/bin/../lib/gcc/arm-none-eabi/4.6.2/../../../../arm-none-eabi/lib/armv7-m\libg.a(lib_a-findfp.o)
                0x00403ddc                __sinit_lock_acquire
 .text.__sinit_lock_release
                0x00403de0        0x4 c:/program files (x86)/gnu tools arm embedded/4.6 2012q4/bin/../lib/gcc/arm-none-eabi/4.6.2/../../../../arm-none-eabi/lib/armv7-m\libg.a(lib_a-findfp.o)
                0x00403de0                __sinit_lock_release
 .text.__fp_lock_all
                0x00403de4       0x18 c:/program files (x86)/gnu tools arm embedded/4.6 2012q4/bin/../lib/gcc/arm-none-eabi/4.6.2/../../../../arm-none-eabi/lib/armv7-m\libg.a(lib_a-findfp.o)
                0x00403de4                __fp_lock_all
 .text.__fp_unlock_all
                0x00403dfc       0x18 c:/program files (x86)/gnu tools arm embedded/4.6 2012q4/bin/../lib/gcc/arm-none-eabi/4.6.2/../../../../arm-none-eabi/lib/armv7-m\libg.a(lib_a-findfp.o)
                0x00403dfc                __fp_unlock_all
 .text          0x00403e14        0x0 c:/program files (x86)/gnu tools arm embedded/4.6 2012q4/bin/../lib/gcc/arm-none-eabi/4.6.2/../../../../arm-none-eabi/lib/armv7-m\libg.a(lib_a-freer.o)
 .text._malloc_trim_r
                0x00403e14       0xa0 c:/program files (x86)/gnu tools arm embedded/4.6 2012q4/bin/../lib/gcc/arm-none-eabi/4.6.2/../../../../arm-none-eabi/lib/armv7-m\libg.a(lib_a-freer.o)
                0x00403e14                _malloc_trim_r
 .text._free_r  0x00403eb4      0x190 c:/program files (x86)/gnu tools arm embedded/4.6 2012q4/bin/../lib/gcc/arm-none-eabi/4.6.2/../../../../arm-none-eabi/lib/armv7-m\libg.a(lib_a-freer.o)
                0x00403eb4                _free_r
 .text          0x00404044        0x0 c:/program files (x86)/gnu tools arm embedded/4.6 2012q4/bin/../lib/gcc/arm-none-eabi/4.6.2/../../../../arm-none-eabi/lib/armv7-m\libg.a(lib_a-fwalk.o)
 .text._fwalk   0x00404044       0x54 c:/program files (x86)/gnu tools arm embedded/4.6 2012q4/bin/../lib/gcc/arm-none-eabi/4.6.2/../../../../arm-none-eabi/lib/armv7-m\libg.a(lib_a-fwalk.o)
                0x00404044                _fwalk
 .text._fwalk_reent
                0x00404098       0x58 c:/program files (x86)/gnu tools arm embedded/4.6 2012q4/bin/../lib/gcc/arm-none-eabi/4.6.2/../../../../arm-none-eabi/lib/armv7-m\libg.a(lib_a-fwalk.o)
                0x00404098                _fwalk_reent
 .text          0x004040f0        0x0 c:/program files (x86)/gnu tools arm embedded/4.6 2012q4/bin/../lib/gcc/arm-none-eabi/4.6.2/../../../../arm-none-eabi/lib/armv7-m\libg.a(lib_a-impure.o)
 .text          0x004040f0        0x0 c:/program files (x86)/gnu tools arm embedded/4.6 2012q4/bin/../lib/gcc/arm-none-eabi/4.6.2/../../../../arm-none-eabi/lib/armv7-m\libg.a(lib_a-locale.o)
 .text._setlocale_r
                0x004040f0       0x44 c:/program files (x86)/gnu tools arm embedded/4.6 2012q4/bin/../lib/gcc/arm-none-eabi/4.6.2/../../../../arm-none-eabi/lib/armv7-m\libg.a(lib_a-locale.o)
                0x004040f0                _setlocale_r
 .text.__locale_charset
                0x00404134        0xc c:/program files (x86)/gnu tools arm embedded/4.6 2012q4/bin/../lib/gcc/arm-none-eabi/4.6.2/../../../../arm-none-eabi/lib/armv7-m\libg.a(lib_a-locale.o)
                0x00404134                __locale_charset
 .text.__locale_mb_cur_max
                0x00404140        0xc c:/program files (x86)/gnu tools arm embedded/4.6 2012q4/bin/../lib/gcc/arm-none-eabi/4.6.2/../../../../arm-none-eabi/lib/armv7-m\libg.a(lib_a-locale.o)
                0x00404140                __locale_mb_cur_max
 .text.__locale_msgcharset
                0x0040414c        0xc c:/program files (x86)/gnu tools arm embedded/4.6 2012q4/bin/../lib/gcc/arm-none-eabi/4.6.2/../../../../arm-none-eabi/lib/armv7-m\libg.a(lib_a-locale.o)
                0x0040414c                __locale_msgcharset
 .text.__locale_cjk_lang
                0x00404158        0x4 c:/program files (x86)/gnu tools arm embedded/4.6 2012q4/bin/../lib/gcc/arm-none-eabi/4.6.2/../../../../arm-none-eabi/lib/armv7-m\libg.a(lib_a-locale.o)
                0x00404158                __locale_cjk_lang
 .text._localeconv_r
                0x0040415c        0xc c:/program files (x86)/gnu tools arm embedded/4.6 2012q4/bin/../lib/gcc/arm-none-eabi/4.6.2/../../../../arm-none-eabi/lib/armv7-m\libg.a(lib_a-locale.o)
                0x0040415c                _localeconv_r
 .text.setlocale
                0x00404168       0x14 c:/program files (x86)/gnu tools arm embedded/4.6 2012q4/bin/../lib/gcc/arm-none-eabi/4.6.2/../../../../arm-none-eabi/lib/armv7-m\libg.a(lib_a-locale.o)
                0x00404168                setlocale
 .text.localeconv
                0x0040417c        0xc c:/program files (x86)/gnu tools arm embedded/4.6 2012q4/bin/../lib/gcc/arm-none-eabi/4.6.2/../../../../arm-none-eabi/lib/armv7-m\libg.a(lib_a-locale.o)
                0x0040417c                localeconv
 .text          0x00404188        0x0 c:/program files (x86)/gnu tools arm embedded/4.6 2012q4/bin/../lib/gcc/arm-none-eabi/4.6.2/../../../../arm-none-eabi/lib/armv7-m\libg.a(lib_a-makebuf.o)
 .text.__smakebuf_r
                0x00404188       0xe0 c:/program files (x86)/gnu tools arm embedded/4.6 2012q4/bin/../lib/gcc/arm-none-eabi/4.6.2/../../../../arm-none-eabi/lib/armv7-m\libg.a(lib_a-makebuf.o)
                0x00404188                __smakebuf_r
 .text          0x00404268        0x0 c:/program files (x86)/gnu tools arm embedded/4.6 2012q4/bin/../lib/gcc/arm-none-eabi/4.6.2/../../../../arm-none-eabi/lib/armv7-m\libg.a(lib_a-mallocr.o)
 .text._malloc_r
                0x00404268      0x528 c:/program files (x86)/gnu tools arm embedded/4.6 2012q4/bin/../lib/gcc/arm-none-eabi/4.6.2/../../../../arm-none-eabi/lib/armv7-m\libg.a(lib_a-mallocr.o)
                0x00404268                _malloc_r
 .text          0x00404790        0x0 c:/program files (x86)/gnu tools arm embedded/4.6 2012q4/bin/../lib/gcc/arm-none-eabi/4.6.2/../../../../arm-none-eabi/lib/armv7-m\libg.a(lib_a-memchr.o)
 .text.memchr   0x00404790       0x84 c:/program files (x86)/gnu tools arm embedded/4.6 2012q4/bin/../lib/gcc/arm-none-eabi/4.6.2/../../../../arm-none-eabi/lib/armv7-m\libg.a(lib_a-memchr.o)
                0x00404790                memchr
 .text          0x00404814        0x0 c:/program files (x86)/gnu tools arm embedded/4.6 2012q4/bin/../lib/gcc/arm-none-eabi/4.6.2/../../../../arm-none-eabi/lib/armv7-m\libg.a(lib_a-memcpy.o)
 .text.memcpy   0x00404814       0x84 c:/program files (x86)/gnu tools arm embedded/4.6 2012q4/bin/../lib/gcc/arm-none-eabi/4.6.2/../../../../arm-none-eabi/lib/armv7-m\libg.a(lib_a-memcpy.o)
                0x00404814                memcpy
 .text          0x00404898        0x0 c:/program files (x86)/gnu tools arm embedded/4.6 2012q4/bin/../lib/gcc/arm-none-eabi/4.6.2/../../../../arm-none-eabi/lib/armv7-m\libg.a(lib_a-memset.o)
 .text.memset   0x00404898       0x90 c:/program files (x86)/gnu tools arm embedded/4.6 2012q4/bin/../lib/gcc/arm-none-eabi/4.6.2/../../../../arm-none-eabi/lib/armv7-m\libg.a(lib_a-memset.o)
                0x00404898                memset
 .text          0x00404928        0x0 c:/program files (x86)/gnu tools arm embedded/4.6 2012q4/bin/../lib/gcc/arm-none-eabi/4.6.2/../../../../arm-none-eabi/lib/armv7-m\libg.a(lib_a-mlock.o)
 .text.__malloc_lock
                0x00404928        0x4 c:/program files (x86)/gnu tools arm embedded/4.6 2012q4/bin/../lib/gcc/arm-none-eabi/4.6.2/../../../../arm-none-eabi/lib/armv7-m\libg.a(lib_a-mlock.o)
                0x00404928                __malloc_lock
 .text.__malloc_unlock
                0x0040492c        0x4 c:/program files (x86)/gnu tools arm embedded/4.6 2012q4/bin/../lib/gcc/arm-none-eabi/4.6.2/../../../../arm-none-eabi/lib/armv7-m\libg.a(lib_a-mlock.o)
                0x0040492c                __malloc_unlock
 .text          0x00404930        0x0 c:/program files (x86)/gnu tools arm embedded/4.6 2012q4/bin/../lib/gcc/arm-none-eabi/4.6.2/../../../../arm-none-eabi/lib/armv7-m\libg.a(lib_a-mprec.o)
 .text._Balloc  0x00404930       0x4c c:/program files (x86)/gnu tools arm embedded/4.6 2012q4/bin/../lib/gcc/arm-none-eabi/4.6.2/../../../../arm-none-eabi/lib/armv7-m\libg.a(lib_a-mprec.o)
                0x00404930                _Balloc
 .text._Bfree   0x0040497c       0x14 c:/program files (x86)/gnu tools arm embedded/4.6 2012q4/bin/../lib/gcc/arm-none-eabi/4.6.2/../../../../arm-none-eabi/lib/armv7-m\libg.a(lib_a-mprec.o)
                0x0040497c                _Bfree
 .text.__multadd
                0x00404990       0x84 c:/program files (x86)/gnu tools arm embedded/4.6 2012q4/bin/../lib/gcc/arm-none-eabi/4.6.2/../../../../arm-none-eabi/lib/armv7-m\libg.a(lib_a-mprec.o)
                0x00404990                __multadd
 .text.__s2b    0x00404a14       0x98 c:/program files (x86)/gnu tools arm embedded/4.6 2012q4/bin/../lib/gcc/arm-none-eabi/4.6.2/../../../../arm-none-eabi/lib/armv7-m\libg.a(lib_a-mprec.o)
                0x00404a14                __s2b
 .text.__hi0bits
                0x00404aac       0x3c c:/program files (x86)/gnu tools arm embedded/4.6 2012q4/bin/../lib/gcc/arm-none-eabi/4.6.2/../../../../arm-none-eabi/lib/armv7-m\libg.a(lib_a-mprec.o)
                0x00404aac                __hi0bits
 .text.__lo0bits
                0x00404ae8       0x5c c:/program files (x86)/gnu tools arm embedded/4.6 2012q4/bin/../lib/gcc/arm-none-eabi/4.6.2/../../../../arm-none-eabi/lib/armv7-m\libg.a(lib_a-mprec.o)
                0x00404ae8                __lo0bits
 .text.__i2b    0x00404b44       0x14 c:/program files (x86)/gnu tools arm embedded/4.6 2012q4/bin/../lib/gcc/arm-none-eabi/4.6.2/../../../../arm-none-eabi/lib/armv7-m\libg.a(lib_a-mprec.o)
                0x00404b44                __i2b
 .text.__multiply
                0x00404b58      0x144 c:/program files (x86)/gnu tools arm embedded/4.6 2012q4/bin/../lib/gcc/arm-none-eabi/4.6.2/../../../../arm-none-eabi/lib/armv7-m\libg.a(lib_a-mprec.o)
                0x00404b58                __multiply
 .text.__pow5mult
                0x00404c9c       0x98 c:/program files (x86)/gnu tools arm embedded/4.6 2012q4/bin/../lib/gcc/arm-none-eabi/4.6.2/../../../../arm-none-eabi/lib/armv7-m\libg.a(lib_a-mprec.o)
                0x00404c9c                __pow5mult
 .text.__lshift
                0x00404d34       0xc0 c:/program files (x86)/gnu tools arm embedded/4.6 2012q4/bin/../lib/gcc/arm-none-eabi/4.6.2/../../../../arm-none-eabi/lib/armv7-m\libg.a(lib_a-mprec.o)
                0x00404d34                __lshift
 .text.__mcmp   0x00404df4       0x3c c:/program files (x86)/gnu tools arm embedded/4.6 2012q4/bin/../lib/gcc/arm-none-eabi/4.6.2/../../../../arm-none-eabi/lib/armv7-m\libg.a(lib_a-mprec.o)
                0x00404df4                __mcmp
 .text.__mdiff  0x00404e30       0xd8 c:/program files (x86)/gnu tools arm embedded/4.6 2012q4/bin/../lib/gcc/arm-none-eabi/4.6.2/../../../../arm-none-eabi/lib/armv7-m\libg.a(lib_a-mprec.o)
                0x00404e30                __mdiff
 .text.__ulp    0x00404f08       0x44 c:/program files (x86)/gnu tools arm embedded/4.6 2012q4/bin/../lib/gcc/arm-none-eabi/4.6.2/../../../../arm-none-eabi/lib/armv7-m\libg.a(lib_a-mprec.o)
                0x00404f08                __ulp
 .text.__b2d    0x00404f4c       0xb8 c:/program files (x86)/gnu tools arm embedded/4.6 2012q4/bin/../lib/gcc/arm-none-eabi/4.6.2/../../../../arm-none-eabi/lib/armv7-m\libg.a(lib_a-mprec.o)
                0x00404f4c                __b2d
 .text.__d2b    0x00405004       0xcc c:/program files (x86)/gnu tools arm embedded/4.6 2012q4/bin/../lib/gcc/arm-none-eabi/4.6.2/../../../../arm-none-eabi/lib/armv7-m\libg.a(lib_a-mprec.o)
                0x00405004                __d2b
 .text.__ratio  0x004050d0       0x54 c:/program files (x86)/gnu tools arm embedded/4.6 2012q4/bin/../lib/gcc/arm-none-eabi/4.6.2/../../../../arm-none-eabi/lib/armv7-m\libg.a(lib_a-mprec.o)
                0x004050d0                __ratio
 .text._mprec_log10
                0x00405124       0x34 c:/program files (x86)/gnu tools arm embedded/4.6 2012q4/bin/../lib/gcc/arm-none-eabi/4.6.2/../../../../arm-none-eabi/lib/armv7-m\libg.a(lib_a-mprec.o)
                0x00405124                _mprec_log10
 .text.__copybits
                0x00405158       0x48 c:/program files (x86)/gnu tools arm embedded/4.6 2012q4/bin/../lib/gcc/arm-none-eabi/4.6.2/../../../../arm-none-eabi/lib/armv7-m\libg.a(lib_a-mprec.o)
                0x00405158                __copybits
 .text.__any_on
                0x004051a0       0x60 c:/program files (x86)/gnu tools arm embedded/4.6 2012q4/bin/../lib/gcc/arm-none-eabi/4.6.2/../../../../arm-none-eabi/lib/armv7-m\libg.a(lib_a-mprec.o)
                0x004051a0                __any_on
 .text          0x00405200        0x0 c:/program files (x86)/gnu tools arm embedded/4.6 2012q4/bin/../lib/gcc/arm-none-eabi/4.6.2/../../../../arm-none-eabi/lib/armv7-m\libg.a(lib_a-s_fpclassify.o)
 .text.__fpclassifyd
                0x00405200       0x68 c:/program files (x86)/gnu tools arm embedded/4.6 2012q4/bin/../lib/gcc/arm-none-eabi/4.6.2/../../../../arm-none-eabi/lib/armv7-m\libg.a(lib_a-s_fpclassify.o)
                0x00405200                __fpclassifyd
 .text          0x00405268        0x0 c:/program files (x86)/gnu tools arm embedded/4.6 2012q4/bin/../lib/gcc/arm-none-eabi/4.6.2/../../../../arm-none-eabi/lib/armv7-m\libg.a(lib_a-sbrkr.o)
 .text._sbrk_r  0x00405268       0x24 c:/program files (x86)/gnu tools arm embedded/4.6 2012q4/bin/../lib/gcc/arm-none-eabi/4.6.2/../../../../arm-none-eabi/lib/armv7-m\libg.a(lib_a-sbrkr.o)
                0x00405268                _sbrk_r
 .text          0x0040528c        0x0 c:/program files (x86)/gnu tools arm embedded/4.6 2012q4/bin/../lib/gcc/arm-none-eabi/4.6.2/../../../../arm-none-eabi/lib/armv7-m\libg.a(lib_a-stdio.o)
 .text.__sread  0x0040528c       0x24 c:/program files (x86)/gnu tools arm embedded/4.6 2012q4/bin/../lib/gcc/arm-none-eabi/4.6.2/../../../../arm-none-eabi/lib/armv7-m\libg.a(lib_a-stdio.o)
                0x0040528c                __sread
 .text.__seofread
                0x004052b0        0x4 c:/program files (x86)/gnu tools arm embedded/4.6 2012q4/bin/../lib/gcc/arm-none-eabi/4.6.2/../../../../arm-none-eabi/lib/armv7-m\libg.a(lib_a-stdio.o)
                0x004052b0                __seofread
 .text.__swrite
                0x004052b4       0x40 c:/program files (x86)/gnu tools arm embedded/4.6 2012q4/bin/../lib/gcc/arm-none-eabi/4.6.2/../../../../arm-none-eabi/lib/armv7-m\libg.a(lib_a-stdio.o)
                0x004052b4                __swrite
 .text.__sseek  0x004052f4       0x24 c:/program files (x86)/gnu tools arm embedded/4.6 2012q4/bin/../lib/gcc/arm-none-eabi/4.6.2/../../../../arm-none-eabi/lib/armv7-m\libg.a(lib_a-stdio.o)
                0x004052f4                __sseek
 .text.__sclose
                0x00405318        0x8 c:/program files (x86)/gnu tools arm embedded/4.6 2012q4/bin/../lib/gcc/arm-none-eabi/4.6.2/../../../../arm-none-eabi/lib/armv7-m\libg.a(lib_a-stdio.o)
                0x00405318                __sclose
 .text          0x00405320        0x0 c:/program files (x86)/gnu tools arm embedded/4.6 2012q4/bin/../lib/gcc/arm-none-eabi/4.6.2/../../../../arm-none-eabi/lib/armv7-m\libg.a(lib_a-strcmp.o)
 .text.strcmp   0x00405320       0x80 c:/program files (x86)/gnu tools arm embedded/4.6 2012q4/bin/../lib/gcc/arm-none-eabi/4.6.2/../../../../arm-none-eabi/lib/armv7-m\libg.a(lib_a-strcmp.o)
                0x00405320                strcmp
 .text.strcmp_unaligned
                0x004053a0      0x15c c:/program files (x86)/gnu tools arm embedded/4.6 2012q4/bin/../lib/gcc/arm-none-eabi/4.6.2/../../../../arm-none-eabi/lib/armv7-m\libg.a(lib_a-strcmp.o)
 .text          0x004054fc        0x0 c:/program files (x86)/gnu tools arm embedded/4.6 2012q4/bin/../lib/gcc/arm-none-eabi/4.6.2/../../../../arm-none-eabi/lib/armv7-m\libg.a(lib_a-strlen.o)
 .text.strlen   0x004054fc       0x60 c:/program files (x86)/gnu tools arm embedded/4.6 2012q4/bin/../lib/gcc/arm-none-eabi/4.6.2/../../../../arm-none-eabi/lib/armv7-m\libg.a(lib_a-strlen.o)
                0x004054fc                strlen
 .text          0x0040555c        0x0 c:/program files (x86)/gnu tools arm embedded/4.6 2012q4/bin/../lib/gcc/arm-none-eabi/4.6.2/../../../../arm-none-eabi/lib/armv7-m\libg.a(lib_a-vfiprintf.o)
 .text.__sprint_r
                0x0040555c       0x80 c:/program files (x86)/gnu tools arm embedded/4.6 2012q4/bin/../lib/gcc/arm-none-eabi/4.6.2/../../../../arm-none-eabi/lib/armv7-m\libg.a(lib_a-vfiprintf.o)
                0x0040555c                __sprint_r
 .text._vfiprintf_r
                0x004055dc      0xbb8 c:/program files (x86)/gnu tools arm embedded/4.6 2012q4/bin/../lib/gcc/arm-none-eabi/4.6.2/../../../../arm-none-eabi/lib/armv7-m\libg.a(lib_a-vfiprintf.o)
                0x004055dc                _vfiprintf_r
 .text.vfiprintf
                0x00406194       0x1c c:/program files (x86)/gnu tools arm embedded/4.6 2012q4/bin/../lib/gcc/arm-none-eabi/4.6.2/../../../../arm-none-eabi/lib/armv7-m\libg.a(lib_a-vfiprintf.o)
                0x00406194                vfiprintf
 .text          0x004061b0        0x0 c:/program files (x86)/gnu tools arm embedded/4.6 2012q4/bin/../lib/gcc/arm-none-eabi/4.6.2/../../../../arm-none-eabi/lib/armv7-m\libg.a(lib_a-writer.o)
 .text._write_r
                0x004061b0       0x28 c:/program files (x86)/gnu tools arm embedded/4.6 2012q4/bin/../lib/gcc/arm-none-eabi/4.6.2/../../../../arm-none-eabi/lib/armv7-m\libg.a(lib_a-writer.o)
                0x004061b0                _write_r
 .text          0x004061d8        0x0 c:/program files (x86)/gnu tools arm embedded/4.6 2012q4/bin/../lib/gcc/arm-none-eabi/4.6.2/../../../../arm-none-eabi/lib/armv7-m\libg.a(lib_a-callocr.o)
 .text._calloc_r
                0x004061d8       0x60 c:/program files (x86)/gnu tools arm embedded/4.6 2012q4/bin/../lib/gcc/arm-none-eabi/4.6.2/../../../../arm-none-eabi/lib/armv7-m\libg.a(lib_a-callocr.o)
                0x004061d8                _calloc_r
 .text          0x00406238        0x0 c:/program files (x86)/gnu tools arm embedded/4.6 2012q4/bin/../lib/gcc/arm-none-eabi/4.6.2/../../../../arm-none-eabi/lib/armv7-m\libg.a(lib_a-closer.o)
 .text._close_r
                0x00406238       0x24 c:/program files (x86)/gnu tools arm embedded/4.6 2012q4/bin/../lib/gcc/arm-none-eabi/4.6.2/../../../../arm-none-eabi/lib/armv7-m\libg.a(lib_a-closer.o)
                0x00406238                _close_r
 .text          0x0040625c        0x0 c:/program files (x86)/gnu tools arm embedded/4.6 2012q4/bin/../lib/gcc/arm-none-eabi/4.6.2/../../../../arm-none-eabi/lib/armv7-m\libg.a(lib_a-fclose.o)
 .text._fclose_r
                0x0040625c       0x90 c:/program files (x86)/gnu tools arm embedded/4.6 2012q4/bin/../lib/gcc/arm-none-eabi/4.6.2/../../../../arm-none-eabi/lib/armv7-m\libg.a(lib_a-fclose.o)
                0x0040625c                _fclose_r
 .text.fclose   0x004062ec       0x14 c:/program files (x86)/gnu tools arm embedded/4.6 2012q4/bin/../lib/gcc/arm-none-eabi/4.6.2/../../../../arm-none-eabi/lib/armv7-m\libg.a(lib_a-fclose.o)
                0x004062ec                fclose
 .text          0x00406300        0x0 c:/program files (x86)/gnu tools arm embedded/4.6 2012q4/bin/../lib/gcc/arm-none-eabi/4.6.2/../../../../arm-none-eabi/lib/armv7-m\libg.a(lib_a-fputwc.o)
 .text._fputwc_r
                0x00406300       0xd0 c:/program files (x86)/gnu tools arm embedded/4.6 2012q4/bin/../lib/gcc/arm-none-eabi/4.6.2/../../../../arm-none-eabi/lib/armv7-m\libg.a(lib_a-fputwc.o)
                0x00406300                _fputwc_r
 .text.fputwc   0x004063d0       0x28 c:/program files (x86)/gnu tools arm embedded/4.6 2012q4/bin/../lib/gcc/arm-none-eabi/4.6.2/../../../../arm-none-eabi/lib/armv7-m\libg.a(lib_a-fputwc.o)
                0x004063d0                fputwc
 .text          0x004063f8        0x0 c:/program files (x86)/gnu tools arm embedded/4.6 2012q4/bin/../lib/gcc/arm-none-eabi/4.6.2/../../../../arm-none-eabi/lib/armv7-m\libg.a(lib_a-fstatr.o)
 .text._fstat_r
                0x004063f8       0x28 c:/program files (x86)/gnu tools arm embedded/4.6 2012q4/bin/../lib/gcc/arm-none-eabi/4.6.2/../../../../arm-none-eabi/lib/armv7-m\libg.a(lib_a-fstatr.o)
                0x004063f8                _fstat_r
 .text          0x00406420        0x0 c:/program files (x86)/gnu tools arm embedded/4.6 2012q4/bin/../lib/gcc/arm-none-eabi/4.6.2/../../../../arm-none-eabi/lib/armv7-m\libg.a(lib_a-fvwrite.o)
 .text.__sfvwrite_r
                0x00406420      0x2e8 c:/program files (x86)/gnu tools arm embedded/4.6 2012q4/bin/../lib/gcc/arm-none-eabi/4.6.2/../../../../arm-none-eabi/lib/armv7-m\libg.a(lib_a-fvwrite.o)
                0x00406420                __sfvwrite_r
 .text          0x00406708        0x0 c:/program files (x86)/gnu tools arm embedded/4.6 2012q4/bin/../lib/gcc/arm-none-eabi/4.6.2/../../../../arm-none-eabi/lib/armv7-m\libg.a(lib_a-isattyr.o)
 .text._isatty_r
                0x00406708       0x24 c:/program files (x86)/gnu tools arm embedded/4.6 2012q4/bin/../lib/gcc/arm-none-eabi/4.6.2/../../../../arm-none-eabi/lib/armv7-m\libg.a(lib_a-isattyr.o)
                0x00406708                _isatty_r
 .text          0x0040672c        0x0 c:/program files (x86)/gnu tools arm embedded/4.6 2012q4/bin/../lib/gcc/arm-none-eabi/4.6.2/../../../../arm-none-eabi/lib/armv7-m\libg.a(lib_a-lseekr.o)
 .text._lseek_r
                0x0040672c       0x28 c:/program files (x86)/gnu tools arm embedded/4.6 2012q4/bin/../lib/gcc/arm-none-eabi/4.6.2/../../../../arm-none-eabi/lib/armv7-m\libg.a(lib_a-lseekr.o)
                0x0040672c                _lseek_r
 .text          0x00406754        0x0 c:/program files (x86)/gnu tools arm embedded/4.6 2012q4/bin/../lib/gcc/arm-none-eabi/4.6.2/../../../../arm-none-eabi/lib/armv7-m\libg.a(lib_a-memmove.o)
 .text.memmove  0x00406754       0xb0 c:/program files (x86)/gnu tools arm embedded/4.6 2012q4/bin/../lib/gcc/arm-none-eabi/4.6.2/../../../../arm-none-eabi/lib/armv7-m\libg.a(lib_a-memmove.o)
                0x00406754                memmove
 .text          0x00406804        0x0 c:/program files (x86)/gnu tools arm embedded/4.6 2012q4/bin/../lib/gcc/arm-none-eabi/4.6.2/../../../../arm-none-eabi/lib/armv7-m\libg.a(lib_a-readr.o)
 .text._read_r  0x00406804       0x28 c:/program files (x86)/gnu tools arm embedded/4.6 2012q4/bin/../lib/gcc/arm-none-eabi/4.6.2/../../../../arm-none-eabi/lib/armv7-m\libg.a(lib_a-readr.o)
                0x00406804                _read_r
 .text          0x0040682c        0x0 c:/program files (x86)/gnu tools arm embedded/4.6 2012q4/bin/../lib/gcc/arm-none-eabi/4.6.2/../../../../arm-none-eabi/lib/armv7-m\libg.a(lib_a-reallocr.o)
 .text._realloc_r
                0x0040682c      0x3f4 c:/program files (x86)/gnu tools arm embedded/4.6 2012q4/bin/../lib/gcc/arm-none-eabi/4.6.2/../../../../arm-none-eabi/lib/armv7-m\libg.a(lib_a-reallocr.o)
                0x0040682c                _realloc_r
 .text          0x00406c20        0x0 c:/program files (x86)/gnu tools arm embedded/4.6 2012q4/bin/../lib/gcc/arm-none-eabi/4.6.2/../../../../arm-none-eabi/lib/armv7-m\libg.a(lib_a-wbuf.o)
 .text.__swbuf_r
                0x00406c20       0xc0 c:/program files (x86)/gnu tools arm embedded/4.6 2012q4/bin/../lib/gcc/arm-none-eabi/4.6.2/../../../../arm-none-eabi/lib/armv7-m\libg.a(lib_a-wbuf.o)
                0x00406c20                __swbuf_r
 .text.__swbuf  0x00406ce0       0x14 c:/program files (x86)/gnu tools arm embedded/4.6 2012q4/bin/../lib/gcc/arm-none-eabi/4.6.2/../../../../arm-none-eabi/lib/armv7-m\libg.a(lib_a-wbuf.o)
                0x00406ce0                __swbuf
 .text          0x00406cf4        0x0 c:/program files (x86)/gnu tools arm embedded/4.6 2012q4/bin/../lib/gcc/arm-none-eabi/4.6.2/../../../../arm-none-eabi/lib/armv7-m\libg.a(lib_a-wcrtomb.o)
 .text._wcrtomb_r
                0x00406cf4       0x4c c:/program files (x86)/gnu tools arm embedded/4.6 2012q4/bin/../lib/gcc/arm-none-eabi/4.6.2/../../../../arm-none-eabi/lib/armv7-m\libg.a(lib_a-wcrtomb.o)
                0x00406cf4                _wcrtomb_r
 .text.wcrtomb  0x00406d40       0x60 c:/program files (x86)/gnu tools arm embedded/4.6 2012q4/bin/../lib/gcc/arm-none-eabi/4.6.2/../../../../arm-none-eabi/lib/armv7-m\libg.a(lib_a-wcrtomb.o)
                0x00406d40                wcrtomb
 .text          0x00406da0        0x0 c:/program files (x86)/gnu tools arm embedded/4.6 2012q4/bin/../lib/gcc/arm-none-eabi/4.6.2/../../../../arm-none-eabi/lib/armv7-m\libg.a(lib_a-wctomb_r.o)
 .text.__ascii_wctomb
                0x00406da0       0x1c c:/program files (x86)/gnu tools arm embedded/4.6 2012q4/bin/../lib/gcc/arm-none-eabi/4.6.2/../../../../arm-none-eabi/lib/armv7-m\libg.a(lib_a-wctomb_r.o)
                0x00406da0                __ascii_wctomb
 .text._wctomb_r
                0x00406dbc       0x30 c:/program files (x86)/gnu tools arm embedded/4.6 2012q4/bin/../lib/gcc/arm-none-eabi/4.6.2/../../../../arm-none-eabi/lib/armv7-m\libg.a(lib_a-wctomb_r.o)
                0x00406dbc                _wctomb_r
 .text          0x00406dec      0x370 c:/program files (x86)/gnu tools arm embedded/4.6 2012q4/bin/../lib/gcc/arm-none-eabi/4.6.2/armv7-m\libgcc.a(_arm_addsubdf3.o)
                0x00406dec                __aeabi_drsub
                0x00406df4                __aeabi_dsub
                0x00406df4                __subdf3
                0x00406df8                __aeabi_dadd
                0x00406df8                __adddf3
                0x00407070                __floatunsidf
                0x00407070                __aeabi_ui2d
                0x00407090                __floatsidf
                0x00407090                __aeabi_i2d
                0x004070b4                __aeabi_f2d
                0x004070b4                __extendsfdf2
                0x004070f0                __floatundidf
                0x004070f0                __aeabi_ul2d
                0x00407100                __floatdidf
                0x00407100                __aeabi_l2d
 .text          0x0040715c      0x424 c:/program files (x86)/gnu tools arm embedded/4.6 2012q4/bin/../lib/gcc/arm-none-eabi/4.6.2/armv7-m\libgcc.a(_arm_muldivdf3.o)
                0x0040715c                __aeabi_dmul
                0x0040715c                __muldf3
                0x004073b0                __divdf3
                0x004073b0                __aeabi_ddiv
 .text          0x00407580      0x110 c:/program files (x86)/gnu tools arm embedded/4.6 2012q4/bin/../lib/gcc/arm-none-eabi/4.6.2/armv7-m\libgcc.a(_arm_cmpdf2.o)
                0x00407580                __gtdf2
                0x00407580                __gedf2
                0x00407588                __ltdf2
                0x00407588                __ledf2
                0x00407590                __nedf2
                0x00407590                __eqdf2
                0x00407590                __cmpdf2
                0x0040760c                __aeabi_cdrcmple
                0x0040761c                __aeabi_cdcmpeq
                0x0040761c                __aeabi_cdcmple
                0x0040762c                __aeabi_dcmpeq
                0x00407640                __aeabi_dcmplt
                0x00407654                __aeabi_dcmple
                0x00407668                __aeabi_dcmpge
                0x0040767c                __aeabi_dcmpgt
 .text          0x00407690       0x50 c:/program files (x86)/gnu tools arm embedded/4.6 2012q4/bin/../lib/gcc/arm-none-eabi/4.6.2/armv7-m\libgcc.a(_arm_fixdfsi.o)
                0x00407690                __aeabi_d2iz
                0x00407690                __fixdfsi
 .text          0x004076e0       0x2c c:/program files (x86)/gnu tools arm embedded/4.6 2012q4/bin/../lib/gcc/arm-none-eabi/4.6.2/armv7-m\libgcc.a(_aeabi_uldivmod.o)
                0x004076e0                __aeabi_uldivmod
 .text          0x0040770c       0x5c c:/program files (x86)/gnu tools arm embedded/4.6 2012q4/bin/../lib/gcc/arm-none-eabi/4.6.2/armv7-m\libgcc.a(bpabi.o)
                0x0040770c                __gnu_ldivmod_helper
                0x0040773c                __gnu_uldivmod_helper
 .text          0x00407768        0x4 c:/program files (x86)/gnu tools arm embedded/4.6 2012q4/bin/../lib/gcc/arm-none-eabi/4.6.2/armv7-m\libgcc.a(_dvmd_tls.o)
                0x00407768                __aeabi_idiv0
                0x00407768                __aeabi_ldiv0
 .text          0x0040776c      0x2c8 c:/program files (x86)/gnu tools arm embedded/4.6 2012q4/bin/../lib/gcc/arm-none-eabi/4.6.2/armv7-m\libgcc.a(_divdi3.o)
                0x0040776c                __divdi3
 .text          0x00407a34      0x298 c:/program files (x86)/gnu tools arm embedded/4.6 2012q4/bin/../lib/gcc/arm-none-eabi/4.6.2/armv7-m\libgcc.a(_udivdi3.o)
                0x00407a34                __udivdi3
 *(.glue_7t)
 .glue_7t       0x00000000        0x0 linker stubs
 *(.glue_7)
 .glue_7        0x00000000        0x0 linker stubs
 *(.rodata .rodata* .gnu.linkonce.r.*)
 .rodata        0x00407ccc       0xc0 main.o
                0x00407ccc                TFTBusCtrlPins
 .rodata        0x00407d8c       0x24 newlib_stubs.o
 .rodata        0x00407db0     0x1b60 image.o
                0x00407db0                gImage_image
 .rodata        0x00409910      0x114 ../cm3/SPL/src/pmc.o
 .rodata.zeroes.6605
                0x00409a24       0x10 c:/program files (x86)/gnu tools arm embedded/4.6 2012q4/bin/../lib/gcc/arm-none-eabi/4.6.2/../../../../arm-none-eabi/lib/armv7-m\libg.a(lib_a-vfprintf.o)
 .rodata.str1.4
                0x00409a34       0x42 c:/program files (x86)/gnu tools arm embedded/4.6 2012q4/bin/../lib/gcc/arm-none-eabi/4.6.2/../../../../arm-none-eabi/lib/armv7-m\libg.a(lib_a-vfprintf.o)
                                 0x44 (size before relaxing)
 *fill*         0x00409a76        0x2 00
 .rodata.blanks.6604
                0x00409a78       0x10 c:/program files (x86)/gnu tools arm embedded/4.6 2012q4/bin/../lib/gcc/arm-none-eabi/4.6.2/../../../../arm-none-eabi/lib/armv7-m\libg.a(lib_a-vfprintf.o)
 .rodata.str1.4
                0x00409a88       0x10 c:/program files (x86)/gnu tools arm embedded/4.6 2012q4/bin/../lib/gcc/arm-none-eabi/4.6.2/../../../../arm-none-eabi/lib/armv7-m\libg.a(lib_a-dtoa.o)
                                 0x14 (size before relaxing)
 .rodata.str1.4
                0x00409a98        0x2 c:/program files (x86)/gnu tools arm embedded/4.6 2012q4/bin/../lib/gcc/arm-none-eabi/4.6.2/../../../../arm-none-eabi/lib/armv7-m\libg.a(lib_a-impure.o)
                                  0x4 (size before relaxing)
 *fill*         0x00409a9a        0x2 00
 .rodata._global_impure_ptr
                0x00409a9c        0x4 c:/program files (x86)/gnu tools arm embedded/4.6 2012q4/bin/../lib/gcc/arm-none-eabi/4.6.2/../../../../arm-none-eabi/lib/armv7-m\libg.a(lib_a-impure.o)
                0x00409a9c                _global_impure_ptr
 .rodata.str1.4
                0x00409aa0        0xc c:/program files (x86)/gnu tools arm embedded/4.6 2012q4/bin/../lib/gcc/arm-none-eabi/4.6.2/../../../../arm-none-eabi/lib/armv7-m\libg.a(lib_a-locale.o)
                                 0x14 (size before relaxing)
 *fill*         0x00409aac        0x4 00
 .rodata.__mprec_tens
                0x00409ab0       0xc8 c:/program files (x86)/gnu tools arm embedded/4.6 2012q4/bin/../lib/gcc/arm-none-eabi/4.6.2/../../../../arm-none-eabi/lib/armv7-m\libg.a(lib_a-mprec.o)
                0x00409ab0                __mprec_tens
 .rodata.__mprec_bigtens
                0x00409b78       0x28 c:/program files (x86)/gnu tools arm embedded/4.6 2012q4/bin/../lib/gcc/arm-none-eabi/4.6.2/../../../../arm-none-eabi/lib/armv7-m\libg.a(lib_a-mprec.o)
                0x00409b78                __mprec_bigtens
 .rodata.__mprec_tinytens
                0x00409ba0       0x28 c:/program files (x86)/gnu tools arm embedded/4.6 2012q4/bin/../lib/gcc/arm-none-eabi/4.6.2/../../../../arm-none-eabi/lib/armv7-m\libg.a(lib_a-mprec.o)
                0x00409ba0                __mprec_tinytens
 .rodata.p05.5111
                0x00409bc8        0xc c:/program files (x86)/gnu tools arm embedded/4.6 2012q4/bin/../lib/gcc/arm-none-eabi/4.6.2/../../../../arm-none-eabi/lib/armv7-m\libg.a(lib_a-mprec.o)
 .rodata.zeroes.6548
                0x00409bd4       0x10 c:/program files (x86)/gnu tools arm embedded/4.6 2012q4/bin/../lib/gcc/arm-none-eabi/4.6.2/../../../../arm-none-eabi/lib/armv7-m\libg.a(lib_a-vfiprintf.o)
 .rodata.str1.4
                0x00000000       0x30 c:/program files (x86)/gnu tools arm embedded/4.6 2012q4/bin/../lib/gcc/arm-none-eabi/4.6.2/../../../../arm-none-eabi/lib/armv7-m\libg.a(lib_a-vfiprintf.o)
 .rodata.blanks.6547
                0x00409be4       0x10 c:/program files (x86)/gnu tools arm embedded/4.6 2012q4/bin/../lib/gcc/arm-none-eabi/4.6.2/../../../../arm-none-eabi/lib/armv7-m\libg.a(lib_a-vfiprintf.o)
 *(.ARM.extab* .gnu.linkonce.armextab.*)
 .ARM.extab     0x00409bf4        0x0 c:/program files (x86)/gnu tools arm embedded/4.6 2012q4/bin/../lib/gcc/arm-none-eabi/4.6.2/armv7-m\libgcc.a(_divdi3.o)
 .ARM.extab     0x00409bf4        0x0 c:/program files (x86)/gnu tools arm embedded/4.6 2012q4/bin/../lib/gcc/arm-none-eabi/4.6.2/armv7-m\libgcc.a(_udivdi3.o)
                0x00409bf4                . = ALIGN (0x4)
 *(.init)
                0x00409bf4                . = ALIGN (0x4)
                0x00409bf4                __preinit_array_start = .
 *(.preinit_array)
                0x00409bf4                __preinit_array_end = .
                0x00409bf4                . = ALIGN (0x4)
                0x00409bf4                __init_array_start = .
 *(SORT(.init_array.*))
 *(.init_array)
                0x00409bf4                __init_array_end = .
                0x00409bf4                . = ALIGN (0x4)
 *crtbegin.o(.ctors)
 *(EXCLUDE_FILE(*crtend.o) .ctors)
 *(SORT(.ctors.*))
 *crtend.o(.ctors)
                0x00409bf4                . = ALIGN (0x4)
 *(.fini)
                0x00409bf4                . = ALIGN (0x4)
                0x00409bf4                __fini_array_start = .
 *(.fini_array)
 *(SORT(.fini_array.*))
                0x00409bf4                __fini_array_end = .
 *crtbegin.o(.dtors)
 *(EXCLUDE_FILE(*crtend.o) .dtors)
 *(SORT(.dtors.*))
 *crtend.o(.dtors)
                0x00409bf4                . = ALIGN (0x4)
                0x00409bf4                _efixed = .
                0x00409bf4                PROVIDE (__exidx_start, .)

.vfp11_veneer   0x00409bf4        0x0
 .vfp11_veneer  0x00000000        0x0 linker stubs

.v4_bx          0x00409bf4        0x0
 .v4_bx         0x00000000        0x0 linker stubs

.ARM.exidx      0x00409bf4        0x8
 *(.ARM.exidx* .gnu.linkonce.armexidx.*)
 .ARM.exidx     0x00409bf4        0x8 c:/program files (x86)/gnu tools arm embedded/4.6 2012q4/bin/../lib/gcc/arm-none-eabi/4.6.2/armv7-m\libgcc.a(_divdi3.o)
 .ARM.exidx     0x00409bfc        0x0 c:/program files (x86)/gnu tools arm embedded/4.6 2012q4/bin/../lib/gcc/arm-none-eabi/4.6.2/armv7-m\libgcc.a(_udivdi3.o)
                                  0x8 (size before relaxing)
                0x00409bfc                PROVIDE (__exidx_end, .)
                0x00409bfc                . = ALIGN (0x4)
                0x00409bfc                _etext = .

.relocate       0x20000000      0x9c4 load address 0x00409bfc
                0x20000000                . = ALIGN (0x4)
                0x20000000                _srelocate = .
 *(.ramfunc .ramfunc.*)
 *(.data .data.*)
 .data          0x20000000        0x0 startup_sam3n.o
 .data          0x20000000      0x100 main.o
                0x20000000                TFTBusPins
 .data          0x20000100        0x4 newlib_stubs.o
                0x20000100                environ
 .data          0x20000104        0x0 image.o
 .data          0x20000104        0x0 ../cm3/SPL/src/pmc.o
 .data          0x20000104        0x0 ../cm3/SPL/src/pio.o
 .data          0x20000104        0x0 c:/program files (x86)/gnu tools arm embedded/4.6 2012q4/bin/../lib/gcc/arm-none-eabi/4.6.2/../../../../arm-none-eabi/lib/armv7-m\libg.a(lib_a-printf.o)
 .data          0x20000104        0x0 c:/program files (x86)/gnu tools arm embedded/4.6 2012q4/bin/../lib/gcc/arm-none-eabi/4.6.2/../../../../arm-none-eabi/lib/armv7-m\libg.a(lib_a-reent.o)
 .data          0x20000104        0x0 c:/program files (x86)/gnu tools arm embedded/4.6 2012q4/bin/../lib/gcc/arm-none-eabi/4.6.2/../../../../arm-none-eabi/lib/armv7-m\libg.a(lib_a-vfprintf.o)
 .data          0x20000104        0x0 c:/program files (x86)/gnu tools arm embedded/4.6 2012q4/bin/../lib/gcc/arm-none-eabi/4.6.2/../../../../arm-none-eabi/lib/armv7-m\libg.a(lib_a-wsetup.o)
 .data          0x20000104        0x0 c:/program files (x86)/gnu tools arm embedded/4.6 2012q4/bin/../lib/gcc/arm-none-eabi/4.6.2/../../../../arm-none-eabi/lib/armv7-m\libg.a(lib_a-dtoa.o)
 .data          0x20000104        0x0 c:/program files (x86)/gnu tools arm embedded/4.6 2012q4/bin/../lib/gcc/arm-none-eabi/4.6.2/../../../../arm-none-eabi/lib/armv7-m\libg.a(lib_a-fflush.o)
 .data          0x20000104        0x0 c:/program files (x86)/gnu tools arm embedded/4.6 2012q4/bin/../lib/gcc/arm-none-eabi/4.6.2/../../../../arm-none-eabi/lib/armv7-m\libg.a(lib_a-findfp.o)
 .data          0x20000104        0x0 c:/program files (x86)/gnu tools arm embedded/4.6 2012q4/bin/../lib/gcc/arm-none-eabi/4.6.2/../../../../arm-none-eabi/lib/armv7-m\libg.a(lib_a-freer.o)
 .data          0x20000104        0x0 c:/program files (x86)/gnu tools arm embedded/4.6 2012q4/bin/../lib/gcc/arm-none-eabi/4.6.2/../../../../arm-none-eabi/lib/armv7-m\libg.a(lib_a-fwalk.o)
 .data          0x20000104        0x0 c:/program files (x86)/gnu tools arm embedded/4.6 2012q4/bin/../lib/gcc/arm-none-eabi/4.6.2/../../../../arm-none-eabi/lib/armv7-m\libg.a(lib_a-impure.o)
 *fill*         0x20000104        0x4 00
 .data.impure_data
                0x20000108      0x428 c:/program files (x86)/gnu tools arm embedded/4.6 2012q4/bin/../lib/gcc/arm-none-eabi/4.6.2/../../../../arm-none-eabi/lib/armv7-m\libg.a(lib_a-impure.o)
 .data._impure_ptr
                0x20000530        0x4 c:/program files (x86)/gnu tools arm embedded/4.6 2012q4/bin/../lib/gcc/arm-none-eabi/4.6.2/../../../../arm-none-eabi/lib/armv7-m\libg.a(lib_a-impure.o)
                0x20000530                _impure_ptr
 .data          0x20000534        0x0 c:/program files (x86)/gnu tools arm embedded/4.6 2012q4/bin/../lib/gcc/arm-none-eabi/4.6.2/../../../../arm-none-eabi/lib/armv7-m\libg.a(lib_a-locale.o)
 .data.lc_message_charset
                0x20000534       0x20 c:/program files (x86)/gnu tools arm embedded/4.6 2012q4/bin/../lib/gcc/arm-none-eabi/4.6.2/../../../../arm-none-eabi/lib/armv7-m\libg.a(lib_a-locale.o)
 .data.lconv    0x20000554       0x38 c:/program files (x86)/gnu tools arm embedded/4.6 2012q4/bin/../lib/gcc/arm-none-eabi/4.6.2/../../../../arm-none-eabi/lib/armv7-m\libg.a(lib_a-locale.o)
 .data.lc_ctype_charset
                0x2000058c       0x20 c:/program files (x86)/gnu tools arm embedded/4.6 2012q4/bin/../lib/gcc/arm-none-eabi/4.6.2/../../../../arm-none-eabi/lib/armv7-m\libg.a(lib_a-locale.o)
 .data.__mb_cur_max
                0x200005ac        0x4 c:/program files (x86)/gnu tools arm embedded/4.6 2012q4/bin/../lib/gcc/arm-none-eabi/4.6.2/../../../../arm-none-eabi/lib/armv7-m\libg.a(lib_a-locale.o)
                0x200005ac                __mb_cur_max
 .data          0x200005b0        0x0 c:/program files (x86)/gnu tools arm embedded/4.6 2012q4/bin/../lib/gcc/arm-none-eabi/4.6.2/../../../../arm-none-eabi/lib/armv7-m\libg.a(lib_a-makebuf.o)
 .data          0x200005b0        0x0 c:/program files (x86)/gnu tools arm embedded/4.6 2012q4/bin/../lib/gcc/arm-none-eabi/4.6.2/../../../../arm-none-eabi/lib/armv7-m\libg.a(lib_a-mallocr.o)
 .data.__malloc_av_
                0x200005b0      0x408 c:/program files (x86)/gnu tools arm embedded/4.6 2012q4/bin/../lib/gcc/arm-none-eabi/4.6.2/../../../../arm-none-eabi/lib/armv7-m\libg.a(lib_a-mallocr.o)
                0x200005b0                __malloc_av_
 .data.__malloc_trim_threshold
                0x200009b8        0x4 c:/program files (x86)/gnu tools arm embedded/4.6 2012q4/bin/../lib/gcc/arm-none-eabi/4.6.2/../../../../arm-none-eabi/lib/armv7-m\libg.a(lib_a-mallocr.o)
                0x200009b8                __malloc_trim_threshold
 .data.__malloc_sbrk_base
                0x200009bc        0x4 c:/program files (x86)/gnu tools arm embedded/4.6 2012q4/bin/../lib/gcc/arm-none-eabi/4.6.2/../../../../arm-none-eabi/lib/armv7-m\libg.a(lib_a-mallocr.o)
                0x200009bc                __malloc_sbrk_base
 .data          0x200009c0        0x0 c:/program files (x86)/gnu tools arm embedded/4.6 2012q4/bin/../lib/gcc/arm-none-eabi/4.6.2/../../../../arm-none-eabi/lib/armv7-m\libg.a(lib_a-memchr.o)
 .data          0x200009c0        0x0 c:/program files (x86)/gnu tools arm embedded/4.6 2012q4/bin/../lib/gcc/arm-none-eabi/4.6.2/../../../../arm-none-eabi/lib/armv7-m\libg.a(lib_a-memcpy.o)
 .data          0x200009c0        0x0 c:/program files (x86)/gnu tools arm embedded/4.6 2012q4/bin/../lib/gcc/arm-none-eabi/4.6.2/../../../../arm-none-eabi/lib/armv7-m\libg.a(lib_a-memset.o)
 .data          0x200009c0        0x0 c:/program files (x86)/gnu tools arm embedded/4.6 2012q4/bin/../lib/gcc/arm-none-eabi/4.6.2/../../../../arm-none-eabi/lib/armv7-m\libg.a(lib_a-mlock.o)
 .data          0x200009c0        0x0 c:/program files (x86)/gnu tools arm embedded/4.6 2012q4/bin/../lib/gcc/arm-none-eabi/4.6.2/../../../../arm-none-eabi/lib/armv7-m\libg.a(lib_a-mprec.o)
 .data          0x200009c0        0x0 c:/program files (x86)/gnu tools arm embedded/4.6 2012q4/bin/../lib/gcc/arm-none-eabi/4.6.2/../../../../arm-none-eabi/lib/armv7-m\libg.a(lib_a-s_fpclassify.o)
 .data          0x200009c0        0x0 c:/program files (x86)/gnu tools arm embedded/4.6 2012q4/bin/../lib/gcc/arm-none-eabi/4.6.2/../../../../arm-none-eabi/lib/armv7-m\libg.a(lib_a-sbrkr.o)
 .data          0x200009c0        0x0 c:/program files (x86)/gnu tools arm embedded/4.6 2012q4/bin/../lib/gcc/arm-none-eabi/4.6.2/../../../../arm-none-eabi/lib/armv7-m\libg.a(lib_a-stdio.o)
 .data          0x200009c0        0x0 c:/program files (x86)/gnu tools arm embedded/4.6 2012q4/bin/../lib/gcc/arm-none-eabi/4.6.2/../../../../arm-none-eabi/lib/armv7-m\libg.a(lib_a-strcmp.o)
 .data          0x200009c0        0x0 c:/program files (x86)/gnu tools arm embedded/4.6 2012q4/bin/../lib/gcc/arm-none-eabi/4.6.2/../../../../arm-none-eabi/lib/armv7-m\libg.a(lib_a-strlen.o)
 .data          0x200009c0        0x0 c:/program files (x86)/gnu tools arm embedded/4.6 2012q4/bin/../lib/gcc/arm-none-eabi/4.6.2/../../../../arm-none-eabi/lib/armv7-m\libg.a(lib_a-vfiprintf.o)
 .data          0x200009c0        0x0 c:/program files (x86)/gnu tools arm embedded/4.6 2012q4/bin/../lib/gcc/arm-none-eabi/4.6.2/../../../../arm-none-eabi/lib/armv7-m\libg.a(lib_a-writer.o)
 .data          0x200009c0        0x0 c:/program files (x86)/gnu tools arm embedded/4.6 2012q4/bin/../lib/gcc/arm-none-eabi/4.6.2/../../../../arm-none-eabi/lib/armv7-m\libg.a(lib_a-callocr.o)
 .data          0x200009c0        0x0 c:/program files (x86)/gnu tools arm embedded/4.6 2012q4/bin/../lib/gcc/arm-none-eabi/4.6.2/../../../../arm-none-eabi/lib/armv7-m\libg.a(lib_a-closer.o)
 .data          0x200009c0        0x0 c:/program files (x86)/gnu tools arm embedded/4.6 2012q4/bin/../lib/gcc/arm-none-eabi/4.6.2/../../../../arm-none-eabi/lib/armv7-m\libg.a(lib_a-fclose.o)
 .data          0x200009c0        0x0 c:/program files (x86)/gnu tools arm embedded/4.6 2012q4/bin/../lib/gcc/arm-none-eabi/4.6.2/../../../../arm-none-eabi/lib/armv7-m\libg.a(lib_a-fputwc.o)
 .data          0x200009c0        0x0 c:/program files (x86)/gnu tools arm embedded/4.6 2012q4/bin/../lib/gcc/arm-none-eabi/4.6.2/../../../../arm-none-eabi/lib/armv7-m\libg.a(lib_a-fstatr.o)
 .data          0x200009c0        0x0 c:/program files (x86)/gnu tools arm embedded/4.6 2012q4/bin/../lib/gcc/arm-none-eabi/4.6.2/../../../../arm-none-eabi/lib/armv7-m\libg.a(lib_a-fvwrite.o)
 .data          0x200009c0        0x0 c:/program files (x86)/gnu tools arm embedded/4.6 2012q4/bin/../lib/gcc/arm-none-eabi/4.6.2/../../../../arm-none-eabi/lib/armv7-m\libg.a(lib_a-isattyr.o)
 .data          0x200009c0        0x0 c:/program files (x86)/gnu tools arm embedded/4.6 2012q4/bin/../lib/gcc/arm-none-eabi/4.6.2/../../../../arm-none-eabi/lib/armv7-m\libg.a(lib_a-lseekr.o)
 .data          0x200009c0        0x0 c:/program files (x86)/gnu tools arm embedded/4.6 2012q4/bin/../lib/gcc/arm-none-eabi/4.6.2/../../../../arm-none-eabi/lib/armv7-m\libg.a(lib_a-memmove.o)
 .data          0x200009c0        0x0 c:/program files (x86)/gnu tools arm embedded/4.6 2012q4/bin/../lib/gcc/arm-none-eabi/4.6.2/../../../../arm-none-eabi/lib/armv7-m\libg.a(lib_a-readr.o)
 .data          0x200009c0        0x0 c:/program files (x86)/gnu tools arm embedded/4.6 2012q4/bin/../lib/gcc/arm-none-eabi/4.6.2/../../../../arm-none-eabi/lib/armv7-m\libg.a(lib_a-reallocr.o)
 .data          0x200009c0        0x0 c:/program files (x86)/gnu tools arm embedded/4.6 2012q4/bin/../lib/gcc/arm-none-eabi/4.6.2/../../../../arm-none-eabi/lib/armv7-m\libg.a(lib_a-wbuf.o)
 .data          0x200009c0        0x0 c:/program files (x86)/gnu tools arm embedded/4.6 2012q4/bin/../lib/gcc/arm-none-eabi/4.6.2/../../../../arm-none-eabi/lib/armv7-m\libg.a(lib_a-wcrtomb.o)
 .data          0x200009c0        0x0 c:/program files (x86)/gnu tools arm embedded/4.6 2012q4/bin/../lib/gcc/arm-none-eabi/4.6.2/../../../../arm-none-eabi/lib/armv7-m\libg.a(lib_a-wctomb_r.o)
 .data.__wctomb
                0x200009c0        0x4 c:/program files (x86)/gnu tools arm embedded/4.6 2012q4/bin/../lib/gcc/arm-none-eabi/4.6.2/../../../../arm-none-eabi/lib/armv7-m\libg.a(lib_a-wctomb_r.o)
                0x200009c0                __wctomb
 .data          0x200009c4        0x0 c:/program files (x86)/gnu tools arm embedded/4.6 2012q4/bin/../lib/gcc/arm-none-eabi/4.6.2/armv7-m\libgcc.a(_arm_addsubdf3.o)
 .data          0x200009c4        0x0 c:/program files (x86)/gnu tools arm embedded/4.6 2012q4/bin/../lib/gcc/arm-none-eabi/4.6.2/armv7-m\libgcc.a(_arm_muldivdf3.o)
 .data          0x200009c4        0x0 c:/program files (x86)/gnu tools arm embedded/4.6 2012q4/bin/../lib/gcc/arm-none-eabi/4.6.2/armv7-m\libgcc.a(_arm_cmpdf2.o)
 .data          0x200009c4        0x0 c:/program files (x86)/gnu tools arm embedded/4.6 2012q4/bin/../lib/gcc/arm-none-eabi/4.6.2/armv7-m\libgcc.a(_arm_fixdfsi.o)
 .data          0x200009c4        0x0 c:/program files (x86)/gnu tools arm embedded/4.6 2012q4/bin/../lib/gcc/arm-none-eabi/4.6.2/armv7-m\libgcc.a(_aeabi_uldivmod.o)
 .data          0x200009c4        0x0 c:/program files (x86)/gnu tools arm embedded/4.6 2012q4/bin/../lib/gcc/arm-none-eabi/4.6.2/armv7-m\libgcc.a(bpabi.o)
 .data          0x200009c4        0x0 c:/program files (x86)/gnu tools arm embedded/4.6 2012q4/bin/../lib/gcc/arm-none-eabi/4.6.2/armv7-m\libgcc.a(_dvmd_tls.o)
 .data          0x200009c4        0x0 c:/program files (x86)/gnu tools arm embedded/4.6 2012q4/bin/../lib/gcc/arm-none-eabi/4.6.2/armv7-m\libgcc.a(_divdi3.o)
 .data          0x200009c4        0x0 c:/program files (x86)/gnu tools arm embedded/4.6 2012q4/bin/../lib/gcc/arm-none-eabi/4.6.2/armv7-m\libgcc.a(_udivdi3.o)
                0x200009c4                . = ALIGN (0x4)
                0x200009c4                _erelocate = .

.bss            0x200009c4       0x68 load address 0x0040a5c0
                0x200009c4                . = ALIGN (0x4)
                0x200009c4                _sbss = .
                0x200009c4                _szero = .
 *(.bss .bss.*)
 .bss           0x200009c4        0x0 startup_sam3n.o
 .bss           0x200009c4        0x8 main.o
                0x200009c4                image_coor
 .bss           0x200009cc        0xc newlib_stubs.o
                0x200009cc                __env
                0x200009d0                e
 .bss           0x200009d8        0x0 image.o
 .bss           0x200009d8        0x0 ../cm3/SPL/src/pmc.o
 .bss           0x200009d8        0x0 ../cm3/SPL/src/pio.o
 .bss           0x200009d8        0x0 c:/program files (x86)/gnu tools arm embedded/4.6 2012q4/bin/../lib/gcc/arm-none-eabi/4.6.2/../../../../arm-none-eabi/lib/armv7-m\libg.a(lib_a-printf.o)
 .bss           0x200009d8        0x0 c:/program files (x86)/gnu tools arm embedded/4.6 2012q4/bin/../lib/gcc/arm-none-eabi/4.6.2/../../../../arm-none-eabi/lib/armv7-m\libg.a(lib_a-reent.o)
 .bss           0x200009d8        0x0 c:/program files (x86)/gnu tools arm embedded/4.6 2012q4/bin/../lib/gcc/arm-none-eabi/4.6.2/../../../../arm-none-eabi/lib/armv7-m\libg.a(lib_a-vfprintf.o)
 .bss           0x200009d8        0x0 c:/program files (x86)/gnu tools arm embedded/4.6 2012q4/bin/../lib/gcc/arm-none-eabi/4.6.2/../../../../arm-none-eabi/lib/armv7-m\libg.a(lib_a-wsetup.o)
 .bss           0x200009d8        0x0 c:/program files (x86)/gnu tools arm embedded/4.6 2012q4/bin/../lib/gcc/arm-none-eabi/4.6.2/../../../../arm-none-eabi/lib/armv7-m\libg.a(lib_a-dtoa.o)
 .bss           0x200009d8        0x0 c:/program files (x86)/gnu tools arm embedded/4.6 2012q4/bin/../lib/gcc/arm-none-eabi/4.6.2/../../../../arm-none-eabi/lib/armv7-m\libg.a(lib_a-fflush.o)
 .bss           0x200009d8        0x0 c:/program files (x86)/gnu tools arm embedded/4.6 2012q4/bin/../lib/gcc/arm-none-eabi/4.6.2/../../../../arm-none-eabi/lib/armv7-m\libg.a(lib_a-findfp.o)
 .bss           0x200009d8        0x0 c:/program files (x86)/gnu tools arm embedded/4.6 2012q4/bin/../lib/gcc/arm-none-eabi/4.6.2/../../../../arm-none-eabi/lib/armv7-m\libg.a(lib_a-freer.o)
 .bss           0x200009d8        0x0 c:/program files (x86)/gnu tools arm embedded/4.6 2012q4/bin/../lib/gcc/arm-none-eabi/4.6.2/../../../../arm-none-eabi/lib/armv7-m\libg.a(lib_a-fwalk.o)
 .bss           0x200009d8        0x0 c:/program files (x86)/gnu tools arm embedded/4.6 2012q4/bin/../lib/gcc/arm-none-eabi/4.6.2/../../../../arm-none-eabi/lib/armv7-m\libg.a(lib_a-impure.o)
 .bss           0x200009d8        0x0 c:/program files (x86)/gnu tools arm embedded/4.6 2012q4/bin/../lib/gcc/arm-none-eabi/4.6.2/../../../../arm-none-eabi/lib/armv7-m\libg.a(lib_a-locale.o)
 .bss._PathLocale
                0x200009d8        0x4 c:/program files (x86)/gnu tools arm embedded/4.6 2012q4/bin/../lib/gcc/arm-none-eabi/4.6.2/../../../../arm-none-eabi/lib/armv7-m\libg.a(lib_a-locale.o)
                0x200009d8                _PathLocale
 .bss.__nlocale_changed
                0x200009dc        0x4 c:/program files (x86)/gnu tools arm embedded/4.6 2012q4/bin/../lib/gcc/arm-none-eabi/4.6.2/../../../../arm-none-eabi/lib/armv7-m\libg.a(lib_a-locale.o)
                0x200009dc                __nlocale_changed
 .bss.__mlocale_changed
                0x200009e0        0x4 c:/program files (x86)/gnu tools arm embedded/4.6 2012q4/bin/../lib/gcc/arm-none-eabi/4.6.2/../../../../arm-none-eabi/lib/armv7-m\libg.a(lib_a-locale.o)
                0x200009e0                __mlocale_changed
 .bss           0x200009e4        0x0 c:/program files (x86)/gnu tools arm embedded/4.6 2012q4/bin/../lib/gcc/arm-none-eabi/4.6.2/../../../../arm-none-eabi/lib/armv7-m\libg.a(lib_a-makebuf.o)
 .bss           0x200009e4        0x0 c:/program files (x86)/gnu tools arm embedded/4.6 2012q4/bin/../lib/gcc/arm-none-eabi/4.6.2/../../../../arm-none-eabi/lib/armv7-m\libg.a(lib_a-mallocr.o)
 .bss.__malloc_max_total_mem
                0x200009e4        0x4 c:/program files (x86)/gnu tools arm embedded/4.6 2012q4/bin/../lib/gcc/arm-none-eabi/4.6.2/../../../../arm-none-eabi/lib/armv7-m\libg.a(lib_a-mallocr.o)
                0x200009e4                __malloc_max_total_mem
 .bss.__malloc_max_sbrked_mem
                0x200009e8        0x4 c:/program files (x86)/gnu tools arm embedded/4.6 2012q4/bin/../lib/gcc/arm-none-eabi/4.6.2/../../../../arm-none-eabi/lib/armv7-m\libg.a(lib_a-mallocr.o)
                0x200009e8                __malloc_max_sbrked_mem
 .bss.__malloc_top_pad
                0x200009ec        0x4 c:/program files (x86)/gnu tools arm embedded/4.6 2012q4/bin/../lib/gcc/arm-none-eabi/4.6.2/../../../../arm-none-eabi/lib/armv7-m\libg.a(lib_a-mallocr.o)
                0x200009ec                __malloc_top_pad
 .bss.__malloc_current_mallinfo
                0x200009f0       0x28 c:/program files (x86)/gnu tools arm embedded/4.6 2012q4/bin/../lib/gcc/arm-none-eabi/4.6.2/../../../../arm-none-eabi/lib/armv7-m\libg.a(lib_a-mallocr.o)
                0x200009f0                __malloc_current_mallinfo
 .bss           0x20000a18        0x0 c:/program files (x86)/gnu tools arm embedded/4.6 2012q4/bin/../lib/gcc/arm-none-eabi/4.6.2/../../../../arm-none-eabi/lib/armv7-m\libg.a(lib_a-memchr.o)
 .bss           0x20000a18        0x0 c:/program files (x86)/gnu tools arm embedded/4.6 2012q4/bin/../lib/gcc/arm-none-eabi/4.6.2/../../../../arm-none-eabi/lib/armv7-m\libg.a(lib_a-memcpy.o)
 .bss           0x20000a18        0x0 c:/program files (x86)/gnu tools arm embedded/4.6 2012q4/bin/../lib/gcc/arm-none-eabi/4.6.2/../../../../arm-none-eabi/lib/armv7-m\libg.a(lib_a-memset.o)
 .bss           0x20000a18        0x0 c:/program files (x86)/gnu tools arm embedded/4.6 2012q4/bin/../lib/gcc/arm-none-eabi/4.6.2/../../../../arm-none-eabi/lib/armv7-m\libg.a(lib_a-mlock.o)
 .bss           0x20000a18        0x0 c:/program files (x86)/gnu tools arm embedded/4.6 2012q4/bin/../lib/gcc/arm-none-eabi/4.6.2/../../../../arm-none-eabi/lib/armv7-m\libg.a(lib_a-mprec.o)
 .bss           0x20000a18        0x0 c:/program files (x86)/gnu tools arm embedded/4.6 2012q4/bin/../lib/gcc/arm-none-eabi/4.6.2/../../../../arm-none-eabi/lib/armv7-m\libg.a(lib_a-s_fpclassify.o)
 .bss           0x20000a18        0x0 c:/program files (x86)/gnu tools arm embedded/4.6 2012q4/bin/../lib/gcc/arm-none-eabi/4.6.2/../../../../arm-none-eabi/lib/armv7-m\libg.a(lib_a-sbrkr.o)
 .bss           0x20000a18        0x0 c:/program files (x86)/gnu tools arm embedded/4.6 2012q4/bin/../lib/gcc/arm-none-eabi/4.6.2/../../../../arm-none-eabi/lib/armv7-m\libg.a(lib_a-stdio.o)
 .bss           0x20000a18        0x0 c:/program files (x86)/gnu tools arm embedded/4.6 2012q4/bin/../lib/gcc/arm-none-eabi/4.6.2/../../../../arm-none-eabi/lib/armv7-m\libg.a(lib_a-strcmp.o)
 .bss           0x20000a18        0x0 c:/program files (x86)/gnu tools arm embedded/4.6 2012q4/bin/../lib/gcc/arm-none-eabi/4.6.2/../../../../arm-none-eabi/lib/armv7-m\libg.a(lib_a-strlen.o)
 .bss           0x20000a18        0x0 c:/program files (x86)/gnu tools arm embedded/4.6 2012q4/bin/../lib/gcc/arm-none-eabi/4.6.2/../../../../arm-none-eabi/lib/armv7-m\libg.a(lib_a-vfiprintf.o)
 .bss           0x20000a18        0x0 c:/program files (x86)/gnu tools arm embedded/4.6 2012q4/bin/../lib/gcc/arm-none-eabi/4.6.2/../../../../arm-none-eabi/lib/armv7-m\libg.a(lib_a-writer.o)
 .bss           0x20000a18        0x0 c:/program files (x86)/gnu tools arm embedded/4.6 2012q4/bin/../lib/gcc/arm-none-eabi/4.6.2/../../../../arm-none-eabi/lib/armv7-m\libg.a(lib_a-callocr.o)
 .bss           0x20000a18        0x0 c:/program files (x86)/gnu tools arm embedded/4.6 2012q4/bin/../lib/gcc/arm-none-eabi/4.6.2/../../../../arm-none-eabi/lib/armv7-m\libg.a(lib_a-closer.o)
 .bss           0x20000a18        0x0 c:/program files (x86)/gnu tools arm embedded/4.6 2012q4/bin/../lib/gcc/arm-none-eabi/4.6.2/../../../../arm-none-eabi/lib/armv7-m\libg.a(lib_a-fclose.o)
 .bss           0x20000a18        0x0 c:/program files (x86)/gnu tools arm embedded/4.6 2012q4/bin/../lib/gcc/arm-none-eabi/4.6.2/../../../../arm-none-eabi/lib/armv7-m\libg.a(lib_a-fputwc.o)
 .bss           0x20000a18        0x0 c:/program files (x86)/gnu tools arm embedded/4.6 2012q4/bin/../lib/gcc/arm-none-eabi/4.6.2/../../../../arm-none-eabi/lib/armv7-m\libg.a(lib_a-fstatr.o)
 .bss           0x20000a18        0x0 c:/program files (x86)/gnu tools arm embedded/4.6 2012q4/bin/../lib/gcc/arm-none-eabi/4.6.2/../../../../arm-none-eabi/lib/armv7-m\libg.a(lib_a-fvwrite.o)
 .bss           0x20000a18        0x0 c:/program files (x86)/gnu tools arm embedded/4.6 2012q4/bin/../lib/gcc/arm-none-eabi/4.6.2/../../../../arm-none-eabi/lib/armv7-m\libg.a(lib_a-isattyr.o)
 .bss           0x20000a18        0x0 c:/program files (x86)/gnu tools arm embedded/4.6 2012q4/bin/../lib/gcc/arm-none-eabi/4.6.2/../../../../arm-none-eabi/lib/armv7-m\libg.a(lib_a-lseekr.o)
 .bss           0x20000a18        0x0 c:/program files (x86)/gnu tools arm embedded/4.6 2012q4/bin/../lib/gcc/arm-none-eabi/4.6.2/../../../../arm-none-eabi/lib/armv7-m\libg.a(lib_a-memmove.o)
 .bss           0x20000a18        0x0 c:/program files (x86)/gnu tools arm embedded/4.6 2012q4/bin/../lib/gcc/arm-none-eabi/4.6.2/../../../../arm-none-eabi/lib/armv7-m\libg.a(lib_a-readr.o)
 .bss           0x20000a18        0x0 c:/program files (x86)/gnu tools arm embedded/4.6 2012q4/bin/../lib/gcc/arm-none-eabi/4.6.2/../../../../arm-none-eabi/lib/armv7-m\libg.a(lib_a-reallocr.o)
 .bss           0x20000a18        0x0 c:/program files (x86)/gnu tools arm embedded/4.6 2012q4/bin/../lib/gcc/arm-none-eabi/4.6.2/../../../../arm-none-eabi/lib/armv7-m\libg.a(lib_a-wbuf.o)
 .bss           0x20000a18        0x0 c:/program files (x86)/gnu tools arm embedded/4.6 2012q4/bin/../lib/gcc/arm-none-eabi/4.6.2/../../../../arm-none-eabi/lib/armv7-m\libg.a(lib_a-wcrtomb.o)
 .bss           0x20000a18        0x0 c:/program files (x86)/gnu tools arm embedded/4.6 2012q4/bin/../lib/gcc/arm-none-eabi/4.6.2/../../../../arm-none-eabi/lib/armv7-m\libg.a(lib_a-wctomb_r.o)
 .bss           0x20000a18        0x0 c:/program files (x86)/gnu tools arm embedded/4.6 2012q4/bin/../lib/gcc/arm-none-eabi/4.6.2/armv7-m\libgcc.a(_arm_addsubdf3.o)
 .bss           0x20000a18        0x0 c:/program files (x86)/gnu tools arm embedded/4.6 2012q4/bin/../lib/gcc/arm-none-eabi/4.6.2/armv7-m\libgcc.a(_arm_muldivdf3.o)
 .bss           0x20000a18        0x0 c:/program files (x86)/gnu tools arm embedded/4.6 2012q4/bin/../lib/gcc/arm-none-eabi/4.6.2/armv7-m\libgcc.a(_arm_cmpdf2.o)
 .bss           0x20000a18        0x0 c:/program files (x86)/gnu tools arm embedded/4.6 2012q4/bin/../lib/gcc/arm-none-eabi/4.6.2/armv7-m\libgcc.a(_arm_fixdfsi.o)
 .bss           0x20000a18        0x0 c:/program files (x86)/gnu tools arm embedded/4.6 2012q4/bin/../lib/gcc/arm-none-eabi/4.6.2/armv7-m\libgcc.a(_aeabi_uldivmod.o)
 .bss           0x20000a18        0x0 c:/program files (x86)/gnu tools arm embedded/4.6 2012q4/bin/../lib/gcc/arm-none-eabi/4.6.2/armv7-m\libgcc.a(bpabi.o)
 .bss           0x20000a18        0x0 c:/program files (x86)/gnu tools arm embedded/4.6 2012q4/bin/../lib/gcc/arm-none-eabi/4.6.2/armv7-m\libgcc.a(_dvmd_tls.o)
 .bss           0x20000a18        0x0 c:/program files (x86)/gnu tools arm embedded/4.6 2012q4/bin/../lib/gcc/arm-none-eabi/4.6.2/armv7-m\libgcc.a(_divdi3.o)
 .bss           0x20000a18        0x0 c:/program files (x86)/gnu tools arm embedded/4.6 2012q4/bin/../lib/gcc/arm-none-eabi/4.6.2/armv7-m\libgcc.a(_udivdi3.o)
 *(COMMON)
 COMMON         0x20000a18        0x4 startup_sam3n.o
                0x20000a18                TimingDelay
 COMMON         0x20000a1c        0xc main.o
                0x20000a1c                uiData
                0x20000a20                ITM_RxBuffer
                0x20000a24                LCD_Data
 COMMON         0x20000a28        0x4 c:/program files (x86)/gnu tools arm embedded/4.6 2012q4/bin/../lib/gcc/arm-none-eabi/4.6.2/../../../../arm-none-eabi/lib/armv7-m\libg.a(lib_a-reent.o)
                0x20000a28                errno
                0x20000a2c                . = ALIGN (0x4)
                0x20000a2c                _ebss = .
                0x20000a2c                _ezero = .

.stack          0x20000a2c      0x804 load address 0x0040a628
                0x20000a30                . = ALIGN (0x8)
 *fill*         0x20000a2c        0x4 00
                0x20000a30                _sstack = .
                0x20001230                . = (. + __stack_size__)
 *fill*         0x20000a30      0x800 00
                0x20001230                . = ALIGN (0x8)
                0x20001230                _estack = .
                0x20001230                . = ALIGN (0x4)
                0x20001230                _end = .
OUTPUT(Lab_1_1.elf elf32-littlearm)

.debug_info     0x00000000     0x2c39
 .debug_info    0x00000000      0x40c startup_sam3n.o
 .debug_info    0x0000040c     0x1319 main.o
 .debug_info    0x00001725      0x6dc newlib_stubs.o
 .debug_info    0x00001e01       0x5c image.o
 .debug_info    0x00001e5d      0x381 ../cm3/SPL/src/pmc.o
 .debug_info    0x000021de      0xa5b ../cm3/SPL/src/pio.o

.debug_abbrev   0x00000000      0x7d4
 .debug_abbrev  0x00000000      0x12f startup_sam3n.o
 .debug_abbrev  0x0000012f      0x295 main.o
 .debug_abbrev  0x000003c4      0x153 newlib_stubs.o
 .debug_abbrev  0x00000517       0x49 image.o
 .debug_abbrev  0x00000560       0xe2 ../cm3/SPL/src/pmc.o
 .debug_abbrev  0x00000642      0x192 ../cm3/SPL/src/pio.o

.debug_loc      0x00000000      0xcac
 .debug_loc     0x00000000       0xbc startup_sam3n.o
 .debug_loc     0x000000bc      0x470 main.o
 .debug_loc     0x0000052c      0x3cc newlib_stubs.o
 .debug_loc     0x000008f8      0x184 ../cm3/SPL/src/pmc.o
 .debug_loc     0x00000a7c      0x230 ../cm3/SPL/src/pio.o

.debug_aranges  0x00000000       0xa0
 .debug_aranges
                0x00000000       0x20 startup_sam3n.o
 .debug_aranges
                0x00000020       0x20 main.o
 .debug_aranges
                0x00000040       0x20 newlib_stubs.o
 .debug_aranges
                0x00000060       0x20 ../cm3/SPL/src/pmc.o
 .debug_aranges
                0x00000080       0x20 ../cm3/SPL/src/pio.o

.debug_line     0x00000000      0x6ef
 .debug_line    0x00000000      0x12c startup_sam3n.o
 .debug_line    0x0000012c      0x27d main.o
 .debug_line    0x000003a9      0x14f newlib_stubs.o
 .debug_line    0x000004f8       0x28 image.o
 .debug_line    0x00000520       0xbc ../cm3/SPL/src/pmc.o
 .debug_line    0x000005dc      0x113 ../cm3/SPL/src/pio.o

.debug_str      0x00000000      0xdde
 .debug_str     0x00000000      0x1f0 startup_sam3n.o
                                0x232 (size before relaxing)
 .debug_str     0x000001f0      0x757 main.o
                                0x8e7 (size before relaxing)
 .debug_str     0x00000947      0x1e2 newlib_stubs.o
                                0x30b (size before relaxing)
 .debug_str     0x00000b29        0x8 image.o
                                 0x9e (size before relaxing)
 .debug_str     0x00000b31      0x1c0 ../cm3/SPL/src/pmc.o
                                0x2df (size before relaxing)
 .debug_str     0x00000cf1       0xed ../cm3/SPL/src/pio.o
                                0x586 (size before relaxing)

.comment        0x00000000       0x70
 .comment       0x00000000       0x70 startup_sam3n.o
                                 0x71 (size before relaxing)
 .comment       0x00000000       0x71 main.o
 .comment       0x00000000       0x71 newlib_stubs.o
 .comment       0x00000000       0x71 image.o
 .comment       0x00000000       0x71 ../cm3/SPL/src/pmc.o
 .comment       0x00000000       0x71 ../cm3/SPL/src/pio.o

.ARM.attributes
                0x00000000       0x33
 .ARM.attributes
                0x00000000       0x33 startup_sam3n.o
 .ARM.attributes
                0x00000033       0x33 main.o
 .ARM.attributes
                0x00000066       0x33 newlib_stubs.o
 .ARM.attributes
                0x00000099       0x33 image.o
 .ARM.attributes
                0x000000cc       0x33 ../cm3/SPL/src/pmc.o
 .ARM.attributes
                0x000000ff       0x33 ../cm3/SPL/src/pio.o
 .ARM.attributes
                0x00000132       0x2d c:/program files (x86)/gnu tools arm embedded/4.6 2012q4/bin/../lib/gcc/arm-none-eabi/4.6.2/../../../../arm-none-eabi/lib/armv7-m\libg.a(lib_a-printf.o)
 .ARM.attributes
                0x0000015f       0x2d c:/program files (x86)/gnu tools arm embedded/4.6 2012q4/bin/../lib/gcc/arm-none-eabi/4.6.2/../../../../arm-none-eabi/lib/armv7-m\libg.a(lib_a-reent.o)
 .ARM.attributes
                0x0000018c       0x2d c:/program files (x86)/gnu tools arm embedded/4.6 2012q4/bin/../lib/gcc/arm-none-eabi/4.6.2/../../../../arm-none-eabi/lib/armv7-m\libg.a(lib_a-vfprintf.o)
 .ARM.attributes
                0x000001b9       0x2d c:/program files (x86)/gnu tools arm embedded/4.6 2012q4/bin/../lib/gcc/arm-none-eabi/4.6.2/../../../../arm-none-eabi/lib/armv7-m\libg.a(lib_a-wsetup.o)
 .ARM.attributes
                0x000001e6       0x2d c:/program files (x86)/gnu tools arm embedded/4.6 2012q4/bin/../lib/gcc/arm-none-eabi/4.6.2/../../../../arm-none-eabi/lib/armv7-m\libg.a(lib_a-dtoa.o)
 .ARM.attributes
                0x00000213       0x2d c:/program files (x86)/gnu tools arm embedded/4.6 2012q4/bin/../lib/gcc/arm-none-eabi/4.6.2/../../../../arm-none-eabi/lib/armv7-m\libg.a(lib_a-fflush.o)
 .ARM.attributes
                0x00000240       0x2d c:/program files (x86)/gnu tools arm embedded/4.6 2012q4/bin/../lib/gcc/arm-none-eabi/4.6.2/../../../../arm-none-eabi/lib/armv7-m\libg.a(lib_a-findfp.o)
 .ARM.attributes
                0x0000026d       0x2d c:/program files (x86)/gnu tools arm embedded/4.6 2012q4/bin/../lib/gcc/arm-none-eabi/4.6.2/../../../../arm-none-eabi/lib/armv7-m\libg.a(lib_a-freer.o)
 .ARM.attributes
                0x0000029a       0x2d c:/program files (x86)/gnu tools arm embedded/4.6 2012q4/bin/../lib/gcc/arm-none-eabi/4.6.2/../../../../arm-none-eabi/lib/armv7-m\libg.a(lib_a-fwalk.o)
 .ARM.attributes
                0x000002c7       0x2d c:/program files (x86)/gnu tools arm embedded/4.6 2012q4/bin/../lib/gcc/arm-none-eabi/4.6.2/../../../../arm-none-eabi/lib/armv7-m\libg.a(lib_a-impure.o)
 .ARM.attributes
                0x000002f4       0x2d c:/program files (x86)/gnu tools arm embedded/4.6 2012q4/bin/../lib/gcc/arm-none-eabi/4.6.2/../../../../arm-none-eabi/lib/armv7-m\libg.a(lib_a-locale.o)
 .ARM.attributes
                0x00000321       0x2d c:/program files (x86)/gnu tools arm embedded/4.6 2012q4/bin/../lib/gcc/arm-none-eabi/4.6.2/../../../../arm-none-eabi/lib/armv7-m\libg.a(lib_a-makebuf.o)
 .ARM.attributes
                0x0000034e       0x2d c:/program files (x86)/gnu tools arm embedded/4.6 2012q4/bin/../lib/gcc/arm-none-eabi/4.6.2/../../../../arm-none-eabi/lib/armv7-m\libg.a(lib_a-mallocr.o)
 .ARM.attributes
                0x0000037b       0x2d c:/program files (x86)/gnu tools arm embedded/4.6 2012q4/bin/../lib/gcc/arm-none-eabi/4.6.2/../../../../arm-none-eabi/lib/armv7-m\libg.a(lib_a-memchr.o)
 .ARM.attributes
                0x000003a8       0x2d c:/program files (x86)/gnu tools arm embedded/4.6 2012q4/bin/../lib/gcc/arm-none-eabi/4.6.2/../../../../arm-none-eabi/lib/armv7-m\libg.a(lib_a-memcpy.o)
 .ARM.attributes
                0x000003d5       0x2d c:/program files (x86)/gnu tools arm embedded/4.6 2012q4/bin/../lib/gcc/arm-none-eabi/4.6.2/../../../../arm-none-eabi/lib/armv7-m\libg.a(lib_a-memset.o)
 .ARM.attributes
                0x00000402       0x2d c:/program files (x86)/gnu tools arm embedded/4.6 2012q4/bin/../lib/gcc/arm-none-eabi/4.6.2/../../../../arm-none-eabi/lib/armv7-m\libg.a(lib_a-mlock.o)
 .ARM.attributes
                0x0000042f       0x2d c:/program files (x86)/gnu tools arm embedded/4.6 2012q4/bin/../lib/gcc/arm-none-eabi/4.6.2/../../../../arm-none-eabi/lib/armv7-m\libg.a(lib_a-mprec.o)
 .ARM.attributes
                0x0000045c       0x2d c:/program files (x86)/gnu tools arm embedded/4.6 2012q4/bin/../lib/gcc/arm-none-eabi/4.6.2/../../../../arm-none-eabi/lib/armv7-m\libg.a(lib_a-s_fpclassify.o)
 .ARM.attributes
                0x00000489       0x2d c:/program files (x86)/gnu tools arm embedded/4.6 2012q4/bin/../lib/gcc/arm-none-eabi/4.6.2/../../../../arm-none-eabi/lib/armv7-m\libg.a(lib_a-sbrkr.o)
 .ARM.attributes
                0x000004b6       0x2d c:/program files (x86)/gnu tools arm embedded/4.6 2012q4/bin/../lib/gcc/arm-none-eabi/4.6.2/../../../../arm-none-eabi/lib/armv7-m\libg.a(lib_a-stdio.o)
 .ARM.attributes
                0x000004e3       0x2d c:/program files (x86)/gnu tools arm embedded/4.6 2012q4/bin/../lib/gcc/arm-none-eabi/4.6.2/../../../../arm-none-eabi/lib/armv7-m\libg.a(lib_a-strcmp.o)
 .ARM.attributes
                0x00000510       0x2d c:/program files (x86)/gnu tools arm embedded/4.6 2012q4/bin/../lib/gcc/arm-none-eabi/4.6.2/../../../../arm-none-eabi/lib/armv7-m\libg.a(lib_a-strlen.o)
 .ARM.attributes
                0x0000053d       0x2d c:/program files (x86)/gnu tools arm embedded/4.6 2012q4/bin/../lib/gcc/arm-none-eabi/4.6.2/../../../../arm-none-eabi/lib/armv7-m\libg.a(lib_a-vfiprintf.o)
 .ARM.attributes
                0x0000056a       0x2d c:/program files (x86)/gnu tools arm embedded/4.6 2012q4/bin/../lib/gcc/arm-none-eabi/4.6.2/../../../../arm-none-eabi/lib/armv7-m\libg.a(lib_a-writer.o)
 .ARM.attributes
                0x00000597       0x2d c:/program files (x86)/gnu tools arm embedded/4.6 2012q4/bin/../lib/gcc/arm-none-eabi/4.6.2/../../../../arm-none-eabi/lib/armv7-m\libg.a(lib_a-callocr.o)
 .ARM.attributes
                0x000005c4       0x2d c:/program files (x86)/gnu tools arm embedded/4.6 2012q4/bin/../lib/gcc/arm-none-eabi/4.6.2/../../../../arm-none-eabi/lib/armv7-m\libg.a(lib_a-closer.o)
 .ARM.attributes
                0x000005f1       0x2d c:/program files (x86)/gnu tools arm embedded/4.6 2012q4/bin/../lib/gcc/arm-none-eabi/4.6.2/../../../../arm-none-eabi/lib/armv7-m\libg.a(lib_a-fclose.o)
 .ARM.attributes
                0x0000061e       0x2d c:/program files (x86)/gnu tools arm embedded/4.6 2012q4/bin/../lib/gcc/arm-none-eabi/4.6.2/../../../../arm-none-eabi/lib/armv7-m\libg.a(lib_a-fputwc.o)
 .ARM.attributes
                0x0000064b       0x2d c:/program files (x86)/gnu tools arm embedded/4.6 2012q4/bin/../lib/gcc/arm-none-eabi/4.6.2/../../../../arm-none-eabi/lib/armv7-m\libg.a(lib_a-fstatr.o)
 .ARM.attributes
                0x00000678       0x2d c:/program files (x86)/gnu tools arm embedded/4.6 2012q4/bin/../lib/gcc/arm-none-eabi/4.6.2/../../../../arm-none-eabi/lib/armv7-m\libg.a(lib_a-fvwrite.o)
 .ARM.attributes
                0x000006a5       0x2d c:/program files (x86)/gnu tools arm embedded/4.6 2012q4/bin/../lib/gcc/arm-none-eabi/4.6.2/../../../../arm-none-eabi/lib/armv7-m\libg.a(lib_a-isattyr.o)
 .ARM.attributes
                0x000006d2       0x2d c:/program files (x86)/gnu tools arm embedded/4.6 2012q4/bin/../lib/gcc/arm-none-eabi/4.6.2/../../../../arm-none-eabi/lib/armv7-m\libg.a(lib_a-lseekr.o)
 .ARM.attributes
                0x000006ff       0x2d c:/program files (x86)/gnu tools arm embedded/4.6 2012q4/bin/../lib/gcc/arm-none-eabi/4.6.2/../../../../arm-none-eabi/lib/armv7-m\libg.a(lib_a-memmove.o)
 .ARM.attributes
                0x0000072c       0x2d c:/program files (x86)/gnu tools arm embedded/4.6 2012q4/bin/../lib/gcc/arm-none-eabi/4.6.2/../../../../arm-none-eabi/lib/armv7-m\libg.a(lib_a-readr.o)
 .ARM.attributes
                0x00000759       0x2d c:/program files (x86)/gnu tools arm embedded/4.6 2012q4/bin/../lib/gcc/arm-none-eabi/4.6.2/../../../../arm-none-eabi/lib/armv7-m\libg.a(lib_a-reallocr.o)
 .ARM.attributes
                0x00000786       0x2d c:/program files (x86)/gnu tools arm embedded/4.6 2012q4/bin/../lib/gcc/arm-none-eabi/4.6.2/../../../../arm-none-eabi/lib/armv7-m\libg.a(lib_a-wbuf.o)
 .ARM.attributes
                0x000007b3       0x2d c:/program files (x86)/gnu tools arm embedded/4.6 2012q4/bin/../lib/gcc/arm-none-eabi/4.6.2/../../../../arm-none-eabi/lib/armv7-m\libg.a(lib_a-wcrtomb.o)
 .ARM.attributes
                0x000007e0       0x2d c:/program files (x86)/gnu tools arm embedded/4.6 2012q4/bin/../lib/gcc/arm-none-eabi/4.6.2/../../../../arm-none-eabi/lib/armv7-m\libg.a(lib_a-wctomb_r.o)
 .ARM.attributes
                0x0000080d       0x1d c:/program files (x86)/gnu tools arm embedded/4.6 2012q4/bin/../lib/gcc/arm-none-eabi/4.6.2/armv7-m\libgcc.a(_arm_addsubdf3.o)
 .ARM.attributes
                0x0000082a       0x1d c:/program files (x86)/gnu tools arm embedded/4.6 2012q4/bin/../lib/gcc/arm-none-eabi/4.6.2/armv7-m\libgcc.a(_arm_muldivdf3.o)
 .ARM.attributes
                0x00000847       0x1d c:/program files (x86)/gnu tools arm embedded/4.6 2012q4/bin/../lib/gcc/arm-none-eabi/4.6.2/armv7-m\libgcc.a(_arm_cmpdf2.o)
 .ARM.attributes
                0x00000864       0x1d c:/program files (x86)/gnu tools arm embedded/4.6 2012q4/bin/../lib/gcc/arm-none-eabi/4.6.2/armv7-m\libgcc.a(_arm_fixdfsi.o)
 .ARM.attributes
                0x00000881       0x1d c:/program files (x86)/gnu tools arm embedded/4.6 2012q4/bin/../lib/gcc/arm-none-eabi/4.6.2/armv7-m\libgcc.a(_aeabi_uldivmod.o)
 .ARM.attributes
                0x0000089e       0x2d c:/program files (x86)/gnu tools arm embedded/4.6 2012q4/bin/../lib/gcc/arm-none-eabi/4.6.2/armv7-m\libgcc.a(bpabi.o)
 .ARM.attributes
                0x000008cb       0x1d c:/program files (x86)/gnu tools arm embedded/4.6 2012q4/bin/../lib/gcc/arm-none-eabi/4.6.2/armv7-m\libgcc.a(_dvmd_tls.o)
 .ARM.attributes
                0x000008e8       0x2d c:/program files (x86)/gnu tools arm embedded/4.6 2012q4/bin/../lib/gcc/arm-none-eabi/4.6.2/armv7-m\libgcc.a(_divdi3.o)
 .ARM.attributes
                0x00000915       0x2d c:/program files (x86)/gnu tools arm embedded/4.6 2012q4/bin/../lib/gcc/arm-none-eabi/4.6.2/armv7-m\libgcc.a(_udivdi3.o)

.debug_frame    0x00000000     0x144c
 .debug_frame   0x00000000       0x7c startup_sam3n.o
 .debug_frame   0x0000007c      0x2a4 main.o
 .debug_frame   0x00000320      0x204 newlib_stubs.o
 .debug_frame   0x00000524       0xf0 ../cm3/SPL/src/pmc.o
 .debug_frame   0x00000614      0x12c ../cm3/SPL/src/pio.o
 .debug_frame   0x00000740       0x5c c:/program files (x86)/gnu tools arm embedded/4.6 2012q4/bin/../lib/gcc/arm-none-eabi/4.6.2/../../../../arm-none-eabi/lib/armv7-m\libg.a(lib_a-printf.o)
 .debug_frame   0x0000079c       0x68 c:/program files (x86)/gnu tools arm embedded/4.6 2012q4/bin/../lib/gcc/arm-none-eabi/4.6.2/../../../../arm-none-eabi/lib/armv7-m\libg.a(lib_a-reent.o)
 .debug_frame   0x00000804       0x58 c:/program files (x86)/gnu tools arm embedded/4.6 2012q4/bin/../lib/gcc/arm-none-eabi/4.6.2/../../../../arm-none-eabi/lib/armv7-m\libg.a(lib_a-vfprintf.o)
 .debug_frame   0x0000085c       0x2c c:/program files (x86)/gnu tools arm embedded/4.6 2012q4/bin/../lib/gcc/arm-none-eabi/4.6.2/../../../../arm-none-eabi/lib/armv7-m\libg.a(lib_a-wsetup.o)
 .debug_frame   0x00000888       0x64 c:/program files (x86)/gnu tools arm embedded/4.6 2012q4/bin/../lib/gcc/arm-none-eabi/4.6.2/../../../../arm-none-eabi/lib/armv7-m\libg.a(lib_a-dtoa.o)
 .debug_frame   0x000008ec       0x40 c:/program files (x86)/gnu tools arm embedded/4.6 2012q4/bin/../lib/gcc/arm-none-eabi/4.6.2/../../../../arm-none-eabi/lib/armv7-m\libg.a(lib_a-fflush.o)
 .debug_frame   0x0000092c      0x120 c:/program files (x86)/gnu tools arm embedded/4.6 2012q4/bin/../lib/gcc/arm-none-eabi/4.6.2/../../../../arm-none-eabi/lib/armv7-m\libg.a(lib_a-findfp.o)
 .debug_frame   0x00000a4c       0x50 c:/program files (x86)/gnu tools arm embedded/4.6 2012q4/bin/../lib/gcc/arm-none-eabi/4.6.2/../../../../arm-none-eabi/lib/armv7-m\libg.a(lib_a-freer.o)
 .debug_frame   0x00000a9c       0x54 c:/program files (x86)/gnu tools arm embedded/4.6 2012q4/bin/../lib/gcc/arm-none-eabi/4.6.2/../../../../arm-none-eabi/lib/armv7-m\libg.a(lib_a-fwalk.o)
 .debug_frame   0x00000af0       0x98 c:/program files (x86)/gnu tools arm embedded/4.6 2012q4/bin/../lib/gcc/arm-none-eabi/4.6.2/../../../../arm-none-eabi/lib/armv7-m\libg.a(lib_a-locale.o)
 .debug_frame   0x00000b88       0x30 c:/program files (x86)/gnu tools arm embedded/4.6 2012q4/bin/../lib/gcc/arm-none-eabi/4.6.2/../../../../arm-none-eabi/lib/armv7-m\libg.a(lib_a-makebuf.o)
 .debug_frame   0x00000bb8       0x38 c:/program files (x86)/gnu tools arm embedded/4.6 2012q4/bin/../lib/gcc/arm-none-eabi/4.6.2/../../../../arm-none-eabi/lib/armv7-m\libg.a(lib_a-mallocr.o)
 .debug_frame   0x00000bf0       0x2c c:/program files (x86)/gnu tools arm embedded/4.6 2012q4/bin/../lib/gcc/arm-none-eabi/4.6.2/../../../../arm-none-eabi/lib/armv7-m\libg.a(lib_a-memchr.o)
 .debug_frame   0x00000c1c       0x2c c:/program files (x86)/gnu tools arm embedded/4.6 2012q4/bin/../lib/gcc/arm-none-eabi/4.6.2/../../../../arm-none-eabi/lib/armv7-m\libg.a(lib_a-memcpy.o)
 .debug_frame   0x00000c48       0x2c c:/program files (x86)/gnu tools arm embedded/4.6 2012q4/bin/../lib/gcc/arm-none-eabi/4.6.2/../../../../arm-none-eabi/lib/armv7-m\libg.a(lib_a-memset.o)
 .debug_frame   0x00000c74       0x30 c:/program files (x86)/gnu tools arm embedded/4.6 2012q4/bin/../lib/gcc/arm-none-eabi/4.6.2/../../../../arm-none-eabi/lib/armv7-m\libg.a(lib_a-mlock.o)
 .debug_frame   0x00000ca4      0x228 c:/program files (x86)/gnu tools arm embedded/4.6 2012q4/bin/../lib/gcc/arm-none-eabi/4.6.2/../../../../arm-none-eabi/lib/armv7-m\libg.a(lib_a-mprec.o)
 .debug_frame   0x00000ecc       0x20 c:/program files (x86)/gnu tools arm embedded/4.6 2012q4/bin/../lib/gcc/arm-none-eabi/4.6.2/../../../../arm-none-eabi/lib/armv7-m\libg.a(lib_a-s_fpclassify.o)
 .debug_frame   0x00000eec       0x2c c:/program files (x86)/gnu tools arm embedded/4.6 2012q4/bin/../lib/gcc/arm-none-eabi/4.6.2/../../../../arm-none-eabi/lib/armv7-m\libg.a(lib_a-sbrkr.o)
 .debug_frame   0x00000f18       0x80 c:/program files (x86)/gnu tools arm embedded/4.6 2012q4/bin/../lib/gcc/arm-none-eabi/4.6.2/../../../../arm-none-eabi/lib/armv7-m\libg.a(lib_a-stdio.o)
 .debug_frame   0x00000f98       0x30 c:/program files (x86)/gnu tools arm embedded/4.6 2012q4/bin/../lib/gcc/arm-none-eabi/4.6.2/../../../../arm-none-eabi/lib/armv7-m\libg.a(lib_a-strcmp.o)
 .debug_frame   0x00000fc8       0x20 c:/program files (x86)/gnu tools arm embedded/4.6 2012q4/bin/../lib/gcc/arm-none-eabi/4.6.2/../../../../arm-none-eabi/lib/armv7-m\libg.a(lib_a-strlen.o)
 .debug_frame   0x00000fe8       0x7c c:/program files (x86)/gnu tools arm embedded/4.6 2012q4/bin/../lib/gcc/arm-none-eabi/4.6.2/../../../../arm-none-eabi/lib/armv7-m\libg.a(lib_a-vfiprintf.o)
 .debug_frame   0x00001064       0x2c c:/program files (x86)/gnu tools arm embedded/4.6 2012q4/bin/../lib/gcc/arm-none-eabi/4.6.2/../../../../arm-none-eabi/lib/armv7-m\libg.a(lib_a-writer.o)
 .debug_frame   0x00001090       0x28 c:/program files (x86)/gnu tools arm embedded/4.6 2012q4/bin/../lib/gcc/arm-none-eabi/4.6.2/../../../../arm-none-eabi/lib/armv7-m\libg.a(lib_a-callocr.o)
 .debug_frame   0x000010b8       0x2c c:/program files (x86)/gnu tools arm embedded/4.6 2012q4/bin/../lib/gcc/arm-none-eabi/4.6.2/../../../../arm-none-eabi/lib/armv7-m\libg.a(lib_a-closer.o)
 .debug_frame   0x000010e4       0x3c c:/program files (x86)/gnu tools arm embedded/4.6 2012q4/bin/../lib/gcc/arm-none-eabi/4.6.2/../../../../arm-none-eabi/lib/armv7-m\libg.a(lib_a-fclose.o)
 .debug_frame   0x00001120       0x50 c:/program files (x86)/gnu tools arm embedded/4.6 2012q4/bin/../lib/gcc/arm-none-eabi/4.6.2/../../../../arm-none-eabi/lib/armv7-m\libg.a(lib_a-fputwc.o)
 .debug_frame   0x00001170       0x2c c:/program files (x86)/gnu tools arm embedded/4.6 2012q4/bin/../lib/gcc/arm-none-eabi/4.6.2/../../../../arm-none-eabi/lib/armv7-m\libg.a(lib_a-fstatr.o)
 .debug_frame   0x0000119c       0x38 c:/program files (x86)/gnu tools arm embedded/4.6 2012q4/bin/../lib/gcc/arm-none-eabi/4.6.2/../../../../arm-none-eabi/lib/armv7-m\libg.a(lib_a-fvwrite.o)
 .debug_frame   0x000011d4       0x2c c:/program files (x86)/gnu tools arm embedded/4.6 2012q4/bin/../lib/gcc/arm-none-eabi/4.6.2/../../../../arm-none-eabi/lib/armv7-m\libg.a(lib_a-isattyr.o)
 .debug_frame   0x00001200       0x2c c:/program files (x86)/gnu tools arm embedded/4.6 2012q4/bin/../lib/gcc/arm-none-eabi/4.6.2/../../../../arm-none-eabi/lib/armv7-m\libg.a(lib_a-lseekr.o)
 .debug_frame   0x0000122c       0x2c c:/program files (x86)/gnu tools arm embedded/4.6 2012q4/bin/../lib/gcc/arm-none-eabi/4.6.2/../../../../arm-none-eabi/lib/armv7-m\libg.a(lib_a-memmove.o)
 .debug_frame   0x00001258       0x2c c:/program files (x86)/gnu tools arm embedded/4.6 2012q4/bin/../lib/gcc/arm-none-eabi/4.6.2/../../../../arm-none-eabi/lib/armv7-m\libg.a(lib_a-readr.o)
 .debug_frame   0x00001284       0x38 c:/program files (x86)/gnu tools arm embedded/4.6 2012q4/bin/../lib/gcc/arm-none-eabi/4.6.2/../../../../arm-none-eabi/lib/armv7-m\libg.a(lib_a-reallocr.o)
 .debug_frame   0x000012bc       0x3c c:/program files (x86)/gnu tools arm embedded/4.6 2012q4/bin/../lib/gcc/arm-none-eabi/4.6.2/../../../../arm-none-eabi/lib/armv7-m\libg.a(lib_a-wbuf.o)
 .debug_frame   0x000012f8       0x58 c:/program files (x86)/gnu tools arm embedded/4.6 2012q4/bin/../lib/gcc/arm-none-eabi/4.6.2/../../../../arm-none-eabi/lib/armv7-m\libg.a(lib_a-wcrtomb.o)
 .debug_frame   0x00001350       0x44 c:/program files (x86)/gnu tools arm embedded/4.6 2012q4/bin/../lib/gcc/arm-none-eabi/4.6.2/../../../../arm-none-eabi/lib/armv7-m\libg.a(lib_a-wctomb_r.o)
 .debug_frame   0x00001394       0x50 c:/program files (x86)/gnu tools arm embedded/4.6 2012q4/bin/../lib/gcc/arm-none-eabi/4.6.2/armv7-m\libgcc.a(bpabi.o)
 .debug_frame   0x000013e4       0x34 c:/program files (x86)/gnu tools arm embedded/4.6 2012q4/bin/../lib/gcc/arm-none-eabi/4.6.2/armv7-m\libgcc.a(_divdi3.o)
 .debug_frame   0x00001418       0x34 c:/program files (x86)/gnu tools arm embedded/4.6 2012q4/bin/../lib/gcc/arm-none-eabi/4.6.2/armv7-m\libgcc.a(_udivdi3.o)