00:15:08 **** Incremental Build of configuration Default for project MMVP_LW1_ATSAM3N4C_LedDisplay ****
make all 

-------- begin --------
arm-none-eabi-gcc -c -g -I. -I ../cm3/include -I ../cm3/boot/inc -I ../cm3/utility/inc -I ../cm3/SPL/inc -D __SAM3N4C__ -mthumb -mcpu=cortex-m3 -O0 -T flash.ld -ggdb startup_sam3n.c -o startup_sam3n.o
arm-none-eabi-gcc -c -g -I. -I ../cm3/include -I ../cm3/boot/inc -I ../cm3/utility/inc -I ../cm3/SPL/inc -D __SAM3N4C__ -mthumb -mcpu=cortex-m3 -O0 -T flash.ld -ggdb main.c -o main.o
arm-none-eabi-gcc -c -g -I. -I ../cm3/include -I ../cm3/boot/inc -I ../cm3/utility/inc -I ../cm3/SPL/inc -D __SAM3N4C__ -mthumb -mcpu=cortex-m3 -O0 -T flash.ld -ggdb ../cm3/SPL/src/pio.c -o ../cm3/SPL/src/pio.o
arm-none-eabi-gcc -g -I. -I ../cm3/include -I ../cm3/boot/inc -I ../cm3/utility/inc -I ../cm3/SPL/inc -D __SAM3N4C__ -mthumb -mcpu=cortex-m3 -O0 -T flash.ld -ggdb startup_sam3n.o main.o ../cm3/SPL/src/pio.o -nostartfiles -Xlinker -oMMVP_LW1_ATSAM3N4C_LedDisplay.elf -Xlinker -M -Xlinker -Map=MMVP_LW1_ATSAM3N4C_LedDisplay.map
arm-none-eabi-objcopy MMVP_LW1_ATSAM3N4C_LedDisplay.elf -O ihex MMVP_LW1_ATSAM3N4C_LedDisplay.hex
arm-none-eabi-size --format=berkeley MMVP_LW1_ATSAM3N4C_LedDisplay.elf
   text	   data	    bss	    dec	    hex	filename
   2352	     24	   2056	   4432	   1150	MMVP_LW1_ATSAM3N4C_LedDisplay.elf
Errors: none

------ Moving output files into Debug folder ------

mv -f startup_sam3n.o main.o ../cm3/SPL/src/pio.o Debug
mv -f MMVP_LW1_ATSAM3N4C_LedDisplay.elf Debug
mv -f MMVP_LW1_ATSAM3N4C_LedDisplay.hex Debug
mv -f MMVP_LW1_ATSAM3N4C_LedDisplay.map Debug
-------- end --------


00:15:09 Build Finished. 0 errors, 0 warnings. (took 1s.317ms)

