Archive member included because of file (symbol)

d:/gnu tools arm embedded/4.9 2015q1/bin/../lib/gcc/arm-none-eabi/4.9.3/armv7e-m\libgcc.a(_arm_addsubdf3.o)
                              ../Libraries/STM32F4-Discovery/src/stm32f4_discovery_lcd.o (__aeabi_ui2d)
d:/gnu tools arm embedded/4.9 2015q1/bin/../lib/gcc/arm-none-eabi/4.9.3/armv7e-m\libgcc.a(_arm_cmpdf2.o)
                              ../Libraries/STM32F4-Discovery/src/stm32f4_discovery_lcd.o (__aeabi_dcmplt)

Allocating common symbols
Common symbol       size              file

TimingDelay         0x4               startup.o
ITM_RxBuffer        0x4               main.o
RCC_Clocks          0x10              main.o

Memory Configuration

Name             Origin             Length             Attributes
FLASH            0x08000000         0x00100000         xr
SRAM             0x20000000         0x00020000         xrw
CCMRAM           0x10000000         0x00010000         xrw
*default*        0x00000000         0xffffffff

Linker script and memory map

LOAD main.o
LOAD startup.o
LOAD Info.o
LOAD ../Libraries/CMSIS/ST/STM32F4xx/Source/Templates/system_stm32f4xx.o
LOAD ../Libraries/STM32F4xx_StdPeriph_Driver/src/stm32f4xx_rcc.o
LOAD ../Libraries/STM32F4xx_StdPeriph_Driver/src/stm32f4xx_gpio.o
LOAD ../Libraries/STM32F4xx_StdPeriph_Driver/src/stm32f4xx_tim.o
LOAD ../Libraries/STM32F4xx_StdPeriph_Driver/src/stm32f4xx_fsmc.o
LOAD ../Libraries/STM32F4-Discovery/src/stm32f4_discovery_lcd.o
LOAD ../Libraries/STM32F4-Discovery/src/fonts.o
START GROUP
LOAD d:/gnu tools arm embedded/4.9 2015q1/bin/../lib/gcc/arm-none-eabi/4.9.3/armv7e-m\libgcc.a
LOAD d:/gnu tools arm embedded/4.9 2015q1/bin/../lib/gcc/arm-none-eabi/4.9.3/../../../../arm-none-eabi/lib/armv7e-m\libg.a
LOAD d:/gnu tools arm embedded/4.9 2015q1/bin/../lib/gcc/arm-none-eabi/4.9.3/../../../../arm-none-eabi/lib/armv7e-m\libc.a
END GROUP

.text           0x08000000    0x366d4
 *(.isr_vector)
 .isr_vector    0x08000000      0x188 startup.o
                0x08000000                g_pfnVectors
 *(.text*)
 .text          0x08000188     0x1270 main.o
                0x080010e0                main
                0x08001254                ShowImage
                0x080012e0                LedStateProcess
 .text          0x080013f8     0x10b8 startup.o
                0x08002350                ResetISR
                0x080023f8                Delay
                0x08002420                ResetTickCountRed
                0x08002438                ResetTickCountGreen
                0x08002450                ResetTickCountBlue
                0x08002468                GetTickCountRed
                0x08002480                GetTickCountGreen
                0x08002498                GetTickCountBlue
 .text          0x080024b0        0x0 Info.o
 .text          0x080024b0     0x11e0 ../Libraries/CMSIS/ST/STM32F4xx/Source/Templates/system_stm32f4xx.o
                0x08003408                SystemInit
                0x08003470                SystemCoreClockUpdate
 .text          0x08003690     0x19d8 ../Libraries/STM32F4xx_StdPeriph_Driver/src/stm32f4xx_rcc.o
                0x080045e8                RCC_DeInit
                0x08004638                RCC_HSEConfig
                0x0800465c                RCC_WaitForHSEStartUp
                0x080046ac                RCC_AdjustHSICalibrationValue
                0x080046e8                RCC_HSICmd
                0x08004708                RCC_LSEConfig
                0x08004748                RCC_LSICmd
                0x08004768                RCC_PLLConfig
                0x080047a4                RCC_PLLCmd
                0x080047c4                RCC_PLLI2SConfig
                0x080047ec                RCC_PLLI2SCmd
                0x0800480c                RCC_ClockSecuritySystemCmd
                0x0800482c                RCC_MCO1Config
                0x08004868                RCC_MCO2Config
                0x080048a4                RCC_SYSCLKConfig
                0x080048dc                RCC_GetSYSCLKSource
                0x080048fc                RCC_HCLKConfig
                0x08004934                RCC_PCLK1Config
                0x0800496c                RCC_PCLK2Config
                0x080049a4                RCC_GetClocksFreq
                0x08004af8                RCC_RTCCLKConfig
                0x08004b54                RCC_RTCCLKCmd
                0x08004b74                RCC_BackupResetCmd
                0x08004b94                RCC_I2SCLKConfig
                0x08004bb0                RCC_AHB1PeriphClockCmd
                0x08004bec                RCC_AHB2PeriphClockCmd
                0x08004c28                RCC_AHB3PeriphClockCmd
                0x08004c64                RCC_APB1PeriphClockCmd
                0x08004ca0                RCC_APB2PeriphClockCmd
                0x08004cdc                RCC_AHB1PeriphResetCmd
                0x08004d18                RCC_AHB2PeriphResetCmd
                0x08004d54                RCC_AHB3PeriphResetCmd
                0x08004d90                RCC_APB1PeriphResetCmd
                0x08004dcc                RCC_APB2PeriphResetCmd
                0x08004e08                RCC_AHB1PeriphClockLPModeCmd
                0x08004e44                RCC_AHB2PeriphClockLPModeCmd
                0x08004e80                RCC_AHB3PeriphClockLPModeCmd
                0x08004ebc                RCC_APB1PeriphClockLPModeCmd
                0x08004ef8                RCC_APB2PeriphClockLPModeCmd
                0x08004f34                RCC_ITConfig
                0x08004f80                RCC_GetFlagStatus
                0x08004ff4                RCC_ClearFlag
                0x08005010                RCC_GetITStatus
                0x08005048                RCC_ClearITPendingBit
 .text          0x08005068     0x13e4 ../Libraries/STM32F4xx_StdPeriph_Driver/src/stm32f4xx_gpio.o
                0x08005fc0                GPIO_DeInit
                0x080060e0                GPIO_Init
                0x080061fc                GPIO_StructInit
                0x08006230                GPIO_PinLockConfig
                0x08006274                GPIO_ReadInputDataBit
                0x080062a8                GPIO_ReadInputData
                0x080062c4                GPIO_ReadOutputDataBit
                0x080062f8                GPIO_ReadOutputData
                0x08006314                GPIO_SetBits
                0x08006330                GPIO_ResetBits
                0x0800634c                GPIO_WriteBit
                0x0800637c                GPIO_Write
                0x08006398                GPIO_ToggleBits
                0x080063bc                GPIO_PinAFConfig
 .text          0x0800644c     0x2b48 ../Libraries/STM32F4xx_StdPeriph_Driver/src/stm32f4xx_tim.o
                0x080073a4                TIM_DeInit
                0x08007560                TIM_TimeBaseInit
                0x08007634                TIM_TimeBaseStructInit
                0x08007668                TIM_PrescalerConfig
                0x08007690                TIM_CounterModeConfig
                0x080076c8                TIM_SetCounter
                0x080076e4                TIM_SetAutoreload
                0x08007700                TIM_GetCounter
                0x08007718                TIM_GetPrescaler
                0x08007734                TIM_UpdateDisableConfig
                0x08007774                TIM_UpdateRequestConfig
                0x080077b4                TIM_ARRPreloadConfig
                0x080077f4                TIM_SelectOnePulseMode
                0x0800782c                TIM_SetClockDivision
                0x08007864                TIM_Cmd
                0x080078a4                TIM_OC1Init
                0x08007998                TIM_OC2Init
                0x08007aa8                TIM_OC3Init
                0x08007bb4                TIM_OC4Init
                0x08007c80                TIM_OCStructInit
                0x08007cc4                TIM_SelectOCxM
                0x08007d74                TIM_SetCompare1
                0x08007d90                TIM_SetCompare2
                0x08007dac                TIM_SetCompare3
                0x08007dc8                TIM_SetCompare4
                0x08007de4                TIM_ForcedOC1Config
                0x08007e1c                TIM_ForcedOC2Config
                0x08007e58                TIM_ForcedOC3Config
                0x08007e90                TIM_ForcedOC4Config
                0x08007ecc                TIM_OC1PreloadConfig
                0x08007f04                TIM_OC2PreloadConfig
                0x08007f40                TIM_OC3PreloadConfig
                0x08007f78                TIM_OC4PreloadConfig
                0x08007fb4                TIM_OC1FastConfig
                0x08007fec                TIM_OC2FastConfig
                0x08008028                TIM_OC3FastConfig
                0x08008060                TIM_OC4FastConfig
                0x0800809c                TIM_ClearOC1Ref
                0x080080d4                TIM_ClearOC2Ref
                0x08008110                TIM_ClearOC3Ref
                0x08008148                TIM_ClearOC4Ref
                0x08008184                TIM_OC1PolarityConfig
                0x080081bc                TIM_OC1NPolarityConfig
                0x080081f4                TIM_OC2PolarityConfig
                0x08008230                TIM_OC2NPolarityConfig
                0x0800826c                TIM_OC3PolarityConfig
                0x080082a8                TIM_OC3NPolarityConfig
                0x080082e4                TIM_OC4PolarityConfig
                0x08008320                TIM_CCxCmd
                0x08008374                TIM_CCxNCmd
                0x080083c8                TIM_ICInit
                0x08008470                TIM_ICStructInit
                0x080084a0                TIM_PWMIConfig
                0x08008558                TIM_GetCapture1
                0x08008570                TIM_GetCapture2
                0x08008588                TIM_GetCapture3
                0x080085a0                TIM_GetCapture4
                0x080085b8                TIM_SetIC1Prescaler
                0x080085f0                TIM_SetIC2Prescaler
                0x0800862c                TIM_SetIC3Prescaler
                0x08008664                TIM_SetIC4Prescaler
                0x080086a0                TIM_BDTRConfig
                0x080086f0                TIM_BDTRStructInit
                0x0800872c                TIM_CtrlPWMOutputs
                0x08008778                TIM_SelectCOM
                0x080087b8                TIM_CCPreloadControl
                0x080087f8                TIM_ITConfig
                0x08008840                TIM_GenerateEvent
                0x0800885c                TIM_GetFlagStatus
                0x08008894                TIM_ClearFlag
                0x080088b4                TIM_GetITStatus
                0x08008908                TIM_ClearITPendingBit
                0x08008928                TIM_DMAConfig
                0x08008950                TIM_DMACmd
                0x08008998                TIM_SelectCCDMA
                0x080089d8                TIM_InternalClockConfig
                0x080089fc                TIM_ITRxExternalClockConfig
                0x08008a28                TIM_TIxExternalClockConfig
                0x08008a88                TIM_ETRClockMode1Config
                0x08008ae4                TIM_ETRClockMode2Config
                0x08008b20                TIM_SelectInputTrigger
                0x08008b58                TIM_SelectOutputTrigger
                0x08008b90                TIM_SelectSlaveMode
                0x08008bc8                TIM_SelectMasterSlaveMode
                0x08008c00                TIM_ETRConfig
                0x08008c54                TIM_EncoderInterfaceConfig
                0x08008cec                TIM_SelectHallSensor
                0x08008d2c                TIM_RemapConfig
 .text          0x08008f94     0x18a4 ../Libraries/STM32F4xx_StdPeriph_Driver/src/stm32f4xx_fsmc.o
                0x08009eec                FSMC_NORSRAMDeInit
                0x08009f44                FSMC_NORSRAMInit
                0x0800a078                FSMC_NORSRAMStructInit
                0x0800a14c                FSMC_NORSRAMCmd
                0x0800a1a0                FSMC_NANDDeInit
                0x0800a1fc                FSMC_NANDInit
                0x0800a2c8                FSMC_NANDStructInit
                0x0800a344                FSMC_NANDCmd
                0x0800a3b0                FSMC_NANDECCCmd
                0x0800a41c                FSMC_GetECC
                0x0800a454                FSMC_PCCARDDeInit
                0x0800a488                FSMC_PCCARDInit
                0x0800a534                FSMC_PCCARDStructInit
                0x0800a5b8                FSMC_PCCARDCmd
                0x0800a5f4                FSMC_ITConfig
                0x0800a694                FSMC_GetFlagStatus
                0x0800a6f8                FSMC_ClearFlag
                0x0800a754                FSMC_GetITStatus
                0x0800a7d4                FSMC_ClearITPendingBit
 .text          0x0800a838     0x27d4 ../Libraries/STM32F4-Discovery/src/stm32f4_discovery_lcd.o
                0x0800b790                LCD_DeInit
                0x0800b9d0                LCD_CtrlLinesConfig
                0x0800bb2c                LCD_FSMCConfig
                0x0800bbac                STM32f4_Discovery_LCD_Init
                0x0800bd1c                LCD_SetCursor
                0x0800bd48                LCD_WriteReg
                0x0800bd78                LCD_ReadReg
                0x0800bda4                LCD_WriteRAM_Prepare
                0x0800bdb8                LCD_WriteRAM
                0x0800bdd8                LCD_ReadRAM
                0x0800bdf0                LCD_RGB_Test
                0x0800be58                LCD_SetColors
                0x0800be8c                LCD_GetColors
                0x0800bebc                LCD_SetTextColor
                0x0800bedc                LCD_SetBackColor
                0x0800befc                LCD_DisplayOff
                0x0800bf08                LCD_DisplayOn
                0x0800bf14                LCD_SetFont
                0x0800bf30                LCD_GetFont
                0x0800bf48                LCD_ClearLine
                0x0800bf84                LCD_Clear
                0x0800c010                LCD_DrawChar
                0x0800c114                LCD_DisplayChar
                0x0800c19c                LCD_DisplayStringLine
                0x0800c1f0                LCD_SetDisplayWindow
                0x0800c288                LCD_WindowModeDisable
                0x0800c294                LCD_DrawLine
                0x0800c330                LCD_DrawRect
                0x0800c3b4                LCD_DrawCircle
                0x0800c580                LCD_DrawMonoPict
                0x0800c604                LCD_WriteBMP
                0x0800c618                LCD_DrawFullRect
                0x0800c6ec                LCD_DrawFullCircle
                0x0800c82c                LCD_DrawUniLine
                0x0800c9a8                LCD_PolyLine
                0x0800caa4                LCD_ClosedPolyLine
                0x0800caf8                LCD_PolyLineRelative
                0x0800cb18                LCD_ClosedPolyLineRelative
                0x0800cb38                LCD_FillPolyLine
                0x0800cfdc                delay
 .text          0x0800d00c        0x0 ../Libraries/STM32F4-Discovery/src/fonts.o
 .text          0x0800d00c      0x370 d:/gnu tools arm embedded/4.9 2015q1/bin/../lib/gcc/arm-none-eabi/4.9.3/armv7e-m\libgcc.a(_arm_addsubdf3.o)
                0x0800d00c                __aeabi_drsub
                0x0800d014                __aeabi_dsub
                0x0800d014                __subdf3
                0x0800d018                __aeabi_dadd
                0x0800d018                __adddf3
                0x0800d290                __floatunsidf
                0x0800d290                __aeabi_ui2d
                0x0800d2b0                __floatsidf
                0x0800d2b0                __aeabi_i2d
                0x0800d2d4                __aeabi_f2d
                0x0800d2d4                __extendsfdf2
                0x0800d310                __floatundidf
                0x0800d310                __aeabi_ul2d
                0x0800d320                __floatdidf
                0x0800d320                __aeabi_l2d
 .text          0x0800d37c      0x110 d:/gnu tools arm embedded/4.9 2015q1/bin/../lib/gcc/arm-none-eabi/4.9.3/armv7e-m\libgcc.a(_arm_cmpdf2.o)
                0x0800d37c                __gtdf2
                0x0800d37c                __gedf2
                0x0800d384                __ltdf2
                0x0800d384                __ledf2
                0x0800d38c                __nedf2
                0x0800d38c                __eqdf2
                0x0800d38c                __cmpdf2
                0x0800d408                __aeabi_cdrcmple
                0x0800d418                __aeabi_cdcmpeq
                0x0800d418                __aeabi_cdcmple
                0x0800d428                __aeabi_dcmpeq
                0x0800d43c                __aeabi_dcmplt
                0x0800d450                __aeabi_dcmple
                0x0800d464                __aeabi_dcmpge
                0x0800d478                __aeabi_dcmpgt
 *(.rodata*)
 .rodata        0x0800d48c    0x25808 Info.o
                0x0800d48c                gImage_Info
 .rodata        0x08032c94     0x3a40 ../Libraries/STM32F4-Discovery/src/fonts.o
                0x08032c94                ASCII16x24_Table
                0x08034ac4                ASCII12x12_Table
                0x080353c4                ASCII8x12_Table
                0x08035cc4                ASCII8x8_Table
 *(.eh_frame)
                0x080366d4                _etext = .

.glue_7         0x080366d4        0x0
 .glue_7        0x00000000        0x0 linker stubs

.glue_7t        0x080366d4        0x0
 .glue_7t       0x00000000        0x0 linker stubs

.vfp11_veneer   0x080366d4        0x0
 .vfp11_veneer  0x00000000        0x0 linker stubs

.v4_bx          0x080366d4        0x0
 .v4_bx         0x00000000        0x0 linker stubs

.iplt           0x080366d4        0x0
 .iplt          0x00000000        0x0 main.o

.rel.dyn        0x080366d4        0x0
 .rel.iplt      0x00000000        0x0 main.o

.ARM            0x080366d4        0x0
                0x080366d4                __exidx_start = .
 *(.ARM.exidx*)
                0x080366d4                __exidx_end = .
                0x080366d4                _sidata = .

.data           0x20000000       0x78 load address 0x080366d4
                0x20000000                . = ALIGN (0x4)
                0x20000000                _sdata = .
 *(.data*)
 .data          0x20000000       0x30 main.o
 .data          0x20000030        0x0 startup.o
 .data          0x20000030        0x0 Info.o
 .data          0x20000030       0x14 ../Libraries/CMSIS/ST/STM32F4xx/Source/Templates/system_stm32f4xx.o
                0x20000030                SystemCoreClock
                0x20000034                AHBPrescTable
 .data          0x20000044       0x10 ../Libraries/STM32F4xx_StdPeriph_Driver/src/stm32f4xx_rcc.o
 .data          0x20000054        0x0 ../Libraries/STM32F4xx_StdPeriph_Driver/src/stm32f4xx_gpio.o
 .data          0x20000054        0x0 ../Libraries/STM32F4xx_StdPeriph_Driver/src/stm32f4xx_tim.o
 .data          0x20000054        0x0 ../Libraries/STM32F4xx_StdPeriph_Driver/src/stm32f4xx_fsmc.o
 .data          0x20000054        0x2 ../Libraries/STM32F4-Discovery/src/stm32f4_discovery_lcd.o
 *fill*         0x20000056        0x2 
 .data          0x20000058       0x20 ../Libraries/STM32F4-Discovery/src/fonts.o
                0x20000058                Font16x24
                0x20000060                Font12x12
                0x20000068                Font8x12
                0x20000070                Font8x8
 .data          0x20000078        0x0 d:/gnu tools arm embedded/4.9 2015q1/bin/../lib/gcc/arm-none-eabi/4.9.3/armv7e-m\libgcc.a(_arm_addsubdf3.o)
 .data          0x20000078        0x0 d:/gnu tools arm embedded/4.9 2015q1/bin/../lib/gcc/arm-none-eabi/4.9.3/armv7e-m\libgcc.a(_arm_cmpdf2.o)
                0x20000078                _edata = .

.igot.plt       0x20000078        0x0 load address 0x0803674c
 .igot.plt      0x00000000        0x0 main.o

.bss            0x20000078      0x228 load address 0x0803674c
                0x20000078                . = ALIGN (0x4)
                0x20000078                _sbss = .
 *(COMMON)
 COMMON         0x20000078       0x14 main.o
                0x20000078                ITM_RxBuffer
                0x2000007c                RCC_Clocks
 COMMON         0x2000008c        0x4 startup.o
                0x2000008c                TimingDelay
 *(.bss*)
 .bss           0x20000090       0x1c main.o
                0x200000a4                InfoImage_coor
 .bss           0x200000ac      0x1ec startup.o
                0x2000028c                tickRed
                0x20000290                tickGreen
                0x20000294                tickBlue
 .bss           0x20000298        0x0 Info.o
 .bss           0x20000298        0x0 ../Libraries/CMSIS/ST/STM32F4xx/Source/Templates/system_stm32f4xx.o
 .bss           0x20000298        0x0 ../Libraries/STM32F4xx_StdPeriph_Driver/src/stm32f4xx_rcc.o
 .bss           0x20000298        0x0 ../Libraries/STM32F4xx_StdPeriph_Driver/src/stm32f4xx_gpio.o
 .bss           0x20000298        0x0 ../Libraries/STM32F4xx_StdPeriph_Driver/src/stm32f4xx_tim.o
 .bss           0x20000298        0x0 ../Libraries/STM32F4xx_StdPeriph_Driver/src/stm32f4xx_fsmc.o
 .bss           0x20000298        0x8 ../Libraries/STM32F4-Discovery/src/stm32f4_discovery_lcd.o
 .bss           0x200002a0        0x0 ../Libraries/STM32F4-Discovery/src/fonts.o
 .bss           0x200002a0        0x0 d:/gnu tools arm embedded/4.9 2015q1/bin/../lib/gcc/arm-none-eabi/4.9.3/armv7e-m\libgcc.a(_arm_addsubdf3.o)
 .bss           0x200002a0        0x0 d:/gnu tools arm embedded/4.9 2015q1/bin/../lib/gcc/arm-none-eabi/4.9.3/armv7e-m\libgcc.a(_arm_cmpdf2.o)
                0x200002a0                _ebss = .

.ccmem
 *(.ccm)
OUTPUT(MMVP_LW0_PWM.elf elf32-littlearm)

.debug_info     0x00000000    0x14aea
 .debug_info    0x00000000     0x264f main.o
 .debug_info    0x0000264f     0x2123 startup.o
 .debug_info    0x00004772       0x55 Info.o
 .debug_info    0x000047c7     0x2278 ../Libraries/CMSIS/ST/STM32F4xx/Source/Templates/system_stm32f4xx.o
 .debug_info    0x00006a3f     0x2ab2 ../Libraries/STM32F4xx_StdPeriph_Driver/src/stm32f4xx_rcc.o
 .debug_info    0x000094f1     0x2461 ../Libraries/STM32F4xx_StdPeriph_Driver/src/stm32f4xx_gpio.o
 .debug_info    0x0000b952     0x3ad1 ../Libraries/STM32F4xx_StdPeriph_Driver/src/stm32f4xx_tim.o
 .debug_info    0x0000f423     0x2770 ../Libraries/STM32F4xx_StdPeriph_Driver/src/stm32f4xx_fsmc.o
 .debug_info    0x00011b93     0x2db9 ../Libraries/STM32F4-Discovery/src/stm32f4_discovery_lcd.o
 .debug_info    0x0001494c      0x19e ../Libraries/STM32F4-Discovery/src/fonts.o

.debug_abbrev   0x00000000     0x1755
 .debug_abbrev  0x00000000      0x2cd main.o
 .debug_abbrev  0x000002cd      0x2b4 startup.o
 .debug_abbrev  0x00000581       0x45 Info.o
 .debug_abbrev  0x000005c6      0x26c ../Libraries/CMSIS/ST/STM32F4xx/Source/Templates/system_stm32f4xx.o
 .debug_abbrev  0x00000832      0x30a ../Libraries/STM32F4xx_StdPeriph_Driver/src/stm32f4xx_rcc.o
 .debug_abbrev  0x00000b3c      0x2d1 ../Libraries/STM32F4xx_StdPeriph_Driver/src/stm32f4xx_gpio.o
 .debug_abbrev  0x00000e0d      0x2be ../Libraries/STM32F4xx_StdPeriph_Driver/src/stm32f4xx_tim.o
 .debug_abbrev  0x000010cb      0x2bc ../Libraries/STM32F4xx_StdPeriph_Driver/src/stm32f4xx_fsmc.o
 .debug_abbrev  0x00001387      0x339 ../Libraries/STM32F4-Discovery/src/stm32f4_discovery_lcd.o
 .debug_abbrev  0x000016c0       0x95 ../Libraries/STM32F4-Discovery/src/fonts.o

.debug_aranges  0x00000000      0x130
 .debug_aranges
                0x00000000       0x20 main.o
 .debug_aranges
                0x00000020       0x20 startup.o
 .debug_aranges
                0x00000040       0x18 Info.o
 .debug_aranges
                0x00000058       0x20 ../Libraries/CMSIS/ST/STM32F4xx/Source/Templates/system_stm32f4xx.o
 .debug_aranges
                0x00000078       0x20 ../Libraries/STM32F4xx_StdPeriph_Driver/src/stm32f4xx_rcc.o
 .debug_aranges
                0x00000098       0x20 ../Libraries/STM32F4xx_StdPeriph_Driver/src/stm32f4xx_gpio.o
 .debug_aranges
                0x000000b8       0x20 ../Libraries/STM32F4xx_StdPeriph_Driver/src/stm32f4xx_tim.o
 .debug_aranges
                0x000000d8       0x20 ../Libraries/STM32F4xx_StdPeriph_Driver/src/stm32f4xx_fsmc.o
 .debug_aranges
                0x000000f8       0x20 ../Libraries/STM32F4-Discovery/src/stm32f4_discovery_lcd.o
 .debug_aranges
                0x00000118       0x18 ../Libraries/STM32F4-Discovery/src/fonts.o

.debug_line     0x00000000     0x3168
 .debug_line    0x00000000      0x4f3 main.o
 .debug_line    0x000004f3      0x461 startup.o
 .debug_line    0x00000954       0x27 Info.o
 .debug_line    0x0000097b      0x4bb ../Libraries/CMSIS/ST/STM32F4xx/Source/Templates/system_stm32f4xx.o
 .debug_line    0x00000e36      0x602 ../Libraries/STM32F4xx_StdPeriph_Driver/src/stm32f4xx_rcc.o
 .debug_line    0x00001438      0x525 ../Libraries/STM32F4xx_StdPeriph_Driver/src/stm32f4xx_gpio.o
 .debug_line    0x0000195d      0x859 ../Libraries/STM32F4xx_StdPeriph_Driver/src/stm32f4xx_tim.o
 .debug_line    0x000021b6      0x5e3 ../Libraries/STM32F4xx_StdPeriph_Driver/src/stm32f4xx_fsmc.o
 .debug_line    0x00002799      0x8b8 ../Libraries/STM32F4-Discovery/src/stm32f4_discovery_lcd.o
 .debug_line    0x00003051      0x117 ../Libraries/STM32F4-Discovery/src/fonts.o

.debug_str      0x00000000     0x2f3e
 .debug_str     0x00000000     0x1144 main.o
                               0x11d9 (size before relaxing)
 .debug_str     0x00001144      0x120 startup.o
                                0xe4e (size before relaxing)
 .debug_str     0x00001264        0x7 Info.o
                                 0xd2 (size before relaxing)
 .debug_str     0x0000126b      0x18e ../Libraries/CMSIS/ST/STM32F4xx/Source/Templates/system_stm32f4xx.o
                                0xede (size before relaxing)
 .debug_str     0x000013f9      0x519 ../Libraries/STM32F4xx_StdPeriph_Driver/src/stm32f4xx_rcc.o
                               0x13cd (size before relaxing)
 .debug_str     0x00001912      0x186 ../Libraries/STM32F4xx_StdPeriph_Driver/src/stm32f4xx_gpio.o
                               0x105c (size before relaxing)
 .debug_str     0x00001a98      0x9c9 ../Libraries/STM32F4xx_StdPeriph_Driver/src/stm32f4xx_tim.o
                               0x194d (size before relaxing)
 .debug_str     0x00002461      0x5c5 ../Libraries/STM32F4xx_StdPeriph_Driver/src/stm32f4xx_fsmc.o
                               0x134b (size before relaxing)
 .debug_str     0x00002a26      0x491 ../Libraries/STM32F4-Discovery/src/stm32f4_discovery_lcd.o
                               0x1576 (size before relaxing)
 .debug_str     0x00002eb7       0x87 ../Libraries/STM32F4-Discovery/src/fonts.o
                                0x1fa (size before relaxing)

.comment        0x00000000       0x70
 .comment       0x00000000       0x70 main.o
                                 0x71 (size before relaxing)
 .comment       0x00000000       0x71 startup.o
 .comment       0x00000000       0x71 Info.o
 .comment       0x00000000       0x71 ../Libraries/CMSIS/ST/STM32F4xx/Source/Templates/system_stm32f4xx.o
 .comment       0x00000000       0x71 ../Libraries/STM32F4xx_StdPeriph_Driver/src/stm32f4xx_rcc.o
 .comment       0x00000000       0x71 ../Libraries/STM32F4xx_StdPeriph_Driver/src/stm32f4xx_gpio.o
 .comment       0x00000000       0x71 ../Libraries/STM32F4xx_StdPeriph_Driver/src/stm32f4xx_tim.o
 .comment       0x00000000       0x71 ../Libraries/STM32F4xx_StdPeriph_Driver/src/stm32f4xx_fsmc.o
 .comment       0x00000000       0x71 ../Libraries/STM32F4-Discovery/src/stm32f4_discovery_lcd.o
 .comment       0x00000000       0x71 ../Libraries/STM32F4-Discovery/src/fonts.o

.ARM.attributes
                0x00000000       0x37
 .ARM.attributes
                0x00000000       0x37 main.o
 .ARM.attributes
                0x00000037       0x37 startup.o
 .ARM.attributes
                0x0000006e       0x37 Info.o
 .ARM.attributes
                0x000000a5       0x37 ../Libraries/CMSIS/ST/STM32F4xx/Source/Templates/system_stm32f4xx.o
 .ARM.attributes
                0x000000dc       0x37 ../Libraries/STM32F4xx_StdPeriph_Driver/src/stm32f4xx_rcc.o
 .ARM.attributes
                0x00000113       0x37 ../Libraries/STM32F4xx_StdPeriph_Driver/src/stm32f4xx_gpio.o
 .ARM.attributes
                0x0000014a       0x37 ../Libraries/STM32F4xx_StdPeriph_Driver/src/stm32f4xx_tim.o
 .ARM.attributes
                0x00000181       0x37 ../Libraries/STM32F4xx_StdPeriph_Driver/src/stm32f4xx_fsmc.o
 .ARM.attributes
                0x000001b8       0x37 ../Libraries/STM32F4-Discovery/src/stm32f4_discovery_lcd.o
 .ARM.attributes
                0x000001ef       0x37 ../Libraries/STM32F4-Discovery/src/fonts.o
 .ARM.attributes
                0x00000226       0x1e d:/gnu tools arm embedded/4.9 2015q1/bin/../lib/gcc/arm-none-eabi/4.9.3/armv7e-m\libgcc.a(_arm_addsubdf3.o)
 .ARM.attributes
                0x00000244       0x1e d:/gnu tools arm embedded/4.9 2015q1/bin/../lib/gcc/arm-none-eabi/4.9.3/armv7e-m\libgcc.a(_arm_cmpdf2.o)

.debug_frame    0x00000000     0xa5b0
 .debug_frame   0x00000000     0x10d0 main.o
 .debug_frame   0x000010d0     0x11c0 startup.o
 .debug_frame   0x00002290     0x10d4 ../Libraries/CMSIS/ST/STM32F4xx/Source/Templates/system_stm32f4xx.o
 .debug_frame   0x00003364     0x172c ../Libraries/STM32F4xx_StdPeriph_Driver/src/stm32f4xx_rcc.o
 .debug_frame   0x00004a90     0x1294 ../Libraries/STM32F4xx_StdPeriph_Driver/src/stm32f4xx_gpio.o
 .debug_frame   0x00005d24     0x1eac ../Libraries/STM32F4xx_StdPeriph_Driver/src/stm32f4xx_tim.o
 .debug_frame   0x00007bd0     0x1358 ../Libraries/STM32F4xx_StdPeriph_Driver/src/stm32f4xx_fsmc.o
 .debug_frame   0x00008f28     0x1688 ../Libraries/STM32F4-Discovery/src/stm32f4_discovery_lcd.o
